[  2%] Built target bx
[  3%] Built target spirv-cross
[  8%] Built target glslang
[  8%] Building CXX object CMakeFiles/engine_state.dir/Source/Core/FixtureState.cpp.o
[ 32%] Built target SDL3-static
[ 34%] Built target bimg
[ 34%] Built target engine_imgui
[ 34%] Linking CXX static library libengine_state.a
[ 34%] Built target engine_state
[ 37%] Built target bgfx
[ 60%] Built target spirv-opt
[ 97%] Built target tint
[ 98%] Built target shaderc
[100%] Built target engine_shaders
[100%] Building CXX object CMakeFiles/engine_workbench.dir/Source/Platform/Window.cpp.o
[100%] Building CXX object CMakeFiles/engine_workbench.dir/Source/Rendering/Renderer.cpp.o
[100%] Building CXX object CMakeFiles/engine_workbench.dir/Apps/Workbench/main.cpp.o
[100%] Building CXX object CMakeFiles/engine_workbench.dir/Source/Rendering/InspectorRenderer.cpp.o
[100%] Linking CXX executable engine_workbench
ld: warning: ignoring duplicate libraries: 'bgfx/cmake/bx/libbx.a'
[100%] Built target engine_workbench
Built target engine_state
Building CXX object CMakeFiles/engine_state_tests.dir/Tests/FixtureStateTests.cpp.o
Linking CXX executable engine_state_tests
Built target engine_state_tests
