[  1%] Built target engine_core
[  2%] Built target bx
[  3%] Built target spirv-cross
[  7%] Built target glslang
[ 31%] Built target SDL3-static
[ 33%] Built target bimg
[ 33%] Built target engine_texture_data
[ 34%] Built target engine_state
[ 35%] Built target engine_imgui
[ 35%] Building CXX object CMakeFiles/engine_simulation.dir/Source/Simulation/Actions.cpp.o
[ 37%] Built target bgfx
[ 60%] Built target spirv-opt
[ 96%] Built target tint
[ 97%] Built target shaderc
[ 98%] Built target engine_shaders
[ 98%] Linking CXX static library libengine_simulation.a
[ 98%] Built target engine_simulation
[100%] Building CXX object CMakeFiles/engine_workbench.dir/Apps/Workbench/main.cpp.o
[100%] Building CXX object CMakeFiles/engine_workbench.dir/Source/Platform/ActionInput.cpp.o
[100%] Linking CXX executable engine_workbench
ld: warning: ignoring duplicate libraries: 'bgfx/cmake/bx/libbx.a'
[100%] Built target engine_workbench
Built target engine_core
Built target engine_simulation
Building CXX object CMakeFiles/engine_simulation_tests.dir/Tests/SimulationTests.cpp.o
Linking CXX executable engine_simulation_tests
Built target engine_simulation_tests
