[  0%] Built target engine_core
[  6%] Built target ozz_base
[  6%] Built target engine_texture_data
[  6%] Built target engine_simulation
[ 13%] Built target ozz_animation
[ 20%] Built target ozz_animation_offline
[ 20%] Built target engine_animation
[ 20%] Built target engine_world
[ 86%] Built target Jolt
[ 93%] Built target engine_physics
[ 93%] Built target engine_game
[100%] Building CXX object CMakeFiles/engine_world_save.dir/Source/Game/WorldSession.cpp.o
[100%] Linking CXX static library libengine_world_save.a
[100%] Built target engine_world_save
[100%] Building CXX object CMakeFiles/engine_world_session_tests.dir/Tests/WorldSessionTests.cpp.o
[100%] Linking CXX executable engine_world_session_tests
[100%] Built target engine_world_session_tests
[  0%] Built target engine_miniaudio
[  0%] Built target engine_core
[  1%] Built target ozz_base
[  2%] Built target bx
[  3%] Built target spirv-cross
[  5%] Built target bimg
[  5%] Built target engine_texture_data
[  5%] Built target engine_state
[ 17%] Built target Jolt
[ 17%] Built target engine_simulation
[ 21%] Built target glslang
[ 22%] Built target engine_physics
[ 24%] Built target ozz_animation
[ 24%] Built target engine_audio
[ 25%] Built target ozz_animation_offline
[ 25%] Built target engine_animation
[ 25%] Built target engine_game
[ 25%] Built target engine_world
[ 27%] Built target bgfx
[ 28%] Built target engine_world_save
[ 48%] Built target SDL3-static
[ 48%] Built target engine_imgui
[ 48%] Built target engine_platform
[ 48%] Built target engine_rendering
[ 48%] Built target engine_stream_scene
[ 66%] Built target spirv-opt
[ 97%] Built target tint
[ 98%] Built target shaderc
[100%] Built target engine_shaders
[100%] Building CXX object CMakeFiles/engine_workbench.dir/Apps/Workbench/main.cpp.o
In file included from /Users/worldbuilder/Desktop/Booter & BigARM/Engine/Apps/Workbench/main.cpp:1:
In file included from /Users/worldbuilder/Desktop/Booter & BigARM/Engine/Source/Rendering/StreamingScene.h:4:
In file included from /Users/worldbuilder/Desktop/Booter & BigARM/Engine/Source/World/Streaming/RegionStream.h:4:
/Users/worldbuilder/Desktop/Booter & BigARM/Engine/Source/Core/BoundedJobs.h:93:10: warning: misleading indentation; statement is not part of the previous 'for' [-Wmisleading-indentation]
   93 |         }return {};
      |          ^
/Users/worldbuilder/Desktop/Booter & BigARM/Engine/Source/Core/BoundedJobs.h:91:9: note: previous statement is here
   91 |         for(const auto& e:entries_)if(e->done&&!e->cancelled->load()&&budget.admit(e->bytes)){
      |         ^
1 warning generated.
[100%] Linking CXX executable engine_workbench
[100%] Built target engine_workbench
[  0%] Built target engine_miniaudio
[  0%] Built target engine_core
[  1%] Built target bx
[  2%] Built target ozz_base
[  3%] Built target spirv-cross
[  5%] Built target bimg
[ 10%] Built target glslang
[ 10%] Built target engine_texture_data
[ 10%] Built target engine_state
[ 10%] Built target engine_simulation
[ 10%] Built target engine_audio
[ 11%] Built target ozz_animation
[ 31%] Built target SDL3-static
[ 33%] Built target bgfx
[ 34%] Built target ozz_animation_offline
[ 34%] Built target engine_platform
[ 34%] Built target engine_animation
[ 45%] Built target Jolt
[ 45%] Built target engine_rendering
[ 45%] Built target engine_world
[ 47%] Built target engine_physics
[ 47%] Built target engine_game
[ 47%] Built target engine_stream_scene
[ 48%] Built target engine_world_save
[ 66%] Built target spirv-opt
[ 97%] Built target tint
[ 98%] Built target shaderc
[100%] Built target engine_shaders
[100%] Building CXX object CMakeFiles/engine_player.dir/Apps/Game/main.cpp.o
[100%] Linking CXX executable engine_player
[100%] Built target engine_player
