-- The C compiler identification is AppleClang 21.0.0.21000101
-- The CXX compiler identification is AppleClang 21.0.0.21000101
-- Detecting C compiler ABI info
-- Detecting C compiler ABI info - done
-- Check for working C compiler: /Applications/Xcode.app/Contents/Developer/Toolchains/XcodeDefault.xctoolchain/usr/bin/cc - skipped
-- Detecting C compile features
-- Detecting C compile features - done
-- Detecting CXX compiler ABI info
-- Detecting CXX compiler ABI info - done
-- Check for working CXX compiler: /Applications/Xcode.app/Contents/Developer/Toolchains/XcodeDefault.xctoolchain/usr/bin/c++ - skipped
-- Detecting CXX compile features
-- Detecting CXX compile features - done
-- Found Python3: /opt/homebrew/Frameworks/Python.framework/Versions/3.13/bin/python3.13 (found suitable version "3.13.2", minimum required is "3.9") found components: Interpreter 
Verified 6 exact source archives and extracted trees
-- Found PkgConfig: /opt/homebrew/bin/pkg-config (found version "2.5.1") 
-- The OBJC compiler identification is AppleClang 21.0.0.21000101
-- Detecting OBJC compiler ABI info
-- Detecting OBJC compiler ABI info - done
-- Check for working OBJC compiler: /Applications/Xcode.app/Contents/Developer/Toolchains/XcodeDefault.xctoolchain/usr/bin/cc - skipped
-- Detecting Target CPU Architecture
-- Detecting Target CPU Architecture - ARM64
-- Performing Test HAVE_GCC_WALL
-- Performing Test HAVE_GCC_WALL - Success
-- Performing Test HAVE_GCC_WUNDEF
-- Performing Test HAVE_GCC_WUNDEF - Success
-- Performing Test HAVE_GCC_WFLOAT_CONVERSION
-- Performing Test HAVE_GCC_WFLOAT_CONVERSION - Success
-- Performing Test HAVE_GCC_NO_STRICT_ALIASING
-- Performing Test HAVE_GCC_NO_STRICT_ALIASING - Success
-- Performing Test HAVE_GCC_WDOCUMENTATION
-- Performing Test HAVE_GCC_WDOCUMENTATION - Success
-- Performing Test HAVE_GCC_WDOCUMENTATION_UNKNOWN_COMMAND
-- Performing Test HAVE_GCC_WDOCUMENTATION_UNKNOWN_COMMAND - Success
-- Performing Test HAVE_GCC_COMMENT_BLOCK_COMMANDS
-- Performing Test HAVE_GCC_COMMENT_BLOCK_COMMANDS - Success
-- Performing Test HAVE_GCC_WSHADOW
-- Performing Test HAVE_GCC_WSHADOW - Success
-- Performing Test HAVE_GCC_WUNUSED_LOCAL_TYPEDEFS
-- Performing Test HAVE_GCC_WUNUSED_LOCAL_TYPEDEFS - Success
-- Performing Test HAVE_GCC_WIMPLICIT_FALLTHROUGH
-- Performing Test HAVE_GCC_WIMPLICIT_FALLTHROUGH - Success
-- Performing Test COMPILER_SUPPORTS_FCOLOR_DIAGNOSTICS
-- Performing Test COMPILER_SUPPORTS_FCOLOR_DIAGNOSTICS - Success
-- Looking for __GLIBC__
-- Looking for __GLIBC__ - not found
-- Linker identification: GNUlike
-- Performing Test HAVE_WL_VERSION_SCRIPT
-- Performing Test HAVE_WL_VERSION_SCRIPT - Failed
-- Performing Test COMPILER_SUPPORTS_GCC_ATOMICS
-- Performing Test COMPILER_SUPPORTS_GCC_ATOMICS - Success
-- Performing Test HAVE_GCC_FVISIBILITY
-- Performing Test HAVE_GCC_FVISIBILITY - Success
-- Performing Test COMPILER_SUPPORTS_WNO_ERROR_DEPRECATED_DECLARATIONS
-- Performing Test COMPILER_SUPPORTS_WNO_ERROR_DEPRECATED_DECLARATIONS - Success
-- Performing Test COMPILER_SUPPORTS_WNO_DEPRECATED_DECLARATIONS
-- Performing Test COMPILER_SUPPORTS_WNO_DEPRECATED_DECLARATIONS - Success
-- Performing Test LINKER_SUPPORTS_WL_NO_UNDEFINED
-- Performing Test LINKER_SUPPORTS_WL_NO_UNDEFINED - Failed
-- Performing Test COMPILER_SUPPORTS_ARMNEON
-- Performing Test COMPILER_SUPPORTS_ARMNEON - Success
-- Looking for alloca.h
-- Looking for alloca.h - found
-- Looking for float.h
-- Looking for float.h - found
-- Looking for iconv.h
-- Looking for iconv.h - found
-- Looking for inttypes.h
-- Looking for inttypes.h - found
-- Looking for limits.h
-- Looking for limits.h - found
-- Looking for malloc.h
-- Looking for malloc.h - not found
-- Looking for math.h
-- Looking for math.h - found
-- Looking for memory.h
-- Looking for memory.h - found
-- Looking for signal.h
-- Looking for signal.h - found
-- Looking for stdarg.h
-- Looking for stdarg.h - found
-- Looking for stdbool.h
-- Looking for stdbool.h - found
-- Looking for stddef.h
-- Looking for stddef.h - found
-- Looking for stdint.h
-- Looking for stdint.h - found
-- Looking for stdio.h
-- Looking for stdio.h - found
-- Looking for stdlib.h
-- Looking for stdlib.h - found
-- Looking for string.h
-- Looking for string.h - found
-- Looking for strings.h
-- Looking for strings.h - found
-- Looking for sys/types.h
-- Looking for sys/types.h - found
-- Looking for time.h
-- Looking for time.h - found
-- Looking for wchar.h
-- Looking for wchar.h - found
-- Looking for pow in m
-- Looking for pow in m - found
-- Looking for abs
-- Looking for abs - found
-- Looking for acos
-- Looking for acos - found
-- Looking for acosf
-- Looking for acosf - found
-- Looking for asin
-- Looking for asin - found
-- Looking for asinf
-- Looking for asinf - found
-- Looking for atan
-- Looking for atan - found
-- Looking for atan2
-- Looking for atan2 - found
-- Looking for atan2f
-- Looking for atan2f - found
-- Looking for atanf
-- Looking for atanf - found
-- Looking for atof
-- Looking for atof - found
-- Looking for atoi
-- Looking for atoi - found
-- Looking for bcopy
-- Looking for bcopy - found
-- Looking for ceil
-- Looking for ceil - found
-- Looking for ceilf
-- Looking for ceilf - found
-- Looking for copysign
-- Looking for copysign - found
-- Looking for copysignf
-- Looking for copysignf - found
-- Looking for cos
-- Looking for cos - found
-- Looking for cosf
-- Looking for cosf - found
-- Looking for _Exit
-- Looking for _Exit - found
-- Looking for exp
-- Looking for exp - found
-- Looking for expf
-- Looking for expf - found
-- Looking for fabs
-- Looking for fabs - found
-- Looking for fabsf
-- Looking for fabsf - found
-- Looking for floor
-- Looking for floor - found
-- Looking for floorf
-- Looking for floorf - found
-- Looking for fmod
-- Looking for fmod - found
-- Looking for fmodf
-- Looking for fmodf - found
-- Looking for fopen64
-- Looking for fopen64 - not found
-- Looking for fseeko
-- Looking for fseeko - found
-- Looking for fseeko64
-- Looking for fseeko64 - not found
-- Looking for getenv
-- Looking for getenv - found
-- Looking for _i64toa
-- Looking for _i64toa - not found
-- Looking for index
-- Looking for index - found
-- Looking for itoa
-- Looking for itoa - not found
-- Looking for log
-- Looking for log - found
-- Looking for log10
-- Looking for log10 - found
-- Looking for log10f
-- Looking for log10f - found
-- Looking for logf
-- Looking for logf - found
-- Looking for lround
-- Looking for lround - found
-- Looking for lroundf
-- Looking for lroundf - found
-- Looking for _ltoa
-- Looking for _ltoa - not found
-- Looking for malloc
-- Looking for malloc - found
-- Looking for memcmp
-- Looking for memcmp - found
-- Looking for memcpy
-- Looking for memcpy - found
-- Looking for memmove
-- Looking for memmove - found
-- Looking for memset
-- Looking for memset - found
-- Looking for modf
-- Looking for modf - found
-- Looking for modff
-- Looking for modff - found
-- Looking for pow
-- Looking for pow - found
-- Looking for powf
-- Looking for powf - found
-- Looking for putenv
-- Looking for putenv - found
-- Looking for rindex
-- Looking for rindex - found
-- Looking for round
-- Looking for round - found
-- Looking for roundf
-- Looking for roundf - found
-- Looking for scalbn
-- Looking for scalbn - found
-- Looking for scalbnf
-- Looking for scalbnf - found
-- Looking for setenv
-- Looking for setenv - found
-- Looking for sin
-- Looking for sin - found
-- Looking for sinf
-- Looking for sinf - found
-- Looking for sqr
-- Looking for sqr - not found
-- Looking for sqrt
-- Looking for sqrt - found
-- Looking for sqrtf
-- Looking for sqrtf - found
-- Looking for sscanf
-- Looking for sscanf - found
-- Looking for strchr
-- Looking for strchr - found
-- Looking for strcmp
-- Looking for strcmp - found
-- Looking for strlcat
-- Looking for strlcat - found
-- Looking for strlcpy
-- Looking for strlcpy - found
-- Looking for strlen
-- Looking for strlen - found
-- Looking for strncmp
-- Looking for strncmp - found
-- Looking for strnlen
-- Looking for strnlen - found
-- Looking for strpbrk
-- Looking for strpbrk - found
-- Looking for strrchr
-- Looking for strrchr - found
-- Looking for strstr
-- Looking for strstr - found
-- Looking for strnstr
-- Looking for strnstr - found
-- Looking for strtod
-- Looking for strtod - found
-- Looking for strtok_r
-- Looking for strtok_r - found
-- Looking for strtol
-- Looking for strtol - found
-- Looking for strtoll
-- Looking for strtoll - found
-- Looking for strtoul
-- Looking for strtoul - found
-- Looking for strtoull
-- Looking for strtoull - found
-- Looking for tan
-- Looking for tan - found
-- Looking for tanf
-- Looking for tanf - found
-- Looking for trunc
-- Looking for trunc - found
-- Looking for truncf
-- Looking for truncf - found
-- Looking for unsetenv
-- Looking for unsetenv - found
-- Looking for vsnprintf
-- Looking for vsnprintf - found
-- Looking for vsscanf
-- Looking for vsscanf - found
-- Looking for wcsnlen
-- Looking for wcsnlen - found
-- Looking for wcscmp
-- Looking for wcscmp - found
-- Looking for wcsdup
-- Looking for wcsdup - found
-- Looking for wcslcat
-- Looking for wcslcat - found
-- Looking for wcslcpy
-- Looking for wcslcpy - found
-- Looking for wcslen
-- Looking for wcslen - found
-- Looking for wcsncmp
-- Looking for wcsncmp - found
-- Looking for wcsstr
-- Looking for wcsstr - found
-- Looking for wcstol
-- Looking for wcstol - found
-- Looking for strcasestr
-- Looking for strcasestr - found
-- Performing Test LIBC_HAS_ISINF
-- Performing Test LIBC_HAS_ISINF - Success
-- Performing Test LIBC_ISINF_HANDLES_FLOAT
-- Performing Test LIBC_ISINF_HANDLES_FLOAT - Success
-- Performing Test LIBC_HAS_ISINFF
-- Performing Test LIBC_HAS_ISINFF - Failed
-- Performing Test LIBC_HAS_ISNAN
-- Performing Test LIBC_HAS_ISNAN - Success
-- Performing Test LIBC_ISNAN_HANDLES_FLOAT
-- Performing Test LIBC_ISNAN_HANDLES_FLOAT - Success
-- Performing Test LIBC_HAS_ISNANF
-- Performing Test LIBC_HAS_ISNANF - Failed
-- Looking for fdatasync
-- Looking for fdatasync - not found
-- Looking for gethostname
-- Looking for gethostname - found
-- Looking for getpagesize
-- Looking for getpagesize - found
-- Looking for getresgid
-- Looking for getresgid - not found
-- Looking for getresuid
-- Looking for getresuid - not found
-- Looking for sigaction
-- Looking for sigaction - found
-- Looking for sigtimedwait
-- Looking for sigtimedwait - not found
-- Looking for setjmp
-- Looking for setjmp - found
-- Looking for nanosleep
-- Looking for nanosleep - found
-- Looking for gmtime_r
-- Looking for gmtime_r - found
-- Looking for localtime_r
-- Looking for localtime_r - found
-- Looking for nl_langinfo
-- Looking for nl_langinfo - found
-- Looking for sysconf
-- Looking for sysconf - found
-- Looking for sysctlbyname
-- Looking for sysctlbyname - found
-- Looking for getauxval
-- Looking for getauxval - not found
-- Looking for elf_aux_info
-- Looking for elf_aux_info - not found
-- Looking for ppoll
-- Looking for ppoll - not found
-- Looking for memfd_create
-- Looking for memfd_create - not found
-- Looking for posix_fallocate
-- Looking for posix_fallocate - not found
-- Looking for posix_spawn_file_actions_addchdir
-- Looking for posix_spawn_file_actions_addchdir - found
-- Looking for posix_spawn_file_actions_addchdir_np
-- Looking for posix_spawn_file_actions_addchdir_np - found
-- Looking for dlopen
-- Looking for dlopen - found
-- Performing Test HAVE_O_CLOEXEC
-- Performing Test HAVE_O_CLOEXEC - Success
-- Checking for module 'libusb-1.0>=1.0.16'
--   Found libusb-1.0, version 1.0.29
-- Found LibUSB: /opt/homebrew/Cellar/libusb/1.0.29/lib/libusb-1.0.dylib (found version "1.0.29") 
-- Performing Test HAVE_LIBUSB_H
-- Performing Test HAVE_LIBUSB_H - Success
-- Performing Test HAVE_FRAMEWORK_GAMECONTROLLER
-- Performing Test HAVE_FRAMEWORK_GAMECONTROLLER - Success
-- Performing Test HAVE_FRAMEWORK_COREHAPTICS
-- Performing Test HAVE_FRAMEWORK_COREHAPTICS - Success
-- Performing Test HAVE_FRAMEWORK_METAL
-- Performing Test HAVE_FRAMEWORK_METAL - Success
-- Performing Test HAVE_PTHREADS
-- Performing Test HAVE_PTHREADS - Success
-- Performing Test HAVE_RECURSIVE_MUTEXES
-- Performing Test HAVE_RECURSIVE_MUTEXES - Success
-- Performing Test HAVE_PTHREADS_SEM
-- Performing Test HAVE_PTHREADS_SEM - Success
-- Performing Test COMPILER_HAS_SEM_TIMEDWAIT
-- Performing Test COMPILER_HAS_SEM_TIMEDWAIT - Failed
-- Looking for pthread.h
-- Looking for pthread.h - found
-- Looking for pthread_np.h
-- Looking for pthread_np.h - not found
-- Performing Test HAVE_PTHREAD_SETNAME_NP
-- Performing Test HAVE_PTHREAD_SETNAME_NP - Success
-- Performing Test HAVE_POSIX_SPAWN
-- Performing Test HAVE_POSIX_SPAWN - Success
-- Performing Test COMPILER_SUPPORTS_FOBJC_ARC
-- Performing Test COMPILER_SUPPORTS_FOBJC_ARC - Success
-- 
-- SDL3 was configured with the following options:
-- 
-- Platform: Darwin-25.5.0
-- 64-bit:   TRUE
-- Compiler: /Applications/Xcode.app/Contents/Developer/Toolchains/XcodeDefault.xctoolchain/usr/bin/cc
-- Revision: SDL-3.4.16-HEAD-HASH-NOTFOUND
-- Vendor:   
-- 
-- Subsystems:
--   Audio:    ON
--   Video:    ON
--   GPU:      ON
--   Render:   ON
--   Camera:   ON
--   Joystick: ON
--   Haptic:   ON
--   Hidapi:   ON
--   Power:    ON
--   Sensor:   ON
--   Dialog:   ON
--   Tray:     ON
-- 
-- Options:
--   SDL_ALSA                    (Wanted: OFF): OFF
--   SDL_ALSA_SHARED             (Wanted: OFF): OFF
--   SDL_ALTIVEC                 (Wanted: OFF): OFF
--   SDL_ARMNEON                 (Wanted: ON): ON
--   SDL_ASAN                    (Wanted: OFF): OFF
--   SDL_ASSEMBLY                (Wanted: ON): ON
--   SDL_ASSERTIONS              (Wanted: auto): auto
--   SDL_AVX                     (Wanted: OFF): OFF
--   SDL_AVX2                    (Wanted: OFF): OFF
--   SDL_AVX512F                 (Wanted: OFF): OFF
--   SDL_BACKGROUNDING_SIGNAL    (Wanted: OFF): OFF
--   SDL_CCACHE                  (Wanted: OFF): OFF
--   SDL_CLANG_TIDY              (Wanted: OFF): OFF
--   SDL_CLOCK_GETTIME           (Wanted: OFF): OFF
--   SDL_COCOA                   (Wanted: ON): ON
--   SDL_DBUS                    (Wanted: OFF): OFF
--   SDL_DEPS_SHARED             (Wanted: ON): OFF
--   SDL_DIRECTX                 (Wanted: OFF): OFF
--   SDL_DISKAUDIO               (Wanted: ON): ON
--   SDL_DLOPEN_NOTES            (Wanted: OFF): OFF
--   SDL_DUMMYAUDIO              (Wanted: ON): ON
--   SDL_DUMMYCAMERA             (Wanted: ON): ON
--   SDL_DUMMYVIDEO              (Wanted: ON): ON
--   SDL_EXAMPLES                (Wanted: OFF): OFF
--   SDL_EXAMPLES_LINK_SHARED    (Wanted: OFF): OFF
--   SDL_FOREGROUNDING_SIGNAL    (Wanted: OFF): OFF
--   SDL_FRIBIDI                 (Wanted: OFF): OFF
--   SDL_FRIBIDI_SHARED          (Wanted: OFF): OFF
--   SDL_GCC_ATOMICS             (Wanted: ON): ON
--   SDL_HIDAPI                  (Wanted: ON): ON
--   SDL_HIDAPI_JOYSTICK         (Wanted: ON): ON
--   SDL_HIDAPI_LIBUSB           (Wanted: ON): ON
--   SDL_HIDAPI_LIBUSB_SHARED    (Wanted: ON): ON
--   SDL_IBUS                    (Wanted: OFF): OFF
--   SDL_INSTALL                 (Wanted: OFF): OFF
--   SDL_INSTALL_TESTS           (Wanted: OFF): OFF
--   SDL_JACK                    (Wanted: OFF): OFF
--   SDL_JACK_SHARED             (Wanted: OFF): OFF
--   SDL_KMSDRM                  (Wanted: OFF): OFF
--   SDL_KMSDRM_SHARED           (Wanted: OFF): OFF
--   SDL_LASX                    (Wanted: OFF): OFF
--   SDL_LIBC                    (Wanted: ON): ON
--   SDL_LIBICONV                (Wanted: OFF): OFF
--   SDL_LIBTHAI                 (Wanted: OFF): OFF
--   SDL_LIBTHAI_SHARED          (Wanted: OFF): OFF
--   SDL_LIBUDEV                 (Wanted: ON): OFF
--   SDL_LIBURING                (Wanted: OFF): OFF
--   SDL_LSX                     (Wanted: OFF): OFF
--   SDL_METAL                   (Wanted: ON): ON
--   SDL_MMX                     (Wanted: OFF): OFF
--   SDL_OFFSCREEN               (Wanted: ON): ON
--   SDL_OPENGL                  (Wanted: ON): ON
--   SDL_OPENGLES                (Wanted: ON): ON
--   SDL_OPENVR                  (Wanted: OFF): OFF
--   SDL_OSS                     (Wanted: OFF): OFF
--   SDL_PIPEWIRE                (Wanted: OFF): OFF
--   SDL_PIPEWIRE_SHARED         (Wanted: OFF): OFF
--   SDL_PTHREADS                (Wanted: ON): ON
--   SDL_PTHREADS_SEM            (Wanted: ON): ON
--   SDL_PULSEAUDIO              (Wanted: OFF): OFF
--   SDL_PULSEAUDIO_SHARED       (Wanted: OFF): OFF
--   SDL_RENDER_D3D              (Wanted: OFF): OFF
--   SDL_RENDER_D3D11            (Wanted: OFF): OFF
--   SDL_RENDER_D3D12            (Wanted: OFF): OFF
--   SDL_RENDER_GPU              (Wanted: ON): ON
--   SDL_RENDER_METAL            (Wanted: ON): ON
--   SDL_RENDER_VULKAN           (Wanted: ON): ON
--   SDL_ROCKCHIP                (Wanted: OFF): OFF
--   SDL_RPATH                   (Wanted: ON): OFF
--   SDL_RPI                     (Wanted: OFF): OFF
--   SDL_SNDIO                   (Wanted: OFF): OFF
--   SDL_SNDIO_SHARED            (Wanted: OFF): OFF
--   SDL_SSE                     (Wanted: OFF): OFF
--   SDL_SSE2                    (Wanted: OFF): OFF
--   SDL_SSE3                    (Wanted: OFF): OFF
--   SDL_SSE4_1                  (Wanted: OFF): OFF
--   SDL_SSE4_2                  (Wanted: OFF): OFF
--   SDL_SYSTEM_ICONV            (Wanted: OFF): OFF
--   SDL_TESTS                   (Wanted: OFF): OFF
--   SDL_TESTS_LINK_SHARED       (Wanted: OFF): OFF
--   SDL_UNINSTALL               (Wanted: OFF): OFF
--   SDL_VIRTUAL_JOYSTICK        (Wanted: ON): ON
--   SDL_VIVANTE                 (Wanted: OFF): OFF
--   SDL_VULKAN                  (Wanted: ON): ON
--   SDL_WASAPI                  (Wanted: OFF): OFF
--   SDL_WAYLAND                 (Wanted: OFF): OFF
--   SDL_WAYLAND_LIBDECOR        (Wanted: OFF): OFF
--   SDL_WAYLAND_LIBDECOR_SHARED (Wanted: OFF): OFF
--   SDL_WAYLAND_SHARED          (Wanted: OFF): OFF
--   SDL_X11                     (Wanted: OFF): OFF
--   SDL_X11_SHARED              (Wanted: OFF): OFF
--   SDL_X11_XCURSOR             (Wanted: OFF): OFF
--   SDL_X11_XDBE                (Wanted: OFF): OFF
--   SDL_X11_XFIXES              (Wanted: OFF): OFF
--   SDL_X11_XINPUT              (Wanted: OFF): OFF
--   SDL_X11_XRANDR              (Wanted: OFF): OFF
--   SDL_X11_XSCRNSAVER          (Wanted: OFF): OFF
--   SDL_X11_XSHAPE              (Wanted: OFF): OFF
--   SDL_X11_XSYNC               (Wanted: OFF): OFF
--   SDL_X11_XTEST               (Wanted: OFF): OFF
--   SDL_XINPUT                  (Wanted: OFF): OFF
-- 
--  Build Shared Library: OFF
--  Build Static Library: ON
--  Build libraries as Apple Framework: OFF
-- 
-- Enabled backends:
--   Video drivers: cocoa dummy offscreen
--   Render drivers: gpu metal ogl ogl_es2 vulkan
--   GPU drivers: metal vulkan
--   Audio drivers: coreaudio disk dummy
--   Joystick drivers: hidapi iokit mfi virtual
--   Camera drivers: coremedia dummy
-- 
-- If something was not detected, although the libraries
-- were installed, then make sure you have set the
-- CMAKE_C_FLAGS and CMAKE_PREFIX_PATH CMake variables correctly.
-- 
-- Performing Test flag_supported
-- Performing Test flag_supported - Success
-- Configuring done (45.4s)
-- Generating done (0.5s)
-- Build files have been written to: /Users/worldbuilder/Desktop/Booter & BigARM/Engine/build/foundation
