Internal ctest changing into directory: /Users/worldbuilder/Desktop/Booter & BigARM/Engine/.cache/probe-build
UpdateCTestConfiguration  from :/Users/worldbuilder/Desktop/Booter & BigARM/Engine/.cache/probe-build/DartConfiguration.tcl
UpdateCTestConfiguration  from :/Users/worldbuilder/Desktop/Booter & BigARM/Engine/.cache/probe-build/DartConfiguration.tcl
Test project /Users/worldbuilder/Desktop/Booter & BigARM/Engine/.cache/probe-build
Constructing a list of tests
Done constructing a list of tests
Updating test list for fixtures
Added 0 tests to meet fixture requirements
Checking test dependency graph...
Checking test dependency graph end
test 1
    Start 1: headless_integration

1: Test command: /Users/worldbuilder/Desktop/Booter\ &\ BigARM/Engine/.cache/probe-build/integration_probe
1: Working Directory: /Users/worldbuilder/Desktop/Booter & BigARM/Engine/.cache/probe-build
1: Test timeout computed to be: 10000000
1: PASS: SDL synthetic events, bgfx Noop resource lifecycle, ImGui CPU draw data
1: SDL=3004016 ImGui=1.92.9b
1: NOT TESTED: real window/input devices, GPU rendering, shaders, inspector rendering, Windows
1/1 Test #1: headless_integration .............   Passed    0.49 sec

100% tests passed, 0 tests failed out of 1

Total Test time (real) =   0.49 sec
