[  0%] Building CXX object CMakeFiles/engine_core.dir/Source/Core/WorldIdentity.cpp.o
[  2%] Built target bx
[  3%] Linking CXX static library libengine_core.a
[  3%] Built target engine_core
[  4%] Built target spirv-cross
[ 27%] Built target SDL3-static
[ 27%] Built target engine_state
[ 27%] Built target engine_imgui
[ 31%] Built target glslang
[ 32%] Linking CXX executable engine_state_tests
[ 36%] Built target bimg
[ 36%] Built target engine_state_tests
[ 36%] Linking CXX executable engine_geometry_tests
[ 36%] Building CXX object CMakeFiles/engine_core_tests.dir/Tests/CoreTests.cpp.o
[ 36%] Built target engine_geometry_tests
[ 38%] Built target bgfx
[ 60%] Built target spirv-opt
[ 60%] Linking CXX executable engine_core_tests
[ 60%] Built target engine_core_tests
[ 97%] Built target tint
[ 98%] Built target shaderc
[100%] Built target engine_shaders
[100%] Linking CXX executable engine_workbench
ld: warning: ignoring duplicate libraries: 'bgfx/cmake/bx/libbx.a'
[100%] Built target engine_workbench
