[  2%] Building CXX object CMakeFiles/probe_imgui.dir/Users/worldbuilder/Desktop/Booter_&_BigARM/Engine/.cache/probe-sources/bgfx/3rdparty/dear-imgui/imgui.cpp.o
[  2%] Building CXX object CMakeFiles/probe_imgui.dir/Users/worldbuilder/Desktop/Booter_&_BigARM/Engine/.cache/probe-sources/bgfx/3rdparty/dear-imgui/imgui_draw.cpp.o
[  2%] Building CXX object bgfx/cmake/bx/CMakeFiles/bx.dir/Users/worldbuilder/Desktop/Booter_&_BigARM/Engine/.cache/probe-sources/bx/src/allocator.cpp.o
[  2%] Building C object sdl/CMakeFiles/SDL3-static.dir/cmake_pch_arm64.h.pch
In file included from /Users/worldbuilder/Desktop/Booter & BigARM/Engine/.cache/probe-sources/bgfx/3rdparty/dear-imgui/imgui_draw.cpp:36:
In file included from /Users/worldbuilder/Desktop/Booter & BigARM/Engine/.cache/probe-sources/bgfx/3rdparty/dear-imgui/imgui.h:68:
/Users/worldbuilder/Desktop/Booter & BigARM/Engine/.cache/probe-sources/bgfx/3rdparty/dear-imgui/imconfig.h:19:10: fatal error: 'bx/bx.h' file not found
In file included from /Users/worldbuilder/Desktop/Booter & BigARM/Engine/.cache/probe-sources/bgfx/3rdparty/dear-imgui/imgui.cpp:1211:
In file included from /Users/worldbuilder/Desktop/Booter & BigARM/Engine/.cache/probe-sources/bgfx/3rdparty/dear-imgui/imgui.h:68:
/Users/worldbuilder/Desktop/Booter & BigARM/Engine/.cache/probe-sources/bgfx/3rdparty/dear-imgui/imconfig.h:19:10: fatal error: 'bx/bx.h' file not found
   19 | #i   nclude <bx/bx.h>
      |          ^~~~~~~~~
19 | #include <bx/bx.h>
      |          ^~~~~~~~~
[  2%] Building C object sdl/CMakeFiles/SDL3-static.dir/src/dynapi/SDL_dynapi.c.o
[  2%] Building CXX object bgfx/cmake/bx/CMakeFiles/bx.dir/Users/worldbuilder/Desktop/Booter_&_BigARM/Engine/.cache/probe-sources/bx/src/bounds.cpp.o
1 error generated.
make[2]: *** [CMakeFiles/probe_imgui.dir/Users/worldbuilder/Desktop/Booter_&_BigARM/Engine/.cache/probe-sources/bgfx/3rdparty/dear-imgui/imgui_draw.cpp.o] Error 1
make[2]: *** Waiting for unfinished jobs....
[  2%] Building C object sdl/CMakeFiles/SDL3-static.dir/src/events/SDL_categories.c.o
[  2%] Building CXX object bgfx/cmake/bx/CMakeFiles/bx.dir/Users/worldbuilder/Desktop/Booter_&_BigARM/Engine/.cache/probe-sources/bx/src/bx.cpp.o
1 error generated.
make[2]: *** [CMakeFiles/probe_imgui.dir/Users/worldbuilder/Desktop/Booter_&_BigARM/Engine/.cache/probe-sources/bgfx/3rdparty/dear-imgui/imgui.cpp.o] Error 1
make[1]: *** [CMakeFiles/probe_imgui.dir/all] Error 2
make[1]: *** Waiting for unfinished jobs....
[  3%] Building C object sdl/CMakeFiles/SDL3-static.dir/src/events/SDL_clipboardevents.c.o
[  3%] Building C object sdl/CMakeFiles/SDL3-static.dir/src/events/SDL_displayevents.c.o
[  3%] Building CXX object bgfx/cmake/bx/CMakeFiles/bx.dir/Users/worldbuilder/Desktop/Booter_&_BigARM/Engine/.cache/probe-sources/bx/src/commandline.cpp.o
[  4%] Building CXX object bgfx/cmake/bx/CMakeFiles/bx.dir/Users/worldbuilder/Desktop/Booter_&_BigARM/Engine/.cache/probe-sources/bx/src/crtnone.cpp.o
[  4%] Building C object sdl/CMakeFiles/SDL3-static.dir/src/events/SDL_dropevents.c.o
[  4%] Building CXX object bgfx/cmake/bx/CMakeFiles/bx.dir/Users/worldbuilder/Desktop/Booter_&_BigARM/Engine/.cache/probe-sources/bx/src/debug.cpp.o
[  4%] Building C object sdl/CMakeFiles/SDL3-static.dir/src/events/SDL_events.c.o
[  5%] Building C object sdl/CMakeFiles/SDL3-static.dir/src/events/SDL_eventwatch.c.o
[  5%] Building CXX object bgfx/cmake/bx/CMakeFiles/bx.dir/Users/worldbuilder/Desktop/Booter_&_BigARM/Engine/.cache/probe-sources/bx/src/dtoa.cpp.o
[  6%] Building CXX object bgfx/cmake/bx/CMakeFiles/bx.dir/Users/worldbuilder/Desktop/Booter_&_BigARM/Engine/.cache/probe-sources/bx/src/easing.cpp.o
[  6%] Building CXX object bgfx/cmake/bx/CMakeFiles/bx.dir/Users/worldbuilder/Desktop/Booter_&_BigARM/Engine/.cache/probe-sources/bx/src/file.cpp.o
[  6%] Building C object sdl/CMakeFiles/SDL3-static.dir/src/events/SDL_keyboard.c.o
[  6%] Building C object sdl/CMakeFiles/SDL3-static.dir/src/events/SDL_keymap.c.o
[  6%] Building C object sdl/CMakeFiles/SDL3-static.dir/src/events/SDL_keysym_to_keycode.c.o
[  6%] Building CXX object bgfx/cmake/bx/CMakeFiles/bx.dir/Users/worldbuilder/Desktop/Booter_&_BigARM/Engine/.cache/probe-sources/bx/src/filepath.cpp.o
[  6%] Building CXX object bgfx/cmake/bx/CMakeFiles/bx.dir/Users/worldbuilder/Desktop/Booter_&_BigARM/Engine/.cache/probe-sources/bx/src/hash.cpp.o
[  7%] Building C object sdl/CMakeFiles/SDL3-static.dir/src/events/SDL_keysym_to_scancode.c.o
[  7%] Building C object sdl/CMakeFiles/SDL3-static.dir/src/events/SDL_mouse.c.o
[  7%] Building C object sdl/CMakeFiles/SDL3-static.dir/src/events/SDL_pen.c.o
[  7%] Building C object sdl/CMakeFiles/SDL3-static.dir/src/events/SDL_quit.c.o
[  8%] Building CXX object bgfx/cmake/bx/CMakeFiles/bx.dir/Users/worldbuilder/Desktop/Booter_&_BigARM/Engine/.cache/probe-sources/bx/src/math.cpp.o
[  9%] Building C object sdl/CMakeFiles/SDL3-static.dir/src/events/SDL_scancode_tables.c.o
[  9%] Building C object sdl/CMakeFiles/SDL3-static.dir/src/events/SDL_touch.c.o
[  9%] Building CXX object bgfx/cmake/bx/CMakeFiles/bx.dir/Users/worldbuilder/Desktop/Booter_&_BigARM/Engine/.cache/probe-sources/bx/src/mutex.cpp.o
[  9%] Building CXX object bgfx/cmake/bx/CMakeFiles/bx.dir/Users/worldbuilder/Desktop/Booter_&_BigARM/Engine/.cache/probe-sources/bx/src/os.cpp.o
[  9%] Building C object sdl/CMakeFiles/SDL3-static.dir/src/events/SDL_windowevents.c.o
[  9%] Building CXX object bgfx/cmake/bx/CMakeFiles/bx.dir/Users/worldbuilder/Desktop/Booter_&_BigARM/Engine/.cache/probe-sources/bx/src/process.cpp.o
[  9%] Building C object sdl/CMakeFiles/SDL3-static.dir/src/events/imKStoUCS.c.o
[ 10%] Building CXX object bgfx/cmake/bx/CMakeFiles/bx.dir/Users/worldbuilder/Desktop/Booter_&_BigARM/Engine/.cache/probe-sources/bx/src/scanner.cpp.o
[ 11%] Building C object sdl/CMakeFiles/SDL3-static.dir/src/filesystem/SDL_filesystem.c.o
[ 11%] Building C object sdl/CMakeFiles/SDL3-static.dir/src/gpu/SDL_gpu.c.o
[ 11%] Building CXX object bgfx/cmake/bx/CMakeFiles/bx.dir/Users/worldbuilder/Desktop/Booter_&_BigARM/Engine/.cache/probe-sources/bx/src/semaphore.cpp.o
[ 11%] Building CXX object bgfx/cmake/bx/CMakeFiles/bx.dir/Users/worldbuilder/Desktop/Booter_&_BigARM/Engine/.cache/probe-sources/bx/src/settings.cpp.o
[ 11%] Building CXX object bgfx/cmake/bx/CMakeFiles/bx.dir/Users/worldbuilder/Desktop/Booter_&_BigARM/Engine/.cache/probe-sources/bx/src/sort.cpp.o
[ 12%] Building CXX object bgfx/cmake/bx/CMakeFiles/bx.dir/Users/worldbuilder/Desktop/Booter_&_BigARM/Engine/.cache/probe-sources/bx/src/string.cpp.o
[ 12%] Building C object sdl/CMakeFiles/SDL3-static.dir/src/haptic/SDL_haptic.c.o
[ 12%] Building C object sdl/CMakeFiles/SDL3-static.dir/src/hidapi/SDL_hidapi.c.o
[ 12%] Building CXX object bgfx/cmake/bx/CMakeFiles/bx.dir/Users/worldbuilder/Desktop/Booter_&_BigARM/Engine/.cache/probe-sources/bx/src/thread.cpp.o
[ 12%] Building CXX object bgfx/cmake/bx/CMakeFiles/bx.dir/Users/worldbuilder/Desktop/Booter_&_BigARM/Engine/.cache/probe-sources/bx/src/timer.cpp.o
[ 12%] Building CXX object bgfx/cmake/bx/CMakeFiles/bx.dir/Users/worldbuilder/Desktop/Booter_&_BigARM/Engine/.cache/probe-sources/bx/src/url.cpp.o
[ 13%] Building C object sdl/CMakeFiles/SDL3-static.dir/src/io/SDL_asyncio.c.o
[ 13%] Building C object sdl/CMakeFiles/SDL3-static.dir/src/io/SDL_iostream.c.o
[ 13%] Building C object sdl/CMakeFiles/SDL3-static.dir/src/io/generic/SDL_asyncio_generic.c.o
[ 13%] Building C object sdl/CMakeFiles/SDL3-static.dir/src/joystick/SDL_gamepad.c.o
[ 14%] Linking CXX static library libbx.a
[ 15%] Building C object sdl/CMakeFiles/SDL3-static.dir/src/joystick/SDL_joystick.c.o
[ 15%] Building C object sdl/CMakeFiles/SDL3-static.dir/src/joystick/SDL_steam_virtual_gamepad.c.o
[ 15%] Built target bx
[ 15%] Building C object sdl/CMakeFiles/SDL3-static.dir/src/joystick/controller_type.c.o
[ 16%] Building C object sdl/CMakeFiles/SDL3-static.dir/src/locale/SDL_locale.c.o
[ 16%] Building C object sdl/CMakeFiles/SDL3-static.dir/src/main/SDL_main_callbacks.c.o
[ 16%] Building C object sdl/CMakeFiles/SDL3-static.dir/src/main/SDL_runapp.c.o
[ 16%] Building C object sdl/CMakeFiles/SDL3-static.dir/src/misc/SDL_libusb.c.o
[ 17%] Building C object sdl/CMakeFiles/SDL3-static.dir/src/misc/SDL_url.c.o
[ 17%] Building C object sdl/CMakeFiles/SDL3-static.dir/src/power/SDL_power.c.o
[ 17%] Building C object sdl/CMakeFiles/SDL3-static.dir/src/render/SDL_render.c.o
[ 17%] Building C object sdl/CMakeFiles/SDL3-static.dir/src/render/SDL_render_unsupported.c.o
[ 18%] Building C object sdl/CMakeFiles/SDL3-static.dir/src/render/SDL_yuv_sw.c.o
[ 18%] Building C object sdl/CMakeFiles/SDL3-static.dir/src/render/direct3d/SDL_render_d3d.c.o
[ 18%] Building C object sdl/CMakeFiles/SDL3-static.dir/src/render/direct3d/SDL_shaders_d3d.c.o
[ 18%] Building C object sdl/CMakeFiles/SDL3-static.dir/src/render/direct3d11/SDL_render_d3d11.c.o
[ 19%] Building C object sdl/CMakeFiles/SDL3-static.dir/src/render/direct3d11/SDL_shaders_d3d11.c.o
[ 19%] Building C object sdl/CMakeFiles/SDL3-static.dir/src/render/direct3d12/SDL_render_d3d12.c.o
[ 19%] Building C object sdl/CMakeFiles/SDL3-static.dir/src/render/gpu/SDL_pipeline_gpu.c.o
[ 19%] Building C object sdl/CMakeFiles/SDL3-static.dir/src/render/direct3d12/SDL_shaders_d3d12.c.o
[ 20%] Building C object sdl/CMakeFiles/SDL3-static.dir/src/render/gpu/SDL_render_gpu.c.o
[ 20%] Building C object sdl/CMakeFiles/SDL3-static.dir/src/render/gpu/SDL_shaders_gpu.c.o
[ 20%] Building C object sdl/CMakeFiles/SDL3-static.dir/src/render/ngage/SDL_render_ngage.c.o
[ 20%] Building C object sdl/CMakeFiles/SDL3-static.dir/src/render/opengl/SDL_render_gl.c.o
[ 21%] Building C object sdl/CMakeFiles/SDL3-static.dir/src/render/opengl/SDL_shaders_gl.c.o
[ 21%] Building C object sdl/CMakeFiles/SDL3-static.dir/src/render/opengles2/SDL_render_gles2.c.o
[ 21%] Building C object sdl/CMakeFiles/SDL3-static.dir/src/render/opengles2/SDL_shaders_gles2.c.o
[ 22%] Building C object sdl/CMakeFiles/SDL3-static.dir/src/render/ps2/SDL_render_ps2.c.o
[ 22%] Building C object sdl/CMakeFiles/SDL3-static.dir/src/render/psp/SDL_render_psp.c.o
[ 22%] Building C object sdl/CMakeFiles/SDL3-static.dir/src/render/software/SDL_blendfillrect.c.o
[ 22%] Building C object sdl/CMakeFiles/SDL3-static.dir/src/render/software/SDL_blendline.c.o
[ 23%] Building C object sdl/CMakeFiles/SDL3-static.dir/src/render/software/SDL_blendpoint.c.o
[ 23%] Building C object sdl/CMakeFiles/SDL3-static.dir/src/render/software/SDL_drawline.c.o
[ 23%] Building C object sdl/CMakeFiles/SDL3-static.dir/src/render/software/SDL_drawpoint.c.o
[ 23%] Building C object sdl/CMakeFiles/SDL3-static.dir/src/render/software/SDL_render_sw.c.o
[ 24%] Building C object sdl/CMakeFiles/SDL3-static.dir/src/render/software/SDL_triangle.c.o
[ 24%] Building C object sdl/CMakeFiles/SDL3-static.dir/src/render/vitagxm/SDL_render_vita_gxm.c.o
[ 24%] Building C object sdl/CMakeFiles/SDL3-static.dir/src/render/vitagxm/SDL_render_vita_gxm_memory.c.o
[ 24%] Building C object sdl/CMakeFiles/SDL3-static.dir/src/render/vitagxm/SDL_render_vita_gxm_tools.c.o
[ 25%] Building C object sdl/CMakeFiles/SDL3-static.dir/src/render/vulkan/SDL_shaders_vulkan.c.o
[ 25%] Building C object sdl/CMakeFiles/SDL3-static.dir/src/render/vulkan/SDL_render_vulkan.c.o
[ 25%] Building C object sdl/CMakeFiles/SDL3-static.dir/src/sensor/SDL_sensor.c.o
[ 25%] Building C object sdl/CMakeFiles/SDL3-static.dir/src/stdlib/SDL_crc16.c.o
[ 26%] Building C object sdl/CMakeFiles/SDL3-static.dir/src/stdlib/SDL_crc32.c.o
[ 26%] Building C object sdl/CMakeFiles/SDL3-static.dir/src/stdlib/SDL_getenv.c.o
[ 26%] Building C object sdl/CMakeFiles/SDL3-static.dir/src/stdlib/SDL_iconv.c.o
[ 26%] Building C object sdl/CMakeFiles/SDL3-static.dir/src/stdlib/SDL_malloc.c.o
[ 27%] Building C object sdl/CMakeFiles/SDL3-static.dir/src/stdlib/SDL_memcpy.c.o
[ 27%] Building C object sdl/CMakeFiles/SDL3-static.dir/src/stdlib/SDL_memmove.c.o
[ 27%] Building C object sdl/CMakeFiles/SDL3-static.dir/src/stdlib/SDL_memset.c.o
[ 28%] Building C object sdl/CMakeFiles/SDL3-static.dir/src/stdlib/SDL_murmur3.c.o
[ 28%] Building C object sdl/CMakeFiles/SDL3-static.dir/src/stdlib/SDL_mslibc.c.o
[ 28%] Building C object sdl/CMakeFiles/SDL3-static.dir/src/stdlib/SDL_qsort.c.o
[ 28%] Building C object sdl/CMakeFiles/SDL3-static.dir/src/stdlib/SDL_random.c.o
[ 29%] Building C object sdl/CMakeFiles/SDL3-static.dir/src/stdlib/SDL_stdlib.c.o
[ 29%] Building C object sdl/CMakeFiles/SDL3-static.dir/src/stdlib/SDL_string.c.o
[ 29%] Building C object sdl/CMakeFiles/SDL3-static.dir/src/stdlib/SDL_strtokr.c.o
[ 29%] Building C object sdl/CMakeFiles/SDL3-static.dir/src/storage/SDL_storage.c.o
[ 30%] Building C object sdl/CMakeFiles/SDL3-static.dir/src/thread/SDL_thread.c.o
[ 30%] Building C object sdl/CMakeFiles/SDL3-static.dir/src/time/SDL_time.c.o
[ 30%] Building C object sdl/CMakeFiles/SDL3-static.dir/src/timer/SDL_timer.c.o
[ 31%] Building C object sdl/CMakeFiles/SDL3-static.dir/src/video/SDL_blit.c.o
[ 31%] Building C object sdl/CMakeFiles/SDL3-static.dir/src/video/SDL_RLEaccel.c.o
[ 31%] Building C object sdl/CMakeFiles/SDL3-static.dir/src/video/SDL_blit_0.c.o
[ 31%] Building C object sdl/CMakeFiles/SDL3-static.dir/src/video/SDL_blit_1.c.o
[ 31%] Building C object sdl/CMakeFiles/SDL3-static.dir/src/video/SDL_blit_A.c.o
[ 32%] Building C object sdl/CMakeFiles/SDL3-static.dir/src/video/SDL_blit_N.c.o
[ 32%] Building C object sdl/CMakeFiles/SDL3-static.dir/src/video/SDL_blit_auto.c.o
[ 32%] Building C object sdl/CMakeFiles/SDL3-static.dir/src/video/SDL_blit_copy.c.o
[ 32%] Building C object sdl/CMakeFiles/SDL3-static.dir/src/video/SDL_blit_slow.c.o
[ 33%] Building C object sdl/CMakeFiles/SDL3-static.dir/src/video/SDL_bmp.c.o
[ 33%] Building C object sdl/CMakeFiles/SDL3-static.dir/src/video/SDL_clipboard.c.o
[ 33%] Building C object sdl/CMakeFiles/SDL3-static.dir/src/video/SDL_egl.c.o
[ 33%] Building C object sdl/CMakeFiles/SDL3-static.dir/src/video/SDL_fillrect.c.o
[ 34%] Building C object sdl/CMakeFiles/SDL3-static.dir/src/video/SDL_pixels.c.o
[ 34%] Building C object sdl/CMakeFiles/SDL3-static.dir/src/video/SDL_rect.c.o
[ 34%] Building C object sdl/CMakeFiles/SDL3-static.dir/src/video/SDL_rotate.c.o
[ 34%] Building C object sdl/CMakeFiles/SDL3-static.dir/src/video/SDL_stb.c.o
[ 35%] Building C object sdl/CMakeFiles/SDL3-static.dir/src/video/SDL_stretch.c.o
[ 35%] Building C object sdl/CMakeFiles/SDL3-static.dir/src/video/SDL_surface.c.o
[ 35%] Building C object sdl/CMakeFiles/SDL3-static.dir/src/video/SDL_video.c.o
[ 36%] Building C object sdl/CMakeFiles/SDL3-static.dir/src/video/SDL_video_unsupported.c.o
[ 36%] Building C object sdl/CMakeFiles/SDL3-static.dir/src/video/SDL_vulkan_utils.c.o
[ 36%] Building C object sdl/CMakeFiles/SDL3-static.dir/src/video/SDL_yuv.c.o
[ 36%] Building C object sdl/CMakeFiles/SDL3-static.dir/src/video/yuv2rgb/yuv_rgb_lsx.c.o
[ 37%] Building C object sdl/CMakeFiles/SDL3-static.dir/src/video/yuv2rgb/yuv_rgb_sse.c.o
[ 37%] Building C object sdl/CMakeFiles/SDL3-static.dir/src/video/yuv2rgb/yuv_rgb_std.c.o
[ 37%] Building C object sdl/CMakeFiles/SDL3-static.dir/src/libm/e_atan2.c.o
[ 37%] Building C object sdl/CMakeFiles/SDL3-static.dir/src/libm/e_exp.c.o
[ 38%] Building C object sdl/CMakeFiles/SDL3-static.dir/src/libm/e_fmod.c.o
[ 38%] Building C object sdl/CMakeFiles/SDL3-static.dir/src/libm/e_log.c.o
[ 38%] Building C object sdl/CMakeFiles/SDL3-static.dir/src/libm/e_log10.c.o
[ 38%] Building C object sdl/CMakeFiles/SDL3-static.dir/src/libm/e_pow.c.o
[ 39%] Building C object sdl/CMakeFiles/SDL3-static.dir/src/libm/e_rem_pio2.c.o
[ 39%] Building C object sdl/CMakeFiles/SDL3-static.dir/src/libm/e_sqrt.c.o
[ 39%] Building C object sdl/CMakeFiles/SDL3-static.dir/src/libm/k_cos.c.o
[ 39%] Building C object sdl/CMakeFiles/SDL3-static.dir/src/libm/k_rem_pio2.c.o
[ 40%] Building C object sdl/CMakeFiles/SDL3-static.dir/src/libm/k_sin.c.o
[ 40%] Building C object sdl/CMakeFiles/SDL3-static.dir/src/libm/k_tan.c.o
[ 40%] Building C object sdl/CMakeFiles/SDL3-static.dir/src/libm/s_copysign.c.o
[ 40%] Building C object sdl/CMakeFiles/SDL3-static.dir/src/libm/s_atan.c.o
[ 41%] Building C object sdl/CMakeFiles/SDL3-static.dir/src/libm/s_cos.c.o
[ 41%] Building C object sdl/CMakeFiles/SDL3-static.dir/src/libm/s_fabs.c.o
[ 41%] Building C object sdl/CMakeFiles/SDL3-static.dir/src/libm/s_floor.c.o
[ 42%] Building C object sdl/CMakeFiles/SDL3-static.dir/src/libm/s_isinf.c.o
[ 42%] Building C object sdl/CMakeFiles/SDL3-static.dir/src/libm/s_isinff.c.o
[ 42%] Building C object sdl/CMakeFiles/SDL3-static.dir/src/libm/s_isnan.c.o
[ 42%] Building C object sdl/CMakeFiles/SDL3-static.dir/src/libm/s_isnanf.c.o
[ 43%] Building C object sdl/CMakeFiles/SDL3-static.dir/src/libm/s_modf.c.o
[ 43%] Building C object sdl/CMakeFiles/SDL3-static.dir/src/libm/s_scalbn.c.o
[ 43%] Building C object sdl/CMakeFiles/SDL3-static.dir/src/libm/s_sin.c.o
[ 43%] Building C object sdl/CMakeFiles/SDL3-static.dir/src/libm/s_tan.c.o
[ 44%] Building C object sdl/CMakeFiles/SDL3-static.dir/src/audio/dummy/SDL_dummyaudio.c.o
[ 44%] Building C object sdl/CMakeFiles/SDL3-static.dir/src/audio/disk/SDL_diskaudio.c.o
[ 44%] Building C object sdl/CMakeFiles/SDL3-static.dir/src/camera/dummy/SDL_camera_dummy.c.o
[ 44%] Building C object sdl/CMakeFiles/SDL3-static.dir/src/loadso/dlopen/SDL_sysloadso.c.o
[ 45%] Building C object sdl/CMakeFiles/SDL3-static.dir/src/joystick/virtual/SDL_virtualjoystick.c.o
[ 45%] Building C object sdl/CMakeFiles/SDL3-static.dir/src/video/dummy/SDL_nullevents.c.o
[ 45%] Building C object sdl/CMakeFiles/SDL3-static.dir/src/video/dummy/SDL_nullframebuffer.c.o
[ 45%] Building C object sdl/CMakeFiles/SDL3-static.dir/src/video/dummy/SDL_nullvideo.c.o
[ 46%] Building OBJC object sdl/CMakeFiles/SDL3-static.dir/src/camera/coremedia/SDL_camera_coremedia.m.o
[ 46%] Building OBJC object sdl/CMakeFiles/SDL3-static.dir/src/misc/macos/SDL_sysurl.m.o
[ 46%] Building OBJC object sdl/CMakeFiles/SDL3-static.dir/src/audio/coreaudio/SDL_coreaudio.m.o
[ 46%] Building C object sdl/CMakeFiles/SDL3-static.dir/src/joystick/hidapi/SDL_hidapi_8bitdo.c.o
[ 47%] Building C object sdl/CMakeFiles/SDL3-static.dir/src/joystick/hidapi/SDL_hidapi_combined.c.o
[ 47%] Building C object sdl/CMakeFiles/SDL3-static.dir/src/joystick/hidapi/SDL_hidapi_flydigi.c.o
[ 47%] Building C object sdl/CMakeFiles/SDL3-static.dir/src/joystick/hidapi/SDL_hidapi_gamecube.c.o
[ 47%] Building C object sdl/CMakeFiles/SDL3-static.dir/src/joystick/hidapi/SDL_hidapi_gip.c.o
[ 48%] Building C object sdl/CMakeFiles/SDL3-static.dir/src/joystick/hidapi/SDL_hidapi_lg4ff.c.o
[ 48%] Building C object sdl/CMakeFiles/SDL3-static.dir/src/joystick/hidapi/SDL_hidapi_luna.c.o
[ 48%] Building C object sdl/CMakeFiles/SDL3-static.dir/src/joystick/hidapi/SDL_hidapi_ps3.c.o
[ 49%] Building C object sdl/CMakeFiles/SDL3-static.dir/src/joystick/hidapi/SDL_hidapi_ps4.c.o
[ 49%] Building C object sdl/CMakeFiles/SDL3-static.dir/src/joystick/hidapi/SDL_hidapi_ps5.c.o
[ 49%] Building C object sdl/CMakeFiles/SDL3-static.dir/src/joystick/hidapi/SDL_hidapi_rumble.c.o
[ 49%] Building C object sdl/CMakeFiles/SDL3-static.dir/src/joystick/hidapi/SDL_hidapi_shield.c.o
[ 50%] Building C object sdl/CMakeFiles/SDL3-static.dir/src/joystick/hidapi/SDL_hidapi_sinput.c.o
[ 50%] Building C object sdl/CMakeFiles/SDL3-static.dir/src/joystick/hidapi/SDL_hidapi_stadia.c.o
[ 50%] Building C object sdl/CMakeFiles/SDL3-static.dir/src/joystick/hidapi/SDL_hidapi_steam.c.o
[ 50%] Building C object sdl/CMakeFiles/SDL3-static.dir/src/joystick/hidapi/SDL_hidapi_steam_hori.c.o
[ 51%] Building C object sdl/CMakeFiles/SDL3-static.dir/src/joystick/hidapi/SDL_hidapi_steam_triton.c.o
[ 51%] Building C object sdl/CMakeFiles/SDL3-static.dir/src/joystick/hidapi/SDL_hidapi_steamdeck.c.o
[ 51%] Building C object sdl/CMakeFiles/SDL3-static.dir/src/joystick/hidapi/SDL_hidapi_switch.c.o
[ 51%] Building C object sdl/CMakeFiles/SDL3-static.dir/src/joystick/hidapi/SDL_hidapi_switch2.c.o
[ 52%] Building C object sdl/CMakeFiles/SDL3-static.dir/src/joystick/hidapi/SDL_hidapi_wii.c.o
[ 52%] Building C object sdl/CMakeFiles/SDL3-static.dir/src/joystick/hidapi/SDL_hidapi_xbox360.c.o
[ 52%] Building C object sdl/CMakeFiles/SDL3-static.dir/src/joystick/hidapi/SDL_hidapi_xbox360w.c.o
[ 52%] Building C object sdl/CMakeFiles/SDL3-static.dir/src/joystick/hidapi/SDL_hidapi_xboxone.c.o
[ 53%] Building C object sdl/CMakeFiles/SDL3-static.dir/src/joystick/hidapi/SDL_hidapi_zuiki.c.o
[ 53%] Building C object sdl/CMakeFiles/SDL3-static.dir/src/joystick/hidapi/SDL_hidapijoystick.c.o
[ 53%] Building C object sdl/CMakeFiles/SDL3-static.dir/src/joystick/hidapi/SDL_report_descriptor.c.o
[ 53%] Building C object sdl/CMakeFiles/SDL3-static.dir/src/haptic/hidapi/SDL_hidapihaptic.c.o
[ 54%] Building C object sdl/CMakeFiles/SDL3-static.dir/src/haptic/hidapi/SDL_hidapihaptic_lg4ff.c.o
[ 54%] Building OBJC object sdl/CMakeFiles/SDL3-static.dir/src/joystick/apple/SDL_mfijoystick.m.o
[ 54%] Building C object sdl/CMakeFiles/SDL3-static.dir/src/joystick/darwin/SDL_iokitjoystick.c.o
[ 54%] Building C object sdl/CMakeFiles/SDL3-static.dir/src/haptic/darwin/SDL_syshaptic.c.o
[ 55%] Building C object sdl/CMakeFiles/SDL3-static.dir/src/power/macos/SDL_syspower.c.o
[ 55%] Building OBJC object sdl/CMakeFiles/SDL3-static.dir/src/locale/macos/SDL_syslocale.m.o
[ 55%] Building C object sdl/CMakeFiles/SDL3-static.dir/src/time/unix/SDL_systime.c.o
[ 56%] Building C object sdl/CMakeFiles/SDL3-static.dir/src/timer/unix/SDL_systimer.c.o
[ 56%] Building OBJC object sdl/CMakeFiles/SDL3-static.dir/src/filesystem/cocoa/SDL_sysfilesystem.m.o
[ 56%] Building C object sdl/CMakeFiles/SDL3-static.dir/src/storage/generic/SDL_genericstorage.c.o
[ 56%] Building C object sdl/CMakeFiles/SDL3-static.dir/src/storage/steam/SDL_steamstorage.c.o
[ 57%] Building C object sdl/CMakeFiles/SDL3-static.dir/src/filesystem/posix/SDL_sysfsops.c.o
[ 57%] Building OBJC object sdl/CMakeFiles/SDL3-static.dir/src/video/cocoa/SDL_cocoaclipboard.m.o
[ 57%] Building OBJC object sdl/CMakeFiles/SDL3-static.dir/src/video/cocoa/SDL_cocoaevents.m.o
[ 57%] Building OBJC object sdl/CMakeFiles/SDL3-static.dir/src/video/cocoa/SDL_cocoakeyboard.m.o
[ 58%] Building OBJC object sdl/CMakeFiles/SDL3-static.dir/src/video/cocoa/SDL_cocoamessagebox.m.o
[ 58%] Building OBJC object sdl/CMakeFiles/SDL3-static.dir/src/video/cocoa/SDL_cocoametalview.m.o
[ 58%] Building OBJC object sdl/CMakeFiles/SDL3-static.dir/src/video/cocoa/SDL_cocoamodes.m.o
[ 58%] Building OBJC object sdl/CMakeFiles/SDL3-static.dir/src/video/cocoa/SDL_cocoamouse.m.o
[ 59%] Building OBJC object sdl/CMakeFiles/SDL3-static.dir/src/video/cocoa/SDL_cocoaopengl.m.o
[ 59%] Building OBJC object sdl/CMakeFiles/SDL3-static.dir/src/video/cocoa/SDL_cocoaopengles.m.o
[ 59%] Building OBJC object sdl/CMakeFiles/SDL3-static.dir/src/video/cocoa/SDL_cocoapen.m.o
[ 59%] Building OBJC object sdl/CMakeFiles/SDL3-static.dir/src/video/cocoa/SDL_cocoashape.m.o
[ 60%] Building OBJC object sdl/CMakeFiles/SDL3-static.dir/src/video/cocoa/SDL_cocoavideo.m.o
[ 60%] Building OBJC object sdl/CMakeFiles/SDL3-static.dir/src/video/cocoa/SDL_cocoavulkan.m.o
[ 60%] Building OBJC object sdl/CMakeFiles/SDL3-static.dir/src/video/cocoa/SDL_cocoawindow.m.o
[ 60%] Building OBJC object sdl/CMakeFiles/SDL3-static.dir/src/render/metal/SDL_render_metal.m.o
[ 61%] Building OBJC object sdl/CMakeFiles/SDL3-static.dir/src/tray/cocoa/SDL_tray.m.o
[ 61%] Building C object sdl/CMakeFiles/SDL3-static.dir/src/thread/pthread/SDL_systhread.c.o
[ 61%] Building C object sdl/CMakeFiles/SDL3-static.dir/src/thread/pthread/SDL_sysmutex.c.o
[ 62%] Building C object sdl/CMakeFiles/SDL3-static.dir/src/thread/pthread/SDL_syscond.c.o
[ 62%] Building C object sdl/CMakeFiles/SDL3-static.dir/src/thread/pthread/SDL_sysrwlock.c.o
[ 62%] Building C object sdl/CMakeFiles/SDL3-static.dir/src/thread/pthread/SDL_systls.c.o
[ 62%] Building C object sdl/CMakeFiles/SDL3-static.dir/src/thread/pthread/SDL_syssem.c.o
[ 63%] Building C object sdl/CMakeFiles/SDL3-static.dir/src/dialog/SDL_dialog.c.o
[ 63%] Building C object sdl/CMakeFiles/SDL3-static.dir/src/dialog/SDL_dialog_utils.c.o
[ 63%] Building OBJC object sdl/CMakeFiles/SDL3-static.dir/src/dialog/cocoa/SDL_cocoadialog.m.o
[ 63%] Building C object sdl/CMakeFiles/SDL3-static.dir/src/process/SDL_process.c.o
[ 64%] Building C object sdl/CMakeFiles/SDL3-static.dir/src/process/posix/SDL_posixprocess.c.o
[ 64%] Building C object sdl/CMakeFiles/SDL3-static.dir/src/video/offscreen/SDL_offscreenevents.c.o
[ 64%] Building C object sdl/CMakeFiles/SDL3-static.dir/src/video/offscreen/SDL_offscreenopengles.c.o
[ 64%] Building C object sdl/CMakeFiles/SDL3-static.dir/src/video/offscreen/SDL_offscreenframebuffer.c.o
[ 65%] Building C object sdl/CMakeFiles/SDL3-static.dir/src/video/offscreen/SDL_offscreenvulkan.c.o
[ 65%] Building C object sdl/CMakeFiles/SDL3-static.dir/src/video/offscreen/SDL_offscreenvideo.c.o
[ 65%] Building C object sdl/CMakeFiles/SDL3-static.dir/src/video/offscreen/SDL_offscreenwindow.c.o
[ 65%] Building C object sdl/CMakeFiles/SDL3-static.dir/src/tray/SDL_tray_utils.c.o
[ 66%] Building C object sdl/CMakeFiles/SDL3-static.dir/src/gpu/vulkan/SDL_gpu_vulkan.c.o
[ 66%] Building OBJC object sdl/CMakeFiles/SDL3-static.dir/src/gpu/metal/SDL_gpu_metal.m.o
[ 66%] Building C object sdl/CMakeFiles/SDL3-static.dir/src/sensor/dummy/SDL_dummysensor.c.o
[ 66%] Building C object sdl/CMakeFiles/SDL3-static.dir/src/main/generic/SDL_sysmain_callbacks.c.o
[ 66%] Building C object sdl/CMakeFiles/SDL3-static.dir/src/SDL.c.o
[ 66%] Building C object sdl/CMakeFiles/SDL3-static.dir/src/SDL_assert.c.o
[ 67%] Building C object sdl/CMakeFiles/SDL3-static.dir/src/SDL_error.c.o
[ 67%] Building C object sdl/CMakeFiles/SDL3-static.dir/src/SDL_guid.c.o
[ 67%] Building C object sdl/CMakeFiles/SDL3-static.dir/src/SDL_hashtable.c.o
[ 67%] Building C object sdl/CMakeFiles/SDL3-static.dir/src/SDL_hints.c.o
[ 68%] Building C object sdl/CMakeFiles/SDL3-static.dir/src/SDL_list.c.o
[ 68%] Building C object sdl/CMakeFiles/SDL3-static.dir/src/SDL_log.c.o
[ 68%] Building C object sdl/CMakeFiles/SDL3-static.dir/src/SDL_properties.c.o
[ 68%] Building C object sdl/CMakeFiles/SDL3-static.dir/src/SDL_utils.c.o
[ 69%] Building C object sdl/CMakeFiles/SDL3-static.dir/src/atomic/SDL_atomic.c.o
[ 69%] Building C object sdl/CMakeFiles/SDL3-static.dir/src/atomic/SDL_spinlock.c.o
[ 69%] Building C object sdl/CMakeFiles/SDL3-static.dir/src/audio/SDL_audio.c.o
[ 69%] Building C object sdl/CMakeFiles/SDL3-static.dir/src/audio/SDL_audiocvt.c.o
[ 70%] Building C object sdl/CMakeFiles/SDL3-static.dir/src/audio/SDL_audiodev.c.o
[ 70%] Building C object sdl/CMakeFiles/SDL3-static.dir/src/audio/SDL_audioqueue.c.o
[ 70%] Building C object sdl/CMakeFiles/SDL3-static.dir/src/audio/SDL_audioresample.c.o
[ 70%] Building C object sdl/CMakeFiles/SDL3-static.dir/src/audio/SDL_audiotypecvt.c.o
[ 71%] Building C object sdl/CMakeFiles/SDL3-static.dir/src/audio/SDL_mixer.c.o
[ 71%] Building C object sdl/CMakeFiles/SDL3-static.dir/src/audio/SDL_wave.c.o
[ 71%] Building C object sdl/CMakeFiles/SDL3-static.dir/src/camera/SDL_camera.c.o
[ 71%] Building C object sdl/CMakeFiles/SDL3-static.dir/src/core/SDL_core_unsupported.c.o
[ 72%] Building C object sdl/CMakeFiles/SDL3-static.dir/src/cpuinfo/SDL_cpuinfo.c.o
[ 73%] Linking C static library libSDL3.a
[ 73%] Built target SDL3-static
make: *** [all] Error 2
