[  0%] Built target engine_core
[  2%] Built target bx
[  3%] Built target spirv-cross
[  8%] Built target glslang
[ 31%] Built target SDL3-static
[ 31%] Building CXX object CMakeFiles/engine_texture_data.dir/Source/Assets/TextureCatalog.cpp.o
[ 31%] Built target engine_state
[ 32%] Built target bimg_decode
[ 34%] Built target bimg
[ 34%] Built target engine_imgui
[ 36%] Built target bgfx
[ 36%] Linking CXX executable engine_state_tests
[ 36%] Built target engine_state_tests
[ 58%] Built target spirv-opt
[ 58%] Linking CXX executable engine_geometry_tests
[ 58%] Building CXX object CMakeFiles/engine_core_tests.dir/Tests/CoreTests.cpp.o
[ 59%] Built target engine_geometry_tests
[ 95%] Built target tint
[ 96%] Built target shaderc
[ 97%] Built target engine_shaders
[ 97%] Linking CXX static library libengine_texture_data.a
[ 97%] Linking CXX executable engine_core_tests
[ 97%] Built target engine_core_tests
[ 98%] Built target engine_texture_data
[ 98%] Building CXX object CMakeFiles/engine_texture_cook.dir/Apps/TextureCooker/main.cpp.o
[ 98%] Linking CXX executable engine_texture_tests
[100%] Linking CXX executable engine_workbench
[100%] Built target engine_texture_tests
ld: warning: ignoring duplicate libraries: 'bgfx/cmake/bx/libbx.a'
[100%] Built target engine_workbench
[100%] Linking CXX executable engine_texture_cook
[100%] Built target engine_texture_cook
