-- 
-- SDL3 was configured with the following options:
-- 
-- Platform: Darwin-25.5.0
-- 64-bit:   TRUE
-- Compiler: /Applications/Xcode.app/Contents/Developer/Toolchains/XcodeDefault.xctoolchain/usr/bin/cc
-- Revision: SDL-3.4.16-HEAD-HASH-NOTFOUND
-- Vendor:   
-- 
-- Subsystems:
--   Audio:    ON
--   Video:    ON
--   GPU:      ON
--   Render:   ON
--   Camera:   ON
--   Joystick: ON
--   Haptic:   ON
--   Hidapi:   ON
--   Power:    ON
--   Sensor:   ON
--   Dialog:   ON
--   Tray:     ON
-- 
-- Options:
--   SDL_ALSA                    (Wanted: OFF): OFF
--   SDL_ALSA_SHARED             (Wanted: OFF): OFF
--   SDL_ALTIVEC                 (Wanted: OFF): OFF
--   SDL_ARMNEON                 (Wanted: ON): ON
--   SDL_ASAN                    (Wanted: OFF): OFF
--   SDL_ASSEMBLY                (Wanted: ON): ON
--   SDL_ASSERTIONS              (Wanted: auto): auto
--   SDL_AVX                     (Wanted: OFF): OFF
--   SDL_AVX2                    (Wanted: OFF): OFF
--   SDL_AVX512F                 (Wanted: OFF): OFF
--   SDL_BACKGROUNDING_SIGNAL    (Wanted: OFF): OFF
--   SDL_CCACHE                  (Wanted: OFF): OFF
--   SDL_CLANG_TIDY              (Wanted: OFF): OFF
--   SDL_CLOCK_GETTIME           (Wanted: OFF): OFF
--   SDL_COCOA                   (Wanted: ON): ON
--   SDL_DBUS                    (Wanted: OFF): OFF
--   SDL_DEPS_SHARED             (Wanted: ON): OFF
--   SDL_DIRECTX                 (Wanted: OFF): OFF
--   SDL_DISKAUDIO               (Wanted: ON): ON
--   SDL_DLOPEN_NOTES            (Wanted: OFF): OFF
--   SDL_DUMMYAUDIO              (Wanted: ON): ON
--   SDL_DUMMYCAMERA             (Wanted: ON): ON
--   SDL_DUMMYVIDEO              (Wanted: ON): ON
--   SDL_EXAMPLES                (Wanted: OFF): OFF
--   SDL_EXAMPLES_LINK_SHARED    (Wanted: OFF): OFF
--   SDL_FOREGROUNDING_SIGNAL    (Wanted: OFF): OFF
--   SDL_FRIBIDI                 (Wanted: OFF): OFF
--   SDL_FRIBIDI_SHARED          (Wanted: OFF): OFF
--   SDL_GCC_ATOMICS             (Wanted: ON): ON
--   SDL_HIDAPI                  (Wanted: ON): ON
--   SDL_HIDAPI_JOYSTICK         (Wanted: ON): ON
--   SDL_HIDAPI_LIBUSB           (Wanted: ON): ON
--   SDL_HIDAPI_LIBUSB_SHARED    (Wanted: ON): ON
--   SDL_IBUS                    (Wanted: OFF): OFF
--   SDL_INSTALL                 (Wanted: OFF): OFF
--   SDL_INSTALL_TESTS           (Wanted: OFF): OFF
--   SDL_JACK                    (Wanted: OFF): OFF
--   SDL_JACK_SHARED             (Wanted: OFF): OFF
--   SDL_KMSDRM                  (Wanted: OFF): OFF
--   SDL_KMSDRM_SHARED           (Wanted: OFF): OFF
--   SDL_LASX                    (Wanted: OFF): OFF
--   SDL_LIBC                    (Wanted: ON): ON
--   SDL_LIBICONV                (Wanted: OFF): OFF
--   SDL_LIBTHAI                 (Wanted: OFF): OFF
--   SDL_LIBTHAI_SHARED          (Wanted: OFF): OFF
--   SDL_LIBUDEV                 (Wanted: ON): OFF
--   SDL_LIBURING                (Wanted: OFF): OFF
--   SDL_LSX                     (Wanted: OFF): OFF
--   SDL_METAL                   (Wanted: ON): ON
--   SDL_MMX                     (Wanted: OFF): OFF
--   SDL_OFFSCREEN               (Wanted: ON): ON
--   SDL_OPENGL                  (Wanted: ON): ON
--   SDL_OPENGLES                (Wanted: ON): ON
--   SDL_OPENVR                  (Wanted: OFF): OFF
--   SDL_OSS                     (Wanted: OFF): OFF
--   SDL_PIPEWIRE                (Wanted: OFF): OFF
--   SDL_PIPEWIRE_SHARED         (Wanted: OFF): OFF
--   SDL_PTHREADS                (Wanted: ON): ON
--   SDL_PTHREADS_SEM            (Wanted: ON): ON
--   SDL_PULSEAUDIO              (Wanted: OFF): OFF
--   SDL_PULSEAUDIO_SHARED       (Wanted: OFF): OFF
--   SDL_RENDER_D3D              (Wanted: OFF): OFF
--   SDL_RENDER_D3D11            (Wanted: OFF): OFF
--   SDL_RENDER_D3D12            (Wanted: OFF): OFF
--   SDL_RENDER_GPU              (Wanted: ON): ON
--   SDL_RENDER_METAL            (Wanted: ON): ON
--   SDL_RENDER_VULKAN           (Wanted: ON): ON
--   SDL_ROCKCHIP                (Wanted: OFF): OFF
--   SDL_RPATH                   (Wanted: ON): OFF
--   SDL_RPI                     (Wanted: OFF): OFF
--   SDL_SNDIO                   (Wanted: OFF): OFF
--   SDL_SNDIO_SHARED            (Wanted: OFF): OFF
--   SDL_SSE                     (Wanted: OFF): OFF
--   SDL_SSE2                    (Wanted: OFF): OFF
--   SDL_SSE3                    (Wanted: OFF): OFF
--   SDL_SSE4_1                  (Wanted: OFF): OFF
--   SDL_SSE4_2                  (Wanted: OFF): OFF
--   SDL_SYSTEM_ICONV            (Wanted: OFF): OFF
--   SDL_TESTS                   (Wanted: OFF): OFF
--   SDL_TESTS_LINK_SHARED       (Wanted: OFF): OFF
--   SDL_UNINSTALL               (Wanted: OFF): OFF
--   SDL_VIRTUAL_JOYSTICK        (Wanted: ON): ON
--   SDL_VIVANTE                 (Wanted: OFF): OFF
--   SDL_VULKAN                  (Wanted: ON): ON
--   SDL_WASAPI                  (Wanted: OFF): OFF
--   SDL_WAYLAND                 (Wanted: OFF): OFF
--   SDL_WAYLAND_LIBDECOR        (Wanted: OFF): OFF
--   SDL_WAYLAND_LIBDECOR_SHARED (Wanted: OFF): OFF
--   SDL_WAYLAND_SHARED          (Wanted: OFF): OFF
--   SDL_X11                     (Wanted: OFF): OFF
--   SDL_X11_SHARED              (Wanted: OFF): OFF
--   SDL_X11_XCURSOR             (Wanted: OFF): OFF
--   SDL_X11_XDBE                (Wanted: OFF): OFF
--   SDL_X11_XFIXES              (Wanted: OFF): OFF
--   SDL_X11_XINPUT              (Wanted: OFF): OFF
--   SDL_X11_XRANDR              (Wanted: OFF): OFF
--   SDL_X11_XSCRNSAVER          (Wanted: OFF): OFF
--   SDL_X11_XSHAPE              (Wanted: OFF): OFF
--   SDL_X11_XSYNC               (Wanted: OFF): OFF
--   SDL_X11_XTEST               (Wanted: OFF): OFF
--   SDL_XINPUT                  (Wanted: OFF): OFF
-- 
--  Build Shared Library: OFF
--  Build Static Library: ON
--  Build libraries as Apple Framework: OFF
-- 
-- Enabled backends:
--   Video drivers: cocoa dummy offscreen
--   Render drivers: gpu metal ogl ogl_es2 vulkan
--   GPU drivers: metal vulkan
--   Audio drivers: coreaudio disk dummy
--   Joystick drivers: hidapi iokit mfi virtual
--   Camera drivers: coremedia dummy
-- 
-- If something was not detected, although the libraries
-- were installed, then make sure you have set the
-- CMAKE_C_FLAGS and CMAKE_PREFIX_PATH CMake variables correctly.
-- 
-- Configuring done (0.3s)
-- Generating done (0.3s)
-- Build files have been written to: /Users/worldbuilder/Desktop/Booter & BigARM/Engine/.cache/probe-build
[  1%] Building CXX object CMakeFiles/probe_imgui.dir/Users/worldbuilder/Desktop/Booter_&_BigARM/Engine/.cache/probe-sources/imgui/imgui.cpp.o
[  1%] Building CXX object CMakeFiles/probe_imgui.dir/Users/worldbuilder/Desktop/Booter_&_BigARM/Engine/.cache/probe-sources/imgui/imgui_draw.cpp.o
[  8%] Built target bx
[  8%] Building CXX object CMakeFiles/probe_imgui.dir/Users/worldbuilder/Desktop/Booter_&_BigARM/Engine/.cache/probe-sources/imgui/imgui_tables.cpp.o
[  8%] Building CXX object CMakeFiles/probe_imgui.dir/Users/worldbuilder/Desktop/Booter_&_BigARM/Engine/.cache/probe-sources/imgui/imgui_widgets.cpp.o
[ 73%] Built target SDL3-static
[ 80%] Built target bimg
[ 82%] Built target bimg_decode
[ 82%] Building CXX object bgfx/cmake/bimg/CMakeFiles/bimg_encode.dir/Users/worldbuilder/Desktop/Booter_&_BigARM/Engine/.cache/probe-sources/bimg/3rdparty/edtaa3/edtaa3func.cpp.o
[ 82%] Building CXX object bgfx/cmake/bimg/CMakeFiles/bimg_encode.dir/Users/worldbuilder/Desktop/Booter_&_BigARM/Engine/.cache/probe-sources/bimg/3rdparty/etc1/etc1.cpp.o
[ 83%] Building CXX object bgfx/cmake/bimg/CMakeFiles/bimg_encode.dir/Users/worldbuilder/Desktop/Booter_&_BigARM/Engine/.cache/probe-sources/bimg/3rdparty/etcpak/Dither.cpp.o
[ 83%] Building CXX object bgfx/cmake/bimg/CMakeFiles/bimg_encode.dir/Users/worldbuilder/Desktop/Booter_&_BigARM/Engine/.cache/probe-sources/bimg/3rdparty/etcpak/ProcessRGB.cpp.o
[ 83%] Building CXX object bgfx/cmake/bimg/CMakeFiles/bimg_encode.dir/Users/worldbuilder/Desktop/Booter_&_BigARM/Engine/.cache/probe-sources/bimg/3rdparty/etcpak/Tables.cpp.o
[ 83%] Building C object bgfx/cmake/bimg/CMakeFiles/bimg_encode.dir/Users/worldbuilder/Desktop/Booter_&_BigARM/Engine/.cache/probe-sources/bimg/3rdparty/iqa/source/convolve.c.o
[ 84%] Building C object bgfx/cmake/bimg/CMakeFiles/bimg_encode.dir/Users/worldbuilder/Desktop/Booter_&_BigARM/Engine/.cache/probe-sources/bimg/3rdparty/iqa/source/decimate.c.o
[ 84%] Building C object bgfx/cmake/bimg/CMakeFiles/bimg_encode.dir/Users/worldbuilder/Desktop/Booter_&_BigARM/Engine/.cache/probe-sources/bimg/3rdparty/iqa/source/math_utils.c.o
[ 84%] Building C object bgfx/cmake/bimg/CMakeFiles/bimg_encode.dir/Users/worldbuilder/Desktop/Booter_&_BigARM/Engine/.cache/probe-sources/bimg/3rdparty/iqa/source/ms_ssim.c.o
[ 84%] Building C object bgfx/cmake/bimg/CMakeFiles/bimg_encode.dir/Users/worldbuilder/Desktop/Booter_&_BigARM/Engine/.cache/probe-sources/bimg/3rdparty/iqa/source/mse.c.o
[ 85%] Building C object bgfx/cmake/bimg/CMakeFiles/bimg_encode.dir/Users/worldbuilder/Desktop/Booter_&_BigARM/Engine/.cache/probe-sources/bimg/3rdparty/iqa/source/psnr.c.o
[ 85%] Building C object bgfx/cmake/bimg/CMakeFiles/bimg_encode.dir/Users/worldbuilder/Desktop/Booter_&_BigARM/Engine/.cache/probe-sources/bimg/3rdparty/iqa/source/ssim.c.o
[ 85%] Building CXX object bgfx/cmake/bimg/CMakeFiles/bimg_encode.dir/Users/worldbuilder/Desktop/Booter_&_BigARM/Engine/.cache/probe-sources/bimg/3rdparty/libsquish/alpha.cpp.o
/Users/worldbuilder/Desktop/Booter & BigARM/Engine/.cache/probe-sources/bimg/3rdparty/etcpak/ProcessRGB.cpp:2728:25: warning: logical not is only applied to the left hand side of this bitwise operator [-Wlogical-not-parentheses]
 2728 |     bit = ( a & c ) | ( !a & b & c & d ) | ( a & b & !c & d );
      |                         ^  ~
/Users/worldbuilder/Desktop/Booter & BigARM/Engine/.cache/probe-sources/bimg/3rdparty/etcpak/ProcessRGB.cpp:2728:25: note: add parentheses after the '!' to evaluate the bitwise operator first
 2728 |     bit = ( a & c ) | ( !a & b & c & d ) | ( a & b & !c & d );
      |                         ^
      |                          (    )
/Users/worldbuilder/Desktop/Booter & BigARM/Engine/.cache/probe-sources/bimg/3rdparty/etcpak/ProcessRGB.cpp:2728:25: note: add parentheses around left hand side expression to silence this warning
 2728 |     bit = ( a & c ) | ( !a & b & c & d ) | ( a & b & !c & d );
      |                         ^
      |                         ( )
/Users/worldbuilder/Desktop/Booter & BigARM/Engine/.cache/probe-sources/bimg/3rdparty/etcpak/ProcessRGB.cpp:2731:50: warning: logical not is only applied to the left hand side of this bitwise operator [-Wlogical-not-parentheses]
 2731 |     thumbTW1 = ( thumbTW1 & ~( 0x1 << 26 ) ) | ( !bit & 0x1 ) << 26;
      |                                                  ^    ~
/Users/worldbuilder/Desktop/Booter & BigARM/Engine/.cache/probe-sources/bimg/3rdparty/etcpak/ProcessRGB.cpp:2731:50: note: add parentheses after the '!' to evaluate the bitwise operator first
 2731 |     thumbTW1 = ( thumbTW1 & ~( 0x1 << 26 ) ) | ( !bit & 0x1 ) << 26;
      |                                                  ^
      |                                                   (        )
/Users/worldbuilder/Desktop/Booter & BigARM/Engine/.cache/probe-sources/bimg/3rdparty/etcpak/ProcessRGB.cpp:2731:50: note: add parentheses around left hand side expression to silence this warning
 2731 |     thumbTW1 = ( thumbTW1 & ~( 0x1 << 26 ) ) | ( !bit & 0x1 ) << 26;
      |                                                  ^
      |                                                  (   )
/Users/worldbuilder/Desktop/Booter & BigARM/Engine/.cache/probe-sources/bimg/3rdparty/etcpak/ProcessRGB.cpp:2800:52: warning: logical not is only applied to the left hand side of this bitwise operator [-Wlogical-not-parentheses]
 2800 |     thumbHW1 = ( thumbHW1 & ~( 0x1 << 31 ) ) | ( ( !bit & 0x1 ) << 31 );
      |                                                    ^    ~
/Users/worldbuilder/Desktop/Booter & BigARM/Engine/.cache/probe-sources/bimg/3rdparty/etcpak/ProcessRGB.cpp:2800:52: note: add parentheses after the '!' to evaluate the bitwise operator first
 2800 |     thumbHW1 = ( thumbHW1 & ~( 0x1 << 31 ) ) | ( ( !bit & 0x1 ) << 31 );
      |                                                    ^
      |                                                     (        )
/Users/worldbuilder/Desktop/Booter & BigARM/Engine/.cache/probe-sources/bimg/3rdparty/etcpak/ProcessRGB.cpp:2800:52: note: add parentheses around left hand side expression to silence this warning
 2800 |     thumbHW1 = ( thumbHW1 & ~( 0x1 << 31 ) ) | ( ( !bit & 0x1 ) << 31 );
      |                                                    ^
      |                                                    (   )
/Users/worldbuilder/Desktop/Booter & BigARM/Engine/.cache/probe-sources/bimg/3rdparty/etcpak/ProcessRGB.cpp:2809:25: warning: logical not is only applied to the left hand side of this bitwise operator [-Wlogical-not-parentheses]
 2809 |     bit = ( a & c ) | ( !a & b & c & d ) | ( a & b & !c & d );
      |                         ^  ~
/Users/worldbuilder/Desktop/Booter & BigARM/Engine/.cache/probe-sources/bimg/3rdparty/etcpak/ProcessRGB.cpp:2809:25: note: add parentheses after the '!' to evaluate the bitwise operator first
 2809 |     bit = ( a & c ) | ( !a & b & c & d ) | ( a & b & !c & d );
      |                         ^
      |                          (    )
/Users/worldbuilder/Desktop/Booter & BigARM/Engine/.cache/probe-sources/bimg/3rdparty/etcpak/ProcessRGB.cpp:2809:25: note: add parentheses around left hand side expression to silence this warning
 2809 |     bit = ( a & c ) | ( !a & b & c & d ) | ( a & b & !c & d );
      |                         ^
      |                         ( )
/Users/worldbuilder/Desktop/Booter & BigARM/Engine/.cache/probe-sources/bimg/3rdparty/etcpak/ProcessRGB.cpp:2812:52: warning: logical not is only applied to the left hand side of this bitwise operator [-Wlogical-not-parentheses]
 2812 |     thumbHW1 = ( thumbHW1 & ~( 0x1 << 18 ) ) | ( ( !bit & 0x1 ) << 18 );
      |                                                    ^    ~
/Users/worldbuilder/Desktop/Booter & BigARM/Engine/.cache/probe-sources/bimg/3rdparty/etcpak/ProcessRGB.cpp:2812:52: note: add parentheses after the '!' to evaluate the bitwise operator first
 2812 |     thumbHW1 = ( thumbHW1 & ~( 0x1 << 18 ) ) | ( ( !bit & 0x1 ) << 18 );
      |                                                    ^
      |                                                     (        )
/Users/worldbuilder/Desktop/Booter & BigARM/Engine/.cache/probe-sources/bimg/3rdparty/etcpak/ProcessRGB.cpp:2812:52: note: add parentheses around left hand side expression to silence this warning
 2812 |     thumbHW1 = ( thumbHW1 & ~( 0x1 << 18 ) ) | ( ( !bit & 0x1 ) << 18 );
      |                                                    ^
      |                                                    (   )
[ 85%] Building CXX object bgfx/cmake/bimg/CMakeFiles/bimg_encode.dir/Users/worldbuilder/Desktop/Booter_&_BigARM/Engine/.cache/probe-sources/bimg/3rdparty/libsquish/clusterfit.cpp.o
[ 86%] Linking CXX static library libprobe_imgui.a
[ 86%] Built target probe_imgui
[ 87%] Building CXX object bgfx/cmake/bimg/CMakeFiles/bimg_encode.dir/Users/worldbuilder/Desktop/Booter_&_BigARM/Engine/.cache/probe-sources/bimg/3rdparty/libsquish/colourblock.cpp.o
5 warnings generated.
[ 87%] Building CXX object bgfx/cmake/bimg/CMakeFiles/bimg_encode.dir/Users/worldbuilder/Desktop/Booter_&_BigARM/Engine/.cache/probe-sources/bimg/3rdparty/libsquish/colourfit.cpp.o
[ 87%] Building CXX object bgfx/cmake/bimg/CMakeFiles/bimg_encode.dir/Users/worldbuilder/Desktop/Booter_&_BigARM/Engine/.cache/probe-sources/bimg/3rdparty/libsquish/colourset.cpp.o
[ 87%] Building CXX object bgfx/cmake/bimg/CMakeFiles/bimg_encode.dir/Users/worldbuilder/Desktop/Booter_&_BigARM/Engine/.cache/probe-sources/bimg/3rdparty/libsquish/maths.cpp.o
[ 88%] Building CXX object bgfx/cmake/bimg/CMakeFiles/bimg_encode.dir/Users/worldbuilder/Desktop/Booter_&_BigARM/Engine/.cache/probe-sources/bimg/3rdparty/libsquish/rangefit.cpp.o
[ 88%] Building CXX object bgfx/cmake/bimg/CMakeFiles/bimg_encode.dir/Users/worldbuilder/Desktop/Booter_&_BigARM/Engine/.cache/probe-sources/bimg/3rdparty/libsquish/singlecolourfit.cpp.o
[ 88%] Building CXX object bgfx/cmake/bimg/CMakeFiles/bimg_encode.dir/Users/worldbuilder/Desktop/Booter_&_BigARM/Engine/.cache/probe-sources/bimg/3rdparty/libsquish/squish.cpp.o
[ 88%] Building CXX object bgfx/cmake/bimg/CMakeFiles/bimg_encode.dir/Users/worldbuilder/Desktop/Booter_&_BigARM/Engine/.cache/probe-sources/bimg/3rdparty/nvtt/bc6h/zoh.cpp.o
[ 89%] Building CXX object bgfx/cmake/bimg/CMakeFiles/bimg_encode.dir/Users/worldbuilder/Desktop/Booter_&_BigARM/Engine/.cache/probe-sources/bimg/3rdparty/nvtt/bc6h/zoh_utils.cpp.o
[ 89%] Building CXX object bgfx/cmake/bimg/CMakeFiles/bimg_encode.dir/Users/worldbuilder/Desktop/Booter_&_BigARM/Engine/.cache/probe-sources/bimg/3rdparty/nvtt/bc6h/zohone.cpp.o
[ 89%] Building CXX object bgfx/cmake/bimg/CMakeFiles/bimg_encode.dir/Users/worldbuilder/Desktop/Booter_&_BigARM/Engine/.cache/probe-sources/bimg/3rdparty/nvtt/bc6h/zohtwo.cpp.o
[ 89%] Building CXX object bgfx/cmake/bgfx/CMakeFiles/bgfx.dir/Users/worldbuilder/Desktop/Booter_&_BigARM/Engine/.cache/probe-sources/bgfx/src/bgfx.cpp.o
[ 90%] Building CXX object bgfx/cmake/bimg/CMakeFiles/bimg_encode.dir/Users/worldbuilder/Desktop/Booter_&_BigARM/Engine/.cache/probe-sources/bimg/3rdparty/nvtt/bc7/avpcl.cpp.o
[ 90%] Building CXX object bgfx/cmake/bimg/CMakeFiles/bimg_encode.dir/Users/worldbuilder/Desktop/Booter_&_BigARM/Engine/.cache/probe-sources/bimg/3rdparty/nvtt/bc7/avpcl_mode0.cpp.o
[ 90%] Building CXX object bgfx/cmake/bimg/CMakeFiles/bimg_encode.dir/Users/worldbuilder/Desktop/Booter_&_BigARM/Engine/.cache/probe-sources/bimg/3rdparty/nvtt/bc7/avpcl_mode1.cpp.o
[ 90%] Building CXX object bgfx/cmake/bimg/CMakeFiles/bimg_encode.dir/Users/worldbuilder/Desktop/Booter_&_BigARM/Engine/.cache/probe-sources/bimg/3rdparty/nvtt/bc7/avpcl_mode2.cpp.o
[ 91%] Building CXX object bgfx/cmake/bimg/CMakeFiles/bimg_encode.dir/Users/worldbuilder/Desktop/Booter_&_BigARM/Engine/.cache/probe-sources/bimg/3rdparty/nvtt/bc7/avpcl_mode3.cpp.o
[ 91%] Building CXX object bgfx/cmake/bimg/CMakeFiles/bimg_encode.dir/Users/worldbuilder/Desktop/Booter_&_BigARM/Engine/.cache/probe-sources/bimg/3rdparty/nvtt/bc7/avpcl_mode4.cpp.o
[ 91%] Building CXX object bgfx/cmake/bimg/CMakeFiles/bimg_encode.dir/Users/worldbuilder/Desktop/Booter_&_BigARM/Engine/.cache/probe-sources/bimg/3rdparty/nvtt/bc7/avpcl_mode5.cpp.o
[ 91%] Building CXX object bgfx/cmake/bimg/CMakeFiles/bimg_encode.dir/Users/worldbuilder/Desktop/Booter_&_BigARM/Engine/.cache/probe-sources/bimg/3rdparty/nvtt/bc7/avpcl_mode6.cpp.o
[ 92%] Building CXX object bgfx/cmake/bimg/CMakeFiles/bimg_encode.dir/Users/worldbuilder/Desktop/Booter_&_BigARM/Engine/.cache/probe-sources/bimg/3rdparty/nvtt/bc7/avpcl_mode7.cpp.o
[ 92%] Building CXX object bgfx/cmake/bimg/CMakeFiles/bimg_encode.dir/Users/worldbuilder/Desktop/Booter_&_BigARM/Engine/.cache/probe-sources/bimg/3rdparty/nvtt/bc7/avpcl_utils.cpp.o
[ 92%] Building CXX object bgfx/cmake/bimg/CMakeFiles/bimg_encode.dir/Users/worldbuilder/Desktop/Booter_&_BigARM/Engine/.cache/probe-sources/bimg/3rdparty/nvtt/nvmath/fitting.cpp.o
/Users/worldbuilder/Desktop/Booter & BigARM/Engine/.cache/probe-sources/bimg/3rdparty/nvtt/nvmath/fitting.cpp:698:9: warning: first argument in call to 'memcpy' is a pointer to non-trivially copyable type 'Matrix' [-Wnontrivial-memcall]
  698 |         memcpy(&A, mat, sizeof(float)*n*n);
      |                ^
/Users/worldbuilder/Desktop/Booter & BigARM/Engine/.cache/probe-sources/bimg/3rdparty/nvtt/nvmath/fitting.cpp:698:9: note: explicitly cast the pointer to silence this warning
  698 |         memcpy(&A, mat, sizeof(float)*n*n);
      |                ^
      |                (void*)
[ 92%] Building CXX object bgfx/cmake/bimg/CMakeFiles/bimg_encode.dir/Users/worldbuilder/Desktop/Booter_&_BigARM/Engine/.cache/probe-sources/bimg/3rdparty/nvtt/nvtt.cpp.o
[ 93%] Building CXX object bgfx/cmake/bimg/CMakeFiles/bimg_encode.dir/Users/worldbuilder/Desktop/Booter_&_BigARM/Engine/.cache/probe-sources/bimg/3rdparty/pvrtc/BitScale.cpp.o
[ 93%] Building CXX object bgfx/cmake/bimg/CMakeFiles/bimg_encode.dir/Users/worldbuilder/Desktop/Booter_&_BigARM/Engine/.cache/probe-sources/bimg/3rdparty/pvrtc/MortonTable.cpp.o
[ 93%] Building CXX object bgfx/cmake/bimg/CMakeFiles/bimg_encode.dir/Users/worldbuilder/Desktop/Booter_&_BigARM/Engine/.cache/probe-sources/bimg/3rdparty/pvrtc/PvrTcDecoder.cpp.o
[ 93%] Building CXX object bgfx/cmake/bimg/CMakeFiles/bimg_encode.dir/Users/worldbuilder/Desktop/Booter_&_BigARM/Engine/.cache/probe-sources/bimg/3rdparty/pvrtc/PvrTcEncoder.cpp.o
1 warning generated.
[ 94%] Building CXX object bgfx/cmake/bimg/CMakeFiles/bimg_encode.dir/Users/worldbuilder/Desktop/Booter_&_BigARM/Engine/.cache/probe-sources/bimg/3rdparty/pvrtc/PvrTcPacket.cpp.o
[ 94%] Building CXX object bgfx/cmake/bimg/CMakeFiles/bimg_encode.dir/Users/worldbuilder/Desktop/Booter_&_BigARM/Engine/.cache/probe-sources/bimg/src/image_cubemap_filter.cpp.o
[ 94%] Building CXX object bgfx/cmake/bgfx/CMakeFiles/bgfx.dir/Users/worldbuilder/Desktop/Booter_&_BigARM/Engine/.cache/probe-sources/bgfx/src/debug_renderdoc.cpp.o
[ 94%] Building CXX object bgfx/cmake/bimg/CMakeFiles/bimg_encode.dir/Users/worldbuilder/Desktop/Booter_&_BigARM/Engine/.cache/probe-sources/bimg/src/image_encode.cpp.o
[ 94%] Building CXX object bgfx/cmake/bgfx/CMakeFiles/bgfx.dir/Users/worldbuilder/Desktop/Booter_&_BigARM/Engine/.cache/probe-sources/bgfx/src/dxgi.cpp.o
[ 95%] Building CXX object bgfx/cmake/bgfx/CMakeFiles/bgfx.dir/Users/worldbuilder/Desktop/Booter_&_BigARM/Engine/.cache/probe-sources/bgfx/src/glcontext_egl.cpp.o
[ 95%] Building CXX object bgfx/cmake/bgfx/CMakeFiles/bgfx.dir/Users/worldbuilder/Desktop/Booter_&_BigARM/Engine/.cache/probe-sources/bgfx/src/glcontext_html5.cpp.o
[ 95%] Building CXX object bgfx/cmake/bgfx/CMakeFiles/bgfx.dir/Users/worldbuilder/Desktop/Booter_&_BigARM/Engine/.cache/probe-sources/bgfx/src/glcontext_wgl.cpp.o
[ 96%] Building CXX object bgfx/cmake/bgfx/CMakeFiles/bgfx.dir/Users/worldbuilder/Desktop/Booter_&_BigARM/Engine/.cache/probe-sources/bgfx/src/nvapi.cpp.o
[ 96%] Building CXX object bgfx/cmake/bgfx/CMakeFiles/bgfx.dir/Users/worldbuilder/Desktop/Booter_&_BigARM/Engine/.cache/probe-sources/bgfx/src/renderer_agc.cpp.o
[ 96%] Building CXX object bgfx/cmake/bgfx/CMakeFiles/bgfx.dir/Users/worldbuilder/Desktop/Booter_&_BigARM/Engine/.cache/probe-sources/bgfx/src/renderer_d3d11.cpp.o
[ 96%] Building CXX object bgfx/cmake/bgfx/CMakeFiles/bgfx.dir/Users/worldbuilder/Desktop/Booter_&_BigARM/Engine/.cache/probe-sources/bgfx/src/renderer_d3d12.cpp.o
[ 97%] Building CXX object bgfx/cmake/bgfx/CMakeFiles/bgfx.dir/Users/worldbuilder/Desktop/Booter_&_BigARM/Engine/.cache/probe-sources/bgfx/src/renderer_gl.cpp.o
[ 97%] Building CXX object bgfx/cmake/bgfx/CMakeFiles/bgfx.dir/Users/worldbuilder/Desktop/Booter_&_BigARM/Engine/.cache/probe-sources/bgfx/src/renderer_gnm.cpp.o
[ 97%] Building CXX object bgfx/cmake/bgfx/CMakeFiles/bgfx.dir/Users/worldbuilder/Desktop/Booter_&_BigARM/Engine/.cache/probe-sources/bgfx/src/renderer_mtl.cpp.o
[ 97%] Building CXX object bgfx/cmake/bgfx/CMakeFiles/bgfx.dir/Users/worldbuilder/Desktop/Booter_&_BigARM/Engine/.cache/probe-sources/bgfx/src/renderer_noop.cpp.o
[ 97%] Linking CXX static library libbimg_encode.a
[ 97%] Built target bimg_encode
[ 98%] Building CXX object bgfx/cmake/bgfx/CMakeFiles/bgfx.dir/Users/worldbuilder/Desktop/Booter_&_BigARM/Engine/.cache/probe-sources/bgfx/src/renderer_nvn.cpp.o
[ 98%] Building CXX object bgfx/cmake/bgfx/CMakeFiles/bgfx.dir/Users/worldbuilder/Desktop/Booter_&_BigARM/Engine/.cache/probe-sources/bgfx/src/renderer_vk.cpp.o
[ 98%] Building CXX object bgfx/cmake/bgfx/CMakeFiles/bgfx.dir/Users/worldbuilder/Desktop/Booter_&_BigARM/Engine/.cache/probe-sources/bgfx/src/renderer_webgpu.cpp.o
[ 98%] Building CXX object bgfx/cmake/bgfx/CMakeFiles/bgfx.dir/Users/worldbuilder/Desktop/Booter_&_BigARM/Engine/.cache/probe-sources/bgfx/src/shader.cpp.o
[ 99%] Building CXX object bgfx/cmake/bgfx/CMakeFiles/bgfx.dir/Users/worldbuilder/Desktop/Booter_&_BigARM/Engine/.cache/probe-sources/bgfx/src/topology.cpp.o
[ 99%] Building CXX object bgfx/cmake/bgfx/CMakeFiles/bgfx.dir/Users/worldbuilder/Desktop/Booter_&_BigARM/Engine/.cache/probe-sources/bgfx/src/vertexlayout.cpp.o
[ 99%] Building CXX object bgfx/cmake/bgfx/CMakeFiles/bgfx.dir/Users/worldbuilder/Desktop/Booter_&_BigARM/Engine/.cache/probe-sources/bgfx/src/video_d3d11.cpp.o
[ 99%] Building CXX object bgfx/cmake/bgfx/CMakeFiles/bgfx.dir/Users/worldbuilder/Desktop/Booter_&_BigARM/Engine/.cache/probe-sources/bgfx/src/video_d3d12.cpp.o
[100%] Building CXX object bgfx/cmake/bgfx/CMakeFiles/bgfx.dir/Users/worldbuilder/Desktop/Booter_&_BigARM/Engine/.cache/probe-sources/bgfx/src/video_mtl.cpp.o
[100%] Building CXX object bgfx/cmake/bgfx/CMakeFiles/bgfx.dir/Users/worldbuilder/Desktop/Booter_&_BigARM/Engine/.cache/probe-sources/bgfx/src/video_vk.cpp.o
[100%] Linking CXX static library libbgfx.a
[100%] Built target bgfx
[100%] Building CXX object CMakeFiles/integration_probe.dir/main.cpp.o
/Users/worldbuilder/Desktop/Booter & BigARM/Engine/Research/Experiments/IntegrationProbe/main.cpp:31:10: error: no member named 'resolution' in 'bgfx::Init'
   31 |     init.resolution.width = 64;
      |     ~~~~ ^
/Users/worldbuilder/Desktop/Booter & BigARM/Engine/Research/Experiments/IntegrationProbe/main.cpp:32:10: error: no member named 'resolution' in 'bgfx::Init'
   32 |     init.resolution.height = 64;
      |     ~~~~ ^
2 errors generated.
make[2]: *** [CMakeFiles/integration_probe.dir/main.cpp.o] Error 1
make[1]: *** [CMakeFiles/integration_probe.dir/all] Error 2
make: *** [all] Error 2
