[TopDown3D Performance] Full-content telemetry mode enabled: production rendering, streaming, decoration, and generation settings remain unchanged.
[TopDown3D Performance] mode=full-content fps=0.5 frameMs avg=2115.96 p95=2115.96 p99=2115.96 cpu=0.00 gpu=0.00 resolution=1034x546 scale=1.00 textureMipLimit=0 managedMB=5 chunks=0 decorated=0 pendingTerrain=225 pendingDecoration=0 pendingTerrainCollider=0 renderers=0 colliders=0 decorationMeshes=0
[CanyonBenchmark] begin seed=24681357 source=96ef0728256ce0e5c5524173e588aa7f
[CanyonBenchmark] waypoint=0 abs=(416.74,342.39) center=(0, 0) loaded=1 decorated=0 pendingTerrain=224 pendingDecoration=2
[TopDown3D Performance] mode=full-content fps=32.0 frameMs avg=31.21 p95=42.07 p99=490.38 cpu=8.03 gpu=4.61 resolution=1034x546 scale=1.00 textureMipLimit=0 managedMB=35 chunks=15 decorated=1 pendingTerrain=210 pendingDecoration=14 pendingTerrainCollider=0 renderers=29 colliders=16 decorationMeshes=14
[TopDown3D Performance] mode=full-content fps=77.1 frameMs avg=12.97 p95=24.89 p99=90.98 cpu=10.02 gpu=5.13 resolution=1034x546 scale=1.00 textureMipLimit=0 managedMB=50 chunks=100 decorated=6 pendingTerrain=125 pendingDecoration=43 pendingTerrainCollider=0 renderers=286 colliders=94 decorationMeshes=138
[TopDown3D Performance] mode=full-content fps=99.9 frameMs avg=10.01 p95=16.30 p99=41.75 cpu=8.14 gpu=3.64 resolution=1034x546 scale=1.00 textureMipLimit=0 managedMB=55 chunks=174 decorated=11 pendingTerrain=51 pendingDecoration=79 pendingTerrainCollider=0 renderers=576 colliders=168 decorationMeshes=222
[TopDown3D Performance] mode=full-content fps=81.6 frameMs avg=12.25 p95=33.27 p99=74.50 cpu=16.65 gpu=4.23 resolution=1034x546 scale=1.00 textureMipLimit=0 managedMB=57 chunks=225 decorated=21 pendingTerrain=0 pendingDecoration=65 pendingTerrainCollider=0 renderers=981 colliders=288 decorationMeshes=362
[TopDown3D Performance] mode=full-content fps=63.4 frameMs avg=15.76 p95=41.69 p99=74.50 cpu=16.62 gpu=3.77 resolution=1034x546 scale=1.00 textureMipLimit=0 managedMB=53 chunks=225 decorated=38 pendingTerrain=0 pendingDecoration=11 pendingTerrainCollider=0 renderers=1987 colliders=697 decorationMeshes=913
[CanyonBenchmark] settled=0 center=(22, 19) loaded=225 decorated=42 pendingTerrain=0 pendingDecoration=41 terrainColliders=9 decorationColliders=807 adaptiveFar=0/49
[CanyonBenchmark] actual=0 abs=(398.67,-83.94,344.17) camera=(388.38, -63.62, 331.89)
[CanyonBenchmark] waypoint=1 abs=(452.74,342.39) center=(22, 19) loaded=225 decorated=42 pendingTerrain=0 pendingDecoration=41
[TopDown3D Performance] mode=full-content fps=66.5 frameMs avg=15.03 p95=33.34 p99=65.79 cpu=50.30 gpu=8.29 resolution=1034x546 scale=1.00 textureMipLimit=0 managedMB=59 chunks=240 decorated=29 pendingTerrain=0 pendingDecoration=20 pendingTerrainCollider=0 renderers=1710 colliders=597 decorationMeshes=780
[TopDown3D Performance] mode=full-content fps=81.5 frameMs avg=12.26 p95=26.12 p99=66.64 cpu=8.46 gpu=6.23 resolution=1034x546 scale=1.00 textureMipLimit=0 managedMB=56 chunks=240 decorated=38 pendingTerrain=0 pendingDecoration=44 pendingTerrainCollider=0 renderers=2262 colliders=788 decorationMeshes=1001
[CanyonAdaptiveFar] tile=-2,0 vertices=679 triangles=1292 selected=96 samples=492 elapsedMs=66.2
[CanyonAdaptiveFar] tile=3,0 vertices=636 triangles=1206 selected=96 samples=470 elapsedMs=58.3
[CanyonAdaptiveFar] tile=4,2 vertices=601 triangles=1136 selected=94 samples=452 elapsedMs=58.3
[CanyonAdaptiveFar] tile=1,3 vertices=827 triangles=1588 selected=96 samples=560 elapsedMs=66.9
[CanyonAdaptiveFar] tile=0,3 vertices=548 triangles=1030 selected=74 samples=416 elapsedMs=50.3
[CanyonAdaptiveFar] tile=1,1 vertices=766 triangles=1466 selected=96 samples=526 elapsedMs=66.7
[CanyonAdaptiveFar] tile=-2,2 vertices=761 triangles=1456 selected=96 samples=538 elapsedMs=65.8
[CanyonAdaptiveFar] tile=3,2 vertices=413 triangles=760 selected=32 samples=330 elapsedMs=42.4
[CanyonAdaptiveFar] tile=1,0 vertices=682 triangles=1298 selected=96 samples=495 elapsedMs=58.3
[TopDown3D Performance] mode=full-content fps=94.5 frameMs avg=10.58 p95=24.71 p99=41.39 cpu=8.31 gpu=6.78 resolution=1034x546 scale=1.00 textureMipLimit=0 managedMB=58 chunks=240 decorated=49 pendingTerrain=0 pendingDecoration=0 pendingTerrainCollider=0 renderers=2828 colliders=962 decorationMeshes=1165
[CanyonAdaptiveFar] tile=0,4 vertices=640 triangles=1214 selected=96 samples=472 elapsedMs=58.8
[CanyonAdaptiveFar] tile=-1,2 vertices=658 triangles=1250 selected=96 samples=480 elapsedMs=58.4
[CanyonAdaptiveFar] tile=2,1 vertices=821 triangles=1576 selected=96 samples=560 elapsedMs=66.7
[CanyonAdaptiveFar] tile=-1,-2 vertices=757 triangles=1448 selected=96 samples=519 elapsedMs=58.4
[CanyonAdaptiveFar] tile=3,-1 vertices=745 triangles=1424 selected=96 samples=519 elapsedMs=67.6
[CanyonAdaptiveFar] tile=-1,3 vertices=721 triangles=1376 selected=96 samples=518 elapsedMs=66.7
[CanyonAdaptiveFar] tile=2,-2 vertices=713 triangles=1360 selected=96 samples=513 elapsedMs=66.5
[CanyonAdaptiveFar] tile=3,-2 vertices=549 triangles=1032 selected=73 samples=413 elapsedMs=50.0
[CanyonAdaptiveFar] tile=2,0 vertices=701 triangles=1336 selected=96 samples=500 elapsedMs=58.4
[CanyonAdaptiveFar] tile=3,3 vertices=716 triangles=1366 selected=96 samples=512 elapsedMs=66.7
[CanyonAdaptiveFar] tile=-2,-1 vertices=605 triangles=1144 selected=88 samples=448 elapsedMs=50.0
[CanyonAdaptiveFar] tile=2,-1 vertices=777 triangles=1488 selected=96 samples=533 elapsedMs=66.8
[CanyonAdaptiveFar] tile=0,2 vertices=719 triangles=1372 selected=96 samples=516 elapsedMs=66.6
[CanyonAdaptiveFar] tile=-1,1 vertices=743 triangles=1420 selected=96 samples=523 elapsedMs=58.4
[CanyonAdaptiveFar] tile=4,-2 vertices=537 triangles=1008 selected=70 samples=408 elapsedMs=50.1
[CanyonAdaptiveFar] tile=-1,-1 vertices=689 triangles=1312 selected=96 samples=499 elapsedMs=58.4
[CanyonAdaptiveFar] tile=3,4 vertices=453 triangles=840 selected=46 samples=354 elapsedMs=50.9
[CanyonAdaptiveFar] tile=2,4 vertices=782 triangles=1498 selected=96 samples=547 elapsedMs=66.8
[CanyonAdaptiveFar] tile=-2,1 vertices=794 triangles=1522 selected=96 samples=542 elapsedMs=65.8
[CanyonAdaptiveFar] tile=-2,3 vertices=796 triangles=1526 selected=96 samples=550 elapsedMs=66.5
[CanyonAdaptiveFar] tile=1,4 vertices=716 triangles=1366 selected=96 samples=507 elapsedMs=58.4
[CanyonAdaptiveFar] tile=-2,-2 vertices=796 triangles=1526 selected=96 samples=540 elapsedMs=65.9
[CanyonBenchmark] settled=1 center=(25, 19) loaded=240 decorated=49 pendingTerrain=0 pendingDecoration=0 terrainColliders=9 decorationColliders=953 adaptiveFar=31/49
[CanyonBenchmark] waypoint=2 abs=(488.74,342.39) center=(25, 19) loaded=240 decorated=49 pendingTerrain=0 pendingDecoration=0
[TopDown3D Performance] mode=full-content fps=78.1 frameMs avg=12.81 p95=25.02 p99=100.30 cpu=7.97 gpu=8.14 resolution=1034x546 scale=1.00 textureMipLimit=0 managedMB=54 chunks=254 decorated=35 pendingTerrain=1 pendingDecoration=14 pendingTerrainCollider=0 renderers=2192 colliders=743 decorationMeshes=903
[TopDown3D Performance] mode=full-content fps=67.6 frameMs avg=14.79 p95=41.65 p99=100.30 cpu=7.87 gpu=6.28 resolution=1034x546 scale=1.00 textureMipLimit=0 managedMB=59 chunks=255 decorated=47 pendingTerrain=0 pendingDecoration=40 pendingTerrainCollider=0 renderers=2721 colliders=928 decorationMeshes=1138
[CanyonAdaptiveFar] tile=-1,4 vertices=750 triangles=1434 selected=96 samples=526 elapsedMs=10591.9
[CanyonAdaptiveFar] tile=1,-2 vertices=585 triangles=1104 selected=90 samples=439 elapsedMs=50.6
[CanyonAdaptiveFar] tile=1,2 vertices=667 triangles=1268 selected=96 samples=491 elapsedMs=58.5
[CanyonAdaptiveFar] tile=1,-1 vertices=788 triangles=1510 selected=96 samples=544 elapsedMs=66.8
[CanyonAdaptiveFar] tile=4,4 vertices=532 triangles=998 selected=68 samples=407 elapsedMs=50.4
[CanyonAdaptiveFar] tile=3,1 vertices=701 triangles=1336 selected=96 samples=504 elapsedMs=58.6
[CanyonAdaptiveFar] tile=0,-2 vertices=802 triangles=1538 selected=96 samples=542 elapsedMs=67.2
[CanyonAdaptiveFar] tile=2,2 vertices=745 triangles=1424 selected=96 samples=534 elapsedMs=66.9
[CanyonAdaptiveFar] tile=4,1 vertices=751 triangles=1436 selected=96 samples=527 elapsedMs=67.2
[CanyonAdaptiveFar] tile=0,0 vertices=616 triangles=1166 selected=92 samples=460 elapsedMs=58.5
[CanyonAdaptiveFar] tile=2,3 vertices=841 triangles=1616 selected=96 samples=579 elapsedMs=67.0
[CanyonAdaptiveFar] tile=-1,0 vertices=703 triangles=1340 selected=96 samples=506 elapsedMs=57.9
[CanyonAdaptiveFar] tile=0,-1 vertices=591 triangles=1116 selected=83 samples=440 elapsedMs=58.7
[CanyonAdaptiveFar] tile=4,0 vertices=653 triangles=1240 selected=96 samples=482 elapsedMs=58.0
[CanyonAdaptiveFar] tile=4,-1 vertices=780 triangles=1494 selected=96 samples=535 elapsedMs=66.9
[CanyonAdaptiveFar] tile=-2,4 vertices=796 triangles=1526 selected=96 samples=549 elapsedMs=66.7
[CanyonAdaptiveFar] tile=4,3 vertices=772 triangles=1478 selected=96 samples=546 elapsedMs=66.1
[CanyonAdaptiveFar] tile=0,1 vertices=748 triangles=1430 selected=96 samples=519 elapsedMs=66.7
[TopDown3D Performance] mode=full-content fps=116.5 frameMs avg=8.58 p95=9.14 p99=16.62 cpu=8.62 gpu=4.23 resolution=1034x546 scale=1.00 textureMipLimit=0 managedMB=59 chunks=255 decorated=49 pendingTerrain=0 pendingDecoration=0 pendingTerrainCollider=0 renderers=3118 colliders=1025 decorationMeshes=1175
[CanyonBenchmark] settled=2 center=(26, 19) loaded=255 decorated=49 pendingTerrain=0 pendingDecoration=0 terrainColliders=9 decorationColliders=1016 adaptiveFar=49/49
[CanyonBenchmark] actual=2 abs=(483.58,-75.25,342.96) camera=(473.27, -54.95, 330.64)
[CanyonBenchmark] waypoint=3 abs=(452.74,342.39) center=(26, 19) loaded=255 decorated=49 pendingTerrain=0 pendingDecoration=0
[TopDown3D Performance] mode=full-content fps=99.2 frameMs avg=10.08 p95=16.69 p99=41.67 cpu=8.34 gpu=3.74 resolution=1034x546 scale=1.00 textureMipLimit=0 managedMB=58 chunks=255 decorated=49 pendingTerrain=0 pendingDecoration=0 pendingTerrainCollider=0 renderers=2845 colliders=962 decorationMeshes=1165
[TopDown3D Performance] mode=full-content fps=120.0 frameMs avg=8.33 p95=9.21 p99=9.23 cpu=8.35 gpu=3.41 resolution=1034x546 scale=1.00 textureMipLimit=0 managedMB=59 chunks=255 decorated=49 pendingTerrain=0 pendingDecoration=0 pendingTerrainCollider=0 renderers=2845 colliders=962 decorationMeshes=1165
[TopDown3D Performance] mode=full-content fps=120.0 frameMs avg=8.34 p95=8.92 p99=9.22 cpu=8.34 gpu=3.73 resolution=1034x546 scale=1.00 textureMipLimit=0 managedMB=56 chunks=255 decorated=49 pendingTerrain=0 pendingDecoration=0 pendingTerrainCollider=0 renderers=2845 colliders=962 decorationMeshes=1165
[CanyonBenchmark] settled=3 center=(25, 19) loaded=255 decorated=49 pendingTerrain=0 pendingDecoration=0 terrainColliders=9 decorationColliders=953 adaptiveFar=49/49
[CanyonBenchmark] waypoint=4 abs=(416.74,342.39) center=(25, 19) loaded=255 decorated=49 pendingTerrain=0 pendingDecoration=0
[TopDown3D Performance] mode=full-content fps=97.9 frameMs avg=10.22 p95=16.69 p99=40.75 cpu=8.09 gpu=6.46 resolution=1034x546 scale=1.00 textureMipLimit=0 managedMB=59 chunks=253 decorated=41 pendingTerrain=0 pendingDecoration=8 pendingTerrainCollider=0 renderers=2321 colliders=777 decorationMeshes=954
[TopDown3D Performance] mode=full-content fps=77.8 frameMs avg=12.85 p95=32.19 p99=48.97 cpu=8.03 gpu=5.21 resolution=1034x546 scale=1.00 textureMipLimit=0 managedMB=58 chunks=252 decorated=49 pendingTerrain=0 pendingDecoration=0 pendingTerrainCollider=0 renderers=2532 colliders=893 decorationMeshes=1133
[TopDown3D Performance] mode=full-content fps=120.0 frameMs avg=8.33 p95=8.75 p99=9.18 cpu=8.33 gpu=7.28 resolution=1034x546 scale=1.00 textureMipLimit=0 managedMB=60 chunks=252 decorated=49 pendingTerrain=0 pendingDecoration=0 pendingTerrainCollider=0 renderers=2532 colliders=893 decorationMeshes=1133
[CanyonBenchmark] settled=4 center=(22, 19) loaded=252 decorated=49 pendingTerrain=0 pendingDecoration=0 terrainColliders=9 decorationColliders=884 adaptiveFar=49/49
[CanyonBenchmark] actual=4 abs=(402.25,-81.57,344.14) camera=(392.11, -61.14, 331.80)
[CanyonBenchmark] complete
