[TopDown3D Performance] Full-content telemetry mode enabled: production rendering, streaming, decoration, and generation settings remain unchanged.
[TopDown3D Performance] mode=full-content fps=0.5 frameMs avg=2118.48 p95=2118.48 p99=2118.48 cpu=0.00 gpu=0.00 resolution=1034x546 scale=1.00 textureMipLimit=0 managedMB=5 chunks=0 decorated=0 pendingTerrain=225 pendingDecoration=0 pendingTerrainCollider=0 renderers=0 colliders=0 decorationMeshes=0
[CanyonBenchmark] begin seed=24681357 source=96ef0728256ce0e5c5524173e588aa7f
[CanyonBenchmark] waypoint=0 abs=(416.74,342.39) center=(0, 0) loaded=1 decorated=0 pendingTerrain=224 pendingDecoration=2
[TopDown3D Performance] mode=full-content fps=32.0 frameMs avg=31.27 p95=14.74 p99=549.98 cpu=583.35 gpu=2.42 resolution=1034x546 scale=1.00 textureMipLimit=0 managedMB=32 chunks=2 decorated=0 pendingTerrain=223 pendingDecoration=2 pendingTerrainCollider=0 renderers=2 colliders=2 decorationMeshes=0
[TopDown3D Performance] mode=full-content fps=72.6 frameMs avg=13.78 p95=16.41 p99=100.53 cpu=13.65 gpu=5.21 resolution=1034x546 scale=1.00 textureMipLimit=0 managedMB=51 chunks=77 decorated=3 pendingTerrain=148 pendingDecoration=46 pendingTerrainCollider=0 renderers=150 colliders=44 decorationMeshes=64
[TopDown3D Performance] mode=full-content fps=83.7 frameMs avg=11.95 p95=16.75 p99=91.61 cpu=8.33 gpu=4.52 resolution=1034x546 scale=1.00 textureMipLimit=0 managedMB=61 chunks=170 decorated=8 pendingTerrain=55 pendingDecoration=41 pendingTerrainCollider=0 renderers=355 colliders=94 decorationMeshes=140
[TopDown3D Performance] mode=full-content fps=83.8 frameMs avg=11.93 p95=16.74 p99=50.05 cpu=11.41 gpu=6.11 resolution=1034x546 scale=1.00 textureMipLimit=0 managedMB=60 chunks=212 decorated=13 pendingTerrain=13 pendingDecoration=36 pendingTerrainCollider=0 renderers=708 colliders=178 decorationMeshes=220
[TopDown3D Performance] mode=full-content fps=73.0 frameMs avg=13.69 p95=33.23 p99=49.98 cpu=8.58 gpu=5.22 resolution=1034x546 scale=1.00 textureMipLimit=0 managedMB=54 chunks=225 decorated=27 pendingTerrain=0 pendingDecoration=22 pendingTerrainCollider=0 renderers=1465 colliders=471 decorationMeshes=565
[CanyonBenchmark] settled=0 center=(22, 19) loaded=225 decorated=30 pendingTerrain=0 pendingDecoration=19 terrainColliders=9 decorationColliders=557
[CanyonBenchmark] waypoint=1 abs=(452.74,342.39) center=(22, 19) loaded=225 decorated=30 pendingTerrain=0 pendingDecoration=19
[TopDown3D Performance] mode=full-content fps=59.0 frameMs avg=16.96 p95=41.64 p99=74.92 cpu=8.88 gpu=2.84 resolution=1034x546 scale=1.00 textureMipLimit=0 managedMB=61 chunks=240 decorated=25 pendingTerrain=0 pendingDecoration=24 pendingTerrainCollider=0 renderers=1395 colliders=488 decorationMeshes=636
[TopDown3D Performance] mode=full-content fps=66.4 frameMs avg=15.06 p95=33.35 p99=58.94 cpu=12.03 gpu=4.77 resolution=1034x546 scale=1.00 textureMipLimit=0 managedMB=64 chunks=240 decorated=35 pendingTerrain=0 pendingDecoration=45 pendingTerrainCollider=0 renderers=2053 colliders=721 decorationMeshes=925
[TopDown3D Performance] mode=full-content fps=80.0 frameMs avg=12.50 p95=25.00 p99=50.00 cpu=16.92 gpu=3.34 resolution=1034x546 scale=1.00 textureMipLimit=0 managedMB=55 chunks=240 decorated=44 pendingTerrain=0 pendingDecoration=5 pendingTerrainCollider=0 renderers=2540 colliders=886 decorationMeshes=1109
[CanyonBenchmark] settled=1 center=(25, 19) loaded=240 decorated=47 pendingTerrain=0 pendingDecoration=40 terrainColliders=9 decorationColliders=893
[CanyonBenchmark] waypoint=2 abs=(488.74,342.39) center=(25, 19) loaded=240 decorated=47 pendingTerrain=0 pendingDecoration=40
[TopDown3D Performance] mode=full-content fps=62.1 frameMs avg=16.10 p95=41.67 p99=91.57 cpu=7.45 gpu=5.01 resolution=1034x546 scale=1.00 textureMipLimit=0 managedMB=56 chunks=255 decorated=36 pendingTerrain=0 pendingDecoration=13 pendingTerrainCollider=0 renderers=2256 colliders=772 decorationMeshes=951
[TopDown3D Performance] mode=full-content fps=60.9 frameMs avg=16.43 p95=41.69 p99=91.57 cpu=25.65 gpu=8.12 resolution=1034x546 scale=1.00 textureMipLimit=0 managedMB=64 chunks=255 decorated=47 pendingTerrain=0 pendingDecoration=39 pendingTerrainCollider=0 renderers=2721 colliders=928 decorationMeshes=1116
[TopDown3D Performance] mode=full-content fps=91.0 frameMs avg=10.99 p95=16.63 p99=25.01 cpu=11.27 gpu=3.31 resolution=1034x546 scale=1.00 textureMipLimit=0 managedMB=59 chunks=255 decorated=49 pendingTerrain=0 pendingDecoration=0 pendingTerrainCollider=0 renderers=3118 colliders=1025 decorationMeshes=1175
[CanyonBenchmark] settled=2 center=(26, 19) loaded=255 decorated=49 pendingTerrain=0 pendingDecoration=0 terrainColliders=9 decorationColliders=1016
[CanyonBenchmark] waypoint=3 abs=(452.74,342.39) center=(26, 19) loaded=255 decorated=49 pendingTerrain=0 pendingDecoration=0
[TopDown3D Performance] mode=full-content fps=78.8 frameMs avg=12.69 p95=16.92 p99=41.68 cpu=8.90 gpu=5.12 resolution=1034x546 scale=1.00 textureMipLimit=0 managedMB=62 chunks=255 decorated=49 pendingTerrain=0 pendingDecoration=0 pendingTerrainCollider=0 renderers=2845 colliders=962 decorationMeshes=1165
[TopDown3D Performance] mode=full-content fps=89.6 frameMs avg=11.16 p95=16.05 p99=16.61 cpu=12.02 gpu=5.45 resolution=1034x546 scale=1.00 textureMipLimit=0 managedMB=54 chunks=255 decorated=49 pendingTerrain=0 pendingDecoration=0 pendingTerrainCollider=0 renderers=2845 colliders=962 decorationMeshes=1165
[TopDown3D Performance] mode=full-content fps=86.3 frameMs avg=11.58 p95=16.22 p99=16.67 cpu=12.04 gpu=6.27 resolution=1034x546 scale=1.00 textureMipLimit=0 managedMB=55 chunks=255 decorated=49 pendingTerrain=0 pendingDecoration=0 pendingTerrainCollider=0 renderers=2845 colliders=962 decorationMeshes=1165
[CanyonBenchmark] settled=3 center=(25, 19) loaded=255 decorated=49 pendingTerrain=0 pendingDecoration=0 terrainColliders=9 decorationColliders=953
[CanyonBenchmark] waypoint=4 abs=(416.74,342.39) center=(25, 19) loaded=255 decorated=49 pendingTerrain=0 pendingDecoration=0
[TopDown3D Performance] mode=full-content fps=76.9 frameMs avg=13.00 p95=17.20 p99=33.36 cpu=20.60 gpu=8.97 resolution=1034x546 scale=1.00 textureMipLimit=0 managedMB=62 chunks=253 decorated=40 pendingTerrain=0 pendingDecoration=9 pendingTerrainCollider=0 renderers=2287 colliders=761 decorationMeshes=948
[TopDown3D Performance] mode=full-content fps=63.7 frameMs avg=15.71 p95=28.83 p99=46.73 cpu=12.80 gpu=7.66 resolution=1034x546 scale=1.00 textureMipLimit=0 managedMB=58 chunks=252 decorated=49 pendingTerrain=0 pendingDecoration=0 pendingTerrainCollider=0 renderers=2532 colliders=893 decorationMeshes=1133
[TopDown3D Performance] mode=full-content fps=83.7 frameMs avg=11.95 p95=16.96 p99=25.01 cpu=12.45 gpu=8.29 resolution=1034x546 scale=1.00 textureMipLimit=0 managedMB=55 chunks=252 decorated=49 pendingTerrain=0 pendingDecoration=0 pendingTerrainCollider=0 renderers=2532 colliders=893 decorationMeshes=1133
[CanyonBenchmark] settled=4 center=(22, 19) loaded=252 decorated=49 pendingTerrain=0 pendingDecoration=0 terrainColliders=9 decorationColliders=884
[CanyonBenchmark] complete
