[TopDown3D Performance] Full-content telemetry mode enabled: production rendering, streaming, decoration, and generation settings remain unchanged.
[TopDown3D Performance] mode=full-content fps=0.5 frameMs avg=2093.34 p95=2093.34 p99=2093.34 cpu=0.00 gpu=0.00 resolution=1034x546 scale=1.00 textureMipLimit=0 managedMB=5 chunks=0 decorated=0 pendingTerrain=225 pendingDecoration=0 pendingTerrainCollider=0 renderers=0 colliders=0 decorationMeshes=0
[CanyonBenchmark] begin seed=24681357 source=96ef0728256ce0e5c5524173e588aa7f
[CanyonBenchmark] waypoint=0 abs=(416.74,342.39) center=(0, 0) loaded=1 decorated=0 pendingTerrain=224 pendingDecoration=2
[TopDown3D Performance] mode=full-content fps=62.9 frameMs avg=15.91 p95=9.43 p99=58.53 cpu=8.50 gpu=6.45 resolution=1034x546 scale=1.00 textureMipLimit=0 managedMB=31 chunks=4 decorated=1 pendingTerrain=221 pendingDecoration=3 pendingTerrainCollider=0 renderers=18 colliders=11 decorationMeshes=14
[TopDown3D Performance] mode=full-content fps=108.0 frameMs avg=9.26 p95=9.46 p99=32.49 cpu=17.67 gpu=5.13 resolution=1034x546 scale=1.00 textureMipLimit=0 managedMB=53 chunks=83 decorated=3 pendingTerrain=142 pendingDecoration=48 pendingTerrainCollider=0 renderers=156 colliders=44 decorationMeshes=70
[TopDown3D Performance] mode=full-content fps=97.2 frameMs avg=10.29 p95=16.76 p99=50.25 cpu=8.76 gpu=3.42 resolution=1034x546 scale=1.00 textureMipLimit=0 managedMB=58 chunks=169 decorated=8 pendingTerrain=56 pendingDecoration=41 pendingTerrainCollider=0 renderers=354 colliders=94 decorationMeshes=140
[TopDown3D Performance] mode=full-content fps=99.8 frameMs avg=10.02 p95=23.88 p99=41.57 cpu=16.69 gpu=3.82 resolution=1034x546 scale=1.00 textureMipLimit=0 managedMB=60 chunks=216 decorated=15 pendingTerrain=9 pendingDecoration=34 pendingTerrainCollider=0 renderers=752 colliders=194 decorationMeshes=236
[TopDown3D Performance] mode=full-content fps=75.5 frameMs avg=13.25 p95=33.32 p99=49.99 cpu=9.30 gpu=3.71 resolution=1034x546 scale=1.00 textureMipLimit=0 managedMB=60 chunks=225 decorated=30 pendingTerrain=0 pendingDecoration=19 pendingTerrainCollider=0 renderers=1682 colliders=566 decorationMeshes=701
[CanyonBenchmark] settled=0 center=(22, 19) loaded=225 decorated=33 pendingTerrain=0 pendingDecoration=16 terrainColliders=9 decorationColliders=626
[CanyonBenchmark] waypoint=1 abs=(452.74,342.39) center=(22, 19) loaded=225 decorated=33 pendingTerrain=0 pendingDecoration=16
[TopDown3D Performance] mode=full-content fps=62.3 frameMs avg=16.06 p95=41.65 p99=65.76 cpu=8.37 gpu=6.10 resolution=1034x546 scale=1.00 textureMipLimit=0 managedMB=55 chunks=240 decorated=30 pendingTerrain=0 pendingDecoration=19 pendingTerrainCollider=0 renderers=1590 colliders=575 decorationMeshes=768
[TopDown3D Performance] mode=full-content fps=88.0 frameMs avg=11.36 p95=25.02 p99=49.97 cpu=16.64 gpu=4.47 resolution=1034x546 scale=1.00 textureMipLimit=0 managedMB=57 chunks=240 decorated=37 pendingTerrain=0 pendingDecoration=12 pendingTerrainCollider=0 renderers=2169 colliders=749 decorationMeshes=953
[TopDown3D Performance] mode=full-content fps=89.9 frameMs avg=11.12 p95=25.01 p99=41.69 cpu=14.71 gpu=4.53 resolution=1034x546 scale=1.00 textureMipLimit=0 managedMB=61 chunks=240 decorated=48 pendingTerrain=0 pendingDecoration=37 pendingTerrainCollider=0 renderers=2688 colliders=926 decorationMeshes=1164
[CanyonBenchmark] settled=1 center=(25, 19) loaded=240 decorated=49 pendingTerrain=0 pendingDecoration=0 terrainColliders=9 decorationColliders=953
[CanyonBenchmark] waypoint=2 abs=(488.74,342.39) center=(25, 19) loaded=240 decorated=49 pendingTerrain=0 pendingDecoration=0
[TopDown3D Performance] mode=full-content fps=68.2 frameMs avg=14.66 p95=41.33 p99=91.85 cpu=8.86 gpu=4.41 resolution=1034x546 scale=1.00 textureMipLimit=0 managedMB=62 chunks=255 decorated=37 pendingTerrain=0 pendingDecoration=12 pendingTerrainCollider=0 renderers=2260 colliders=774 decorationMeshes=955
[TopDown3D Performance] mode=full-content fps=72.9 frameMs avg=13.72 p95=34.45 p99=91.73 cpu=8.39 gpu=4.52 resolution=1034x546 scale=1.00 textureMipLimit=0 managedMB=60 chunks=255 decorated=48 pendingTerrain=0 pendingDecoration=1 pendingTerrainCollider=0 renderers=2861 colliders=964 decorationMeshes=1141
[TopDown3D Performance] mode=full-content fps=117.6 frameMs avg=8.50 p95=8.65 p99=15.72 cpu=8.46 gpu=5.49 resolution=1034x546 scale=1.00 textureMipLimit=0 managedMB=64 chunks=255 decorated=49 pendingTerrain=0 pendingDecoration=0 pendingTerrainCollider=0 renderers=3118 colliders=1025 decorationMeshes=1175
[CanyonBenchmark] settled=2 center=(26, 19) loaded=255 decorated=49 pendingTerrain=0 pendingDecoration=0 terrainColliders=9 decorationColliders=1016
[CanyonBenchmark] waypoint=3 abs=(452.74,342.39) center=(26, 19) loaded=255 decorated=49 pendingTerrain=0 pendingDecoration=0
[TopDown3D Performance] mode=full-content fps=100.8 frameMs avg=9.92 p95=17.61 p99=49.96 cpu=8.33 gpu=4.59 resolution=1034x546 scale=1.00 textureMipLimit=0 managedMB=55 chunks=255 decorated=49 pendingTerrain=0 pendingDecoration=0 pendingTerrainCollider=0 renderers=2845 colliders=962 decorationMeshes=1165
[TopDown3D Performance] mode=full-content fps=118.8 frameMs avg=8.42 p95=9.21 p99=9.49 cpu=8.31 gpu=3.96 resolution=1034x546 scale=1.00 textureMipLimit=0 managedMB=56 chunks=255 decorated=49 pendingTerrain=0 pendingDecoration=0 pendingTerrainCollider=0 renderers=2845 colliders=962 decorationMeshes=1165
[TopDown3D Performance] mode=full-content fps=120.0 frameMs avg=8.33 p95=9.21 p99=9.24 cpu=7.54 gpu=3.74 resolution=1034x546 scale=1.00 textureMipLimit=0 managedMB=58 chunks=255 decorated=49 pendingTerrain=0 pendingDecoration=0 pendingTerrainCollider=0 renderers=2845 colliders=962 decorationMeshes=1165
[CanyonBenchmark] settled=3 center=(25, 19) loaded=255 decorated=49 pendingTerrain=0 pendingDecoration=0 terrainColliders=9 decorationColliders=953
[CanyonBenchmark] waypoint=4 abs=(416.74,342.39) center=(25, 19) loaded=255 decorated=49 pendingTerrain=0 pendingDecoration=0
[TopDown3D Performance] mode=full-content fps=92.4 frameMs avg=10.82 p95=24.88 p99=41.58 cpu=9.45 gpu=9.03 resolution=1034x546 scale=1.00 textureMipLimit=0 managedMB=60 chunks=253 decorated=43 pendingTerrain=0 pendingDecoration=6 pendingTerrainCollider=0 renderers=2439 colliders=828 decorationMeshes=1024
[TopDown3D Performance] mode=full-content fps=74.8 frameMs avg=13.36 p95=32.21 p99=41.74 cpu=8.34 gpu=3.08 resolution=1034x546 scale=1.00 textureMipLimit=0 managedMB=56 chunks=252 decorated=49 pendingTerrain=0 pendingDecoration=0 pendingTerrainCollider=0 renderers=2532 colliders=893 decorationMeshes=1133
[TopDown3D Performance] mode=full-content fps=120.0 frameMs avg=8.33 p95=9.21 p99=9.23 cpu=9.06 gpu=3.49 resolution=1034x546 scale=1.00 textureMipLimit=0 managedMB=57 chunks=252 decorated=49 pendingTerrain=0 pendingDecoration=0 pendingTerrainCollider=0 renderers=2532 colliders=893 decorationMeshes=1133
[CanyonBenchmark] settled=4 center=(22, 19) loaded=252 decorated=49 pendingTerrain=0 pendingDecoration=0 terrainColliders=9 decorationColliders=884
[CanyonBenchmark] complete
