[TopDown3D Performance] Full-content telemetry mode enabled: production rendering, streaming, decoration, and generation settings remain unchanged.
[TopDown3D Performance] mode=full-content fps=0.5 frameMs avg=2096.42 p95=2096.42 p99=2096.42 cpu=0.00 gpu=0.00 resolution=1034x546 scale=1.00 textureMipLimit=0 managedMB=5 chunks=0 decorated=0 pendingTerrain=225 pendingDecoration=0 pendingTerrainCollider=0 renderers=0 colliders=0 decorationMeshes=0
[CanyonBenchmark] begin seed=24681357 source=96ef0728256ce0e5c5524173e588aa7f
[CanyonBenchmark] waypoint=0 abs=(416.74,342.39) center=(0, 0) loaded=1 decorated=0 pendingTerrain=224 pendingDecoration=2
[TopDown3D Performance] mode=full-content fps=29.8 frameMs avg=33.51 p95=42.31 p99=783.20 cpu=8.35 gpu=5.51 resolution=1034x546 scale=1.00 textureMipLimit=0 managedMB=31 chunks=39 decorated=2 pendingTerrain=186 pendingDecoration=37 pendingTerrainCollider=0 renderers=77 colliders=28 decorationMeshes=38
[TopDown3D Performance] mode=full-content fps=66.5 frameMs avg=15.04 p95=32.94 p99=157.73 cpu=11.04 gpu=5.80 resolution=1034x546 scale=1.00 textureMipLimit=0 managedMB=51 chunks=132 decorated=7 pendingTerrain=93 pendingDecoration=42 pendingTerrainCollider=0 renderers=321 colliders=95 decorationMeshes=138
[TopDown3D Performance] mode=full-content fps=79.4 frameMs avg=12.59 p95=24.93 p99=107.87 cpu=8.03 gpu=3.98 resolution=1034x546 scale=1.00 textureMipLimit=0 managedMB=50 chunks=174 decorated=13 pendingTerrain=51 pendingDecoration=36 pendingTerrainCollider=0 renderers=709 colliders=191 decorationMeshes=220
[TopDown3D Performance] mode=full-content fps=71.4 frameMs avg=14.01 p95=33.55 p99=101.25 cpu=50.36 gpu=8.36 resolution=1034x546 scale=1.00 textureMipLimit=0 managedMB=52 chunks=225 decorated=23 pendingTerrain=0 pendingDecoration=26 pendingTerrainCollider=0 renderers=1345 colliders=417 decorationMeshes=487
[TopDown3D Performance] mode=full-content fps=75.5 frameMs avg=13.25 p95=33.12 p99=50.03 cpu=50.64 gpu=4.52 resolution=1034x546 scale=1.00 textureMipLimit=0 managedMB=54 chunks=225 decorated=35 pendingTerrain=0 pendingDecoration=14 pendingTerrainCollider=0 renderers=2151 colliders=717 decorationMeshes=882
[CanyonBenchmark] settled=0 center=(23, 19) loaded=225 decorated=38 pendingTerrain=0 pendingDecoration=11 terrainColliders=9 decorationColliders=765
[CanyonBenchmark] waypoint=1 abs=(452.74,342.39) center=(23, 19) loaded=225 decorated=38 pendingTerrain=0 pendingDecoration=11
[TopDown3D Performance] mode=full-content fps=67.4 frameMs avg=14.85 p95=41.63 p99=57.89 cpu=8.43 gpu=7.37 resolution=1034x546 scale=1.00 textureMipLimit=0 managedMB=56 chunks=240 decorated=36 pendingTerrain=0 pendingDecoration=13 pendingTerrainCollider=0 renderers=2068 colliders=728 decorationMeshes=937
[TopDown3D Performance] mode=full-content fps=91.3 frameMs avg=10.96 p95=24.98 p99=49.97 cpu=8.29 gpu=6.56 resolution=1034x546 scale=1.00 textureMipLimit=0 managedMB=60 chunks=240 decorated=48 pendingTerrain=0 pendingDecoration=1 pendingTerrainCollider=0 renderers=2688 colliders=926 decorationMeshes=1140
[TopDown3D Performance] mode=full-content fps=117.1 frameMs avg=8.54 p95=8.90 p99=15.69 cpu=8.34 gpu=5.45 resolution=1034x546 scale=1.00 textureMipLimit=0 managedMB=58 chunks=240 decorated=49 pendingTerrain=0 pendingDecoration=0 pendingTerrainCollider=0 renderers=2828 colliders=962 decorationMeshes=1165
[CanyonBenchmark] settled=1 center=(25, 19) loaded=240 decorated=49 pendingTerrain=0 pendingDecoration=0 terrainColliders=9 decorationColliders=953
[CanyonBenchmark] waypoint=2 abs=(488.74,342.39) center=(25, 19) loaded=240 decorated=49 pendingTerrain=0 pendingDecoration=0
[TopDown3D Performance] mode=full-content fps=84.2 frameMs avg=11.87 p95=32.20 p99=75.15 cpu=8.24 gpu=4.79 resolution=1034x546 scale=1.00 textureMipLimit=0 managedMB=60 chunks=240 decorated=46 pendingTerrain=0 pendingDecoration=32 pendingTerrainCollider=0 renderers=2702 colliders=922 decorationMeshes=1105
[TopDown3D Performance] mode=full-content fps=112.7 frameMs avg=8.87 p95=9.42 p99=23.90 cpu=8.33 gpu=3.47 resolution=1034x546 scale=1.00 textureMipLimit=0 managedMB=59 chunks=240 decorated=49 pendingTerrain=0 pendingDecoration=0 pendingTerrainCollider=0 renderers=3128 colliders=1035 decorationMeshes=1194
[TopDown3D Performance] mode=full-content fps=106.8 frameMs avg=9.36 p95=15.58 p99=16.44 cpu=8.21 gpu=4.67 resolution=1034x546 scale=1.00 textureMipLimit=0 managedMB=60 chunks=240 decorated=49 pendingTerrain=0 pendingDecoration=0 pendingTerrainCollider=0 renderers=3128 colliders=1035 decorationMeshes=1194
[CanyonBenchmark] settled=2 center=(27, 19) loaded=240 decorated=49 pendingTerrain=0 pendingDecoration=0 terrainColliders=9 decorationColliders=1026
[CanyonBenchmark] waypoint=3 abs=(452.74,342.39) center=(27, 19) loaded=240 decorated=49 pendingTerrain=0 pendingDecoration=0
[TopDown3D Performance] mode=full-content fps=82.4 frameMs avg=12.14 p95=24.98 p99=49.93 cpu=24.66 gpu=7.77 resolution=1034x546 scale=1.00 textureMipLimit=0 managedMB=60 chunks=240 decorated=47 pendingTerrain=0 pendingDecoration=2 pendingTerrainCollider=0 renderers=2793 colliders=946 decorationMeshes=1149
[TopDown3D Performance] mode=full-content fps=114.4 frameMs avg=8.74 p95=8.71 p99=17.31 cpu=8.33 gpu=3.69 resolution=1034x546 scale=1.00 textureMipLimit=0 managedMB=57 chunks=240 decorated=49 pendingTerrain=0 pendingDecoration=0 pendingTerrainCollider=0 renderers=2830 colliders=962 decorationMeshes=1165
[TopDown3D Performance] mode=full-content fps=120.0 frameMs avg=8.33 p95=8.38 p99=8.99 cpu=8.34 gpu=3.64 resolution=1034x546 scale=1.00 textureMipLimit=0 managedMB=59 chunks=240 decorated=49 pendingTerrain=0 pendingDecoration=0 pendingTerrainCollider=0 renderers=2830 colliders=962 decorationMeshes=1165
[CanyonBenchmark] settled=3 center=(25, 19) loaded=240 decorated=49 pendingTerrain=0 pendingDecoration=0 terrainColliders=9 decorationColliders=953
[CanyonBenchmark] waypoint=4 abs=(416.74,342.39) center=(25, 19) loaded=240 decorated=49 pendingTerrain=0 pendingDecoration=0
[TopDown3D Performance] mode=full-content fps=91.8 frameMs avg=10.89 p95=24.09 p99=41.72 cpu=16.99 gpu=7.99 resolution=1034x546 scale=1.00 textureMipLimit=0 managedMB=53 chunks=240 decorated=46 pendingTerrain=0 pendingDecoration=3 pendingTerrainCollider=0 renderers=2502 colliders=860 decorationMeshes=1064
[TopDown3D Performance] mode=full-content fps=101.4 frameMs avg=9.86 p95=16.71 p99=33.32 cpu=8.30 gpu=3.60 resolution=1034x546 scale=1.00 textureMipLimit=0 managedMB=58 chunks=240 decorated=49 pendingTerrain=0 pendingDecoration=0 pendingTerrainCollider=0 renderers=2609 colliders=907 decorationMeshes=1132
[TopDown3D Performance] mode=full-content fps=120.0 frameMs avg=8.33 p95=8.57 p99=9.15 cpu=7.33 gpu=3.64 resolution=1034x546 scale=1.00 textureMipLimit=0 managedMB=59 chunks=240 decorated=49 pendingTerrain=0 pendingDecoration=0 pendingTerrainCollider=0 renderers=2609 colliders=907 decorationMeshes=1132
[CanyonBenchmark] settled=4 center=(23, 19) loaded=240 decorated=49 pendingTerrain=0 pendingDecoration=0 terrainColliders=9 decorationColliders=898
[CanyonBenchmark] complete
