[TopDown3D Performance] Full-content telemetry mode enabled: production rendering, streaming, decoration, and generation settings remain unchanged.
[TopDown3D Performance] mode=full-content fps=0.5 frameMs avg=2097.67 p95=2097.67 p99=2097.67 cpu=0.00 gpu=0.00 resolution=1034x546 scale=1.00 textureMipLimit=0 managedMB=5 chunks=0 decorated=0 pendingTerrain=225 pendingDecoration=0 pendingTerrainCollider=0 renderers=0 colliders=0 decorationMeshes=0
[CanyonBenchmark] begin seed=24681357 source=96ef0728256ce0e5c5524173e588aa7f
[CanyonBenchmark] placed=0 abs=(416.74,-67.89,342.39) motor=False kinematic=True
[CanyonBenchmark] waypoint=0 abs=(416.74,342.39) center=(0, 0) loaded=5 decorated=0 pendingTerrain=220 pendingDecoration=9
[TopDown3D Performance] mode=full-content fps=41.5 frameMs avg=24.09 p95=14.78 p99=457.78 cpu=52.05 gpu=6.14 resolution=1034x546 scale=1.00 textureMipLimit=0 managedMB=29 chunks=32 decorated=0 pendingTerrain=193 pendingDecoration=32 pendingTerrainCollider=0 renderers=32 colliders=9 decorationMeshes=0
[TopDown3D Performance] mode=full-content fps=79.6 frameMs avg=12.57 p95=25.02 p99=91.74 cpu=16.41 gpu=3.96 resolution=1034x546 scale=1.00 textureMipLimit=0 managedMB=45 chunks=106 decorated=6 pendingTerrain=119 pendingDecoration=50 pendingTerrainCollider=0 renderers=277 colliders=89 decorationMeshes=138
[TopDown3D Performance] mode=full-content fps=86.3 frameMs avg=11.58 p95=24.93 p99=91.66 cpu=10.09 gpu=3.12 resolution=1034x546 scale=1.00 textureMipLimit=0 managedMB=51 chunks=156 decorated=12 pendingTerrain=69 pendingDecoration=39 pendingTerrainCollider=0 renderers=634 colliders=170 decorationMeshes=208
[TopDown3D Performance] mode=full-content fps=74.8 frameMs avg=13.36 p95=33.36 p99=92.16 cpu=26.93 gpu=7.08 resolution=1034x546 scale=1.00 textureMipLimit=0 managedMB=60 chunks=225 decorated=20 pendingTerrain=0 pendingDecoration=67 pendingTerrainCollider=0 renderers=944 colliders=275 decorationMeshes=356
[TopDown3D Performance] mode=full-content fps=69.0 frameMs avg=14.49 p95=33.63 p99=66.62 cpu=8.32 gpu=8.11 resolution=1034x546 scale=1.00 textureMipLimit=0 managedMB=52 chunks=225 decorated=31 pendingTerrain=0 pendingDecoration=18 pendingTerrainCollider=0 renderers=1902 colliders=637 decorationMeshes=801
[CanyonBenchmark] settled=0 center=(23, 19) loaded=225 decorated=35 pendingTerrain=0 pendingDecoration=14 terrainColliders=9 decorationColliders=692 adaptiveFar=0/49
[CanyonBenchmark] actual=0 abs=(416.74,-67.89,342.39) camera=(406.41, -47.59, 330.08)
[CanyonBenchmark] placed=1 abs=(452.74,-80.83,342.39) motor=False kinematic=True
[CanyonBenchmark] waypoint=1 abs=(452.74,342.39) center=(23, 19) loaded=225 decorated=36 pendingTerrain=0 pendingDecoration=13
[TopDown3D Performance] mode=full-content fps=65.0 frameMs avg=15.38 p95=41.61 p99=66.64 cpu=8.17 gpu=6.77 resolution=1034x546 scale=1.00 textureMipLimit=0 managedMB=59 chunks=240 decorated=34 pendingTerrain=0 pendingDecoration=15 pendingTerrainCollider=0 renderers=1959 colliders=685 decorationMeshes=897
[TopDown3D Performance] mode=full-content fps=74.8 frameMs avg=13.36 p95=33.34 p99=66.64 cpu=18.38 gpu=6.45 resolution=1034x546 scale=1.00 textureMipLimit=0 managedMB=57 chunks=240 decorated=44 pendingTerrain=0 pendingDecoration=5 pendingTerrainCollider=0 renderers=2492 colliders=870 decorationMeshes=1109
[CanyonAdaptiveFar] tile=-2,0 vertices=679 triangles=1292 selected=96 samples=492 elapsedMs=65.0
[CanyonAdaptiveFar] tile=3,0 vertices=636 triangles=1206 selected=96 samples=470 elapsedMs=58.4
[CanyonAdaptiveFar] tile=4,2 vertices=601 triangles=1136 selected=94 samples=452 elapsedMs=58.4
[CanyonAdaptiveFar] tile=1,3 vertices=827 triangles=1588 selected=96 samples=560 elapsedMs=66.2
[CanyonAdaptiveFar] tile=0,3 vertices=548 triangles=1030 selected=74 samples=416 elapsedMs=49.3
[CanyonAdaptiveFar] tile=1,1 vertices=766 triangles=1466 selected=96 samples=526 elapsedMs=67.5
[CanyonAdaptiveFar] tile=-2,2 vertices=761 triangles=1456 selected=96 samples=538 elapsedMs=58.3
[CanyonAdaptiveFar] tile=3,2 vertices=413 triangles=760 selected=32 samples=330 elapsedMs=41.8
[CanyonAdaptiveFar] tile=1,0 vertices=682 triangles=1298 selected=96 samples=495 elapsedMs=57.6
[CanyonAdaptiveFar] tile=0,4 vertices=640 triangles=1214 selected=96 samples=472 elapsedMs=58.3
[CanyonAdaptiveFar] tile=-1,2 vertices=658 triangles=1250 selected=96 samples=480 elapsedMs=58.4
[CanyonAdaptiveFar] tile=2,1 vertices=821 triangles=1576 selected=96 samples=560 elapsedMs=66.7
[CanyonAdaptiveFar] tile=-1,-2 vertices=757 triangles=1448 selected=96 samples=519 elapsedMs=59.1
[CanyonAdaptiveFar] tile=3,-1 vertices=745 triangles=1424 selected=96 samples=519 elapsedMs=66.7
[CanyonAdaptiveFar] tile=-1,3 vertices=721 triangles=1376 selected=96 samples=518 elapsedMs=58.1
[CanyonAdaptiveFar] tile=2,-2 vertices=713 triangles=1360 selected=96 samples=513 elapsedMs=58.5
[CanyonAdaptiveFar] tile=3,-2 vertices=549 triangles=1032 selected=73 samples=413 elapsedMs=50.7
[CanyonAdaptiveFar] tile=2,0 vertices=701 triangles=1336 selected=96 samples=500 elapsedMs=57.6
[CanyonAdaptiveFar] tile=3,3 vertices=716 triangles=1366 selected=96 samples=512 elapsedMs=59.3
[CanyonAdaptiveFar] tile=-2,-1 vertices=605 triangles=1144 selected=88 samples=448 elapsedMs=49.9
[CanyonAdaptiveFar] tile=2,-1 vertices=777 triangles=1488 selected=96 samples=533 elapsedMs=66.6
[CanyonAdaptiveFar] tile=0,2 vertices=719 triangles=1372 selected=96 samples=516 elapsedMs=58.5
[CanyonAdaptiveFar] tile=-1,1 vertices=743 triangles=1420 selected=96 samples=523 elapsedMs=58.3
[CanyonAdaptiveFar] tile=4,-2 vertices=537 triangles=1008 selected=70 samples=408 elapsedMs=50.2
[CanyonAdaptiveFar] tile=-1,-1 vertices=689 triangles=1312 selected=96 samples=499 elapsedMs=57.7
[CanyonAdaptiveFar] tile=3,4 vertices=453 triangles=840 selected=46 samples=354 elapsedMs=42.5
[CanyonAdaptiveFar] tile=2,4 vertices=782 triangles=1498 selected=96 samples=547 elapsedMs=65.8
[CanyonAdaptiveFar] tile=-2,1 vertices=794 triangles=1522 selected=96 samples=542 elapsedMs=66.8
[CanyonAdaptiveFar] tile=-2,3 vertices=796 triangles=1526 selected=96 samples=550 elapsedMs=66.8
[CanyonAdaptiveFar] tile=1,4 vertices=716 triangles=1366 selected=96 samples=507 elapsedMs=58.5
[CanyonAdaptiveFar] tile=-2,-2 vertices=796 triangles=1526 selected=96 samples=540 elapsedMs=66.9
[CanyonAdaptiveFar] tile=-1,4 vertices=750 triangles=1434 selected=96 samples=526 elapsedMs=59.2
[CanyonAdaptiveFar] tile=1,-2 vertices=585 triangles=1104 selected=90 samples=439 elapsedMs=50.0
[CanyonAdaptiveFar] tile=1,2 vertices=667 triangles=1268 selected=96 samples=491 elapsedMs=66.0
[CanyonAdaptiveFar] tile=1,-1 vertices=788 triangles=1510 selected=96 samples=544 elapsedMs=66.7
[CanyonAdaptiveFar] tile=4,4 vertices=532 triangles=998 selected=68 samples=407 elapsedMs=50.7
[CanyonAdaptiveFar] tile=3,1 vertices=701 triangles=1336 selected=96 samples=504 elapsedMs=57.4
[TopDown3D Performance] mode=full-content fps=96.9 frameMs avg=10.32 p95=23.93 p99=41.36 cpu=8.32 gpu=5.28 resolution=1034x546 scale=1.00 textureMipLimit=0 managedMB=56 chunks=240 decorated=49 pendingTerrain=0 pendingDecoration=0 pendingTerrainCollider=0 renderers=2780 colliders=946 decorationMeshes=1165
[CanyonAdaptiveFar] tile=0,-2 vertices=802 triangles=1538 selected=96 samples=542 elapsedMs=66.6
[CanyonAdaptiveFar] tile=2,2 vertices=745 triangles=1424 selected=96 samples=534 elapsedMs=66.7
[CanyonAdaptiveFar] tile=4,1 vertices=751 triangles=1436 selected=96 samples=527 elapsedMs=59.2
[CanyonAdaptiveFar] tile=0,0 vertices=616 triangles=1166 selected=92 samples=460 elapsedMs=58.5
[CanyonAdaptiveFar] tile=2,3 vertices=841 triangles=1616 selected=96 samples=579 elapsedMs=66.9
[CanyonAdaptiveFar] tile=-1,0 vertices=703 triangles=1340 selected=96 samples=506 elapsedMs=58.3
[CanyonAdaptiveFar] tile=0,-1 vertices=591 triangles=1116 selected=83 samples=440 elapsedMs=51.0
[CanyonAdaptiveFar] tile=4,0 vertices=653 triangles=1240 selected=96 samples=482 elapsedMs=58.5
[CanyonAdaptiveFar] tile=4,-1 vertices=780 triangles=1494 selected=96 samples=535 elapsedMs=65.9
[CanyonAdaptiveFar] tile=-2,4 vertices=796 triangles=1526 selected=96 samples=549 elapsedMs=66.9
[CanyonAdaptiveFar] tile=4,3 vertices=772 triangles=1478 selected=96 samples=546 elapsedMs=65.9
[CanyonAdaptiveFar] tile=0,1 vertices=748 triangles=1430 selected=96 samples=519 elapsedMs=59.2
[CanyonBenchmark] settled=1 center=(25, 19) loaded=240 decorated=49 pendingTerrain=0 pendingDecoration=0 terrainColliders=9 decorationColliders=937 adaptiveFar=49/49
[CanyonBenchmark] placed=2 abs=(488.74,-74.28,342.39) motor=False kinematic=True
[CanyonBenchmark] waypoint=2 abs=(488.74,342.39) center=(25, 19) loaded=240 decorated=49 pendingTerrain=0 pendingDecoration=0
[TopDown3D Performance] mode=full-content fps=86.6 frameMs avg=11.55 p95=17.69 p99=82.56 cpu=23.29 gpu=4.29 resolution=1034x546 scale=1.00 textureMipLimit=0 managedMB=58 chunks=240 decorated=41 pendingTerrain=0 pendingDecoration=8 pendingTerrainCollider=0 renderers=2436 colliders=811 decorationMeshes=975
[TopDown3D Performance] mode=full-content fps=79.1 frameMs avg=12.64 p95=25.05 p99=59.15 cpu=8.34 gpu=3.55 resolution=1034x546 scale=1.00 textureMipLimit=0 managedMB=60 chunks=240 decorated=49 pendingTerrain=0 pendingDecoration=0 pendingTerrainCollider=0 renderers=3068 colliders=1015 decorationMeshes=1194
[TopDown3D Performance] mode=full-content fps=120.0 frameMs avg=8.33 p95=9.21 p99=9.23 cpu=8.32 gpu=3.77 resolution=1034x546 scale=1.00 textureMipLimit=0 managedMB=57 chunks=240 decorated=49 pendingTerrain=0 pendingDecoration=0 pendingTerrainCollider=0 renderers=3068 colliders=1015 decorationMeshes=1194
[CanyonBenchmark] settled=2 center=(27, 19) loaded=240 decorated=49 pendingTerrain=0 pendingDecoration=0 terrainColliders=9 decorationColliders=1006 adaptiveFar=49/49
[CanyonBenchmark] actual=2 abs=(488.74,-74.28,342.39) camera=(478.41, -53.98, 330.08)
[CanyonBenchmark] camera-hit=Booter Perspective 3D Controller distance=0.00 root=Booter Perspective 3D Controller
[CanyonBenchmark] placed=3 abs=(452.74,-80.83,342.39) motor=False kinematic=True
[CanyonBenchmark] waypoint=3 abs=(452.74,342.39) center=(27, 19) loaded=240 decorated=49 pendingTerrain=0 pendingDecoration=0
[TopDown3D Performance] mode=full-content fps=96.4 frameMs avg=10.37 p95=16.70 p99=41.66 cpu=17.44 gpu=3.97 resolution=1034x546 scale=1.00 textureMipLimit=0 managedMB=61 chunks=240 decorated=42 pendingTerrain=0 pendingDecoration=7 pendingTerrainCollider=0 renderers=2572 colliders=854 decorationMeshes=1033
[TopDown3D Performance] mode=full-content fps=90.3 frameMs avg=11.07 p95=24.98 p99=49.25 cpu=8.34 gpu=4.36 resolution=1034x546 scale=1.00 textureMipLimit=0 managedMB=57 chunks=240 decorated=49 pendingTerrain=0 pendingDecoration=0 pendingTerrainCollider=0 renderers=2782 colliders=946 decorationMeshes=1165
[TopDown3D Performance] mode=full-content fps=120.0 frameMs avg=8.33 p95=9.20 p99=9.23 cpu=8.37 gpu=3.83 resolution=1034x546 scale=1.00 textureMipLimit=0 managedMB=59 chunks=240 decorated=49 pendingTerrain=0 pendingDecoration=0 pendingTerrainCollider=0 renderers=2782 colliders=946 decorationMeshes=1165
[CanyonBenchmark] settled=3 center=(25, 19) loaded=240 decorated=49 pendingTerrain=0 pendingDecoration=0 terrainColliders=9 decorationColliders=937 adaptiveFar=49/49
[CanyonBenchmark] placed=4 abs=(416.74,-67.89,342.39) motor=False kinematic=True
[CanyonBenchmark] waypoint=4 abs=(416.74,342.39) center=(25, 19) loaded=240 decorated=49 pendingTerrain=0 pendingDecoration=0
[TopDown3D Performance] mode=full-content fps=101.0 frameMs avg=9.90 p95=16.68 p99=32.40 cpu=9.43 gpu=3.42 resolution=1034x546 scale=1.00 textureMipLimit=0 managedMB=55 chunks=239 decorated=40 pendingTerrain=1 pendingDecoration=37 pendingTerrainCollider=0 renderers=2222 colliders=744 decorationMeshes=926
[TopDown3D Performance] mode=full-content fps=84.0 frameMs avg=11.90 p95=25.01 p99=48.60 cpu=8.41 gpu=4.20 resolution=1034x546 scale=1.00 textureMipLimit=0 managedMB=55 chunks=240 decorated=49 pendingTerrain=0 pendingDecoration=0 pendingTerrainCollider=0 renderers=2549 colliders=887 decorationMeshes=1132
[TopDown3D Performance] mode=full-content fps=119.8 frameMs avg=8.35 p95=8.77 p99=9.06 cpu=8.32 gpu=5.97 resolution=1034x546 scale=1.00 textureMipLimit=0 managedMB=57 chunks=240 decorated=49 pendingTerrain=0 pendingDecoration=0 pendingTerrainCollider=0 renderers=2549 colliders=887 decorationMeshes=1132
[CanyonBenchmark] settled=4 center=(23, 19) loaded=240 decorated=49 pendingTerrain=0 pendingDecoration=0 terrainColliders=9 decorationColliders=878 adaptiveFar=49/49
[CanyonBenchmark] actual=4 abs=(416.74,-67.89,342.39) camera=(406.41, -47.59, 330.08)
[CanyonBenchmark] complete
