-- Installing: /Users/worldbuilder/Desktop/Booter & BigARM/Engine/out/textured-workbench/bin/engine_workbench
-- Installing: /Users/worldbuilder/Desktop/Booter & BigARM/Engine/out/textured-workbench/bin/Shaders
-- Installing: /Users/worldbuilder/Desktop/Booter & BigARM/Engine/out/textured-workbench/bin/Shaders/vs_scene.bin
-- Installing: /Users/worldbuilder/Desktop/Booter & BigARM/Engine/out/textured-workbench/bin/Shaders/vs_fullscreen.bin
-- Installing: /Users/worldbuilder/Desktop/Booter & BigARM/Engine/out/textured-workbench/bin/Shaders/fs_texture_preview.bin
-- Installing: /Users/worldbuilder/Desktop/Booter & BigARM/Engine/out/textured-workbench/bin/Shaders/fs_inspector.bin
-- Installing: /Users/worldbuilder/Desktop/Booter & BigARM/Engine/out/textured-workbench/bin/Shaders/fs_calibration.bin
-- Installing: /Users/worldbuilder/Desktop/Booter & BigARM/Engine/out/textured-workbench/bin/Shaders/vs_inspector.bin
-- Installing: /Users/worldbuilder/Desktop/Booter & BigARM/Engine/out/textured-workbench/bin/Shaders/fs_scene.bin
-- Installing: /Users/worldbuilder/Desktop/Booter & BigARM/Engine/out/textured-workbench/bin/Shaders/fs_display.bin
-- Installing: /Users/worldbuilder/Desktop/Booter & BigARM/Engine/out/textured-workbench/share/engine/licenses
-- Installing: /Users/worldbuilder/Desktop/Booter & BigARM/Engine/out/textured-workbench/share/engine/licenses/imgui.txt
-- Installing: /Users/worldbuilder/Desktop/Booter & BigARM/Engine/out/textured-workbench/share/engine/licenses/sdl.txt
-- Installing: /Users/worldbuilder/Desktop/Booter & BigARM/Engine/out/textured-workbench/share/engine/licenses/bgfx.txt
-- Installing: /Users/worldbuilder/Desktop/Booter & BigARM/Engine/out/textured-workbench/share/engine/licenses/bimg.txt
-- Installing: /Users/worldbuilder/Desktop/Booter & BigARM/Engine/out/textured-workbench/share/engine/licenses/bx.txt
-- Installing: /Users/worldbuilder/Desktop/Booter & BigARM/Engine/out/textured-workbench/share/engine/licenses/nlohmann_json.txt
-- Installing: /Users/worldbuilder/Desktop/Booter & BigARM/Engine/out/textured-workbench/share/engine/licenses/bgfx_cmake.txt
{
  "package": "/Users/worldbuilder/Desktop/Booter & BigARM/Engine/out/textured-workbench",
  "payload_files": 58
}
