Verified 13 exact source archives and extracted trees
-- ---------------------------------------------------------
-- Default build type is: Release
-- The following compilation flags will be used:
CMAKE_CXX_FLAGS
CMAKE_C_FLAGS
CMAKE_CXX_FLAGS_DEBUG -g
CMAKE_C_FLAGS_DEBUG -g
CMAKE_CXX_FLAGS_MINSIZEREL -Os -DNDEBUG
CMAKE_C_FLAGS_MINSIZEREL -Os -DNDEBUG
CMAKE_CXX_FLAGS_RELWITHDEBINFO -O2 -g -DNDEBUG
CMAKE_C_FLAGS_RELWITHDEBINFO -O2 -g -DNDEBUG
CMAKE_CXX_FLAGS_RELEASE -O3 -DNDEBUG
CMAKE_C_FLAGS_RELEASE -O3 -DNDEBUG
-- ---------------------------------------------------------
-- Directory Compile Options:
-- -Wall
-- -Werror
-- -Wno-ignored-attributes
-- -Wno-c++98-compat-pedantic
-- ---------------------------------------------------------
-- Directory Compile Definitions:
-- ---------------------------------------------------------
Optional program clang-format not found.
-- ---------------------------------------------------------
-- Selected options:
-- - BUILD_SHARED_LIBS: OFF
-- - ozz_build_tools: OFF
-- - ozz_build_fbx: OFF
-- - ozz_build_gltf: OFF
-- - ozz_build_data: OFF
-- - ozz_build_samples: OFF
-- - ozz_build_howtos: OFF
-- - ozz_build_tests: OFF
-- - ozz_build_simd_ref: OFF
-- - ozz_build_msvc_rt_dll: ON
-- - ozz_build_postfix: OFF
Application 'dxc' not found. Can't compile compute shaders. Some functionality will be unavailable. You can install it by e.g. installing the Vulkan SDK.
-- Could NOT find Vulkan (missing: Vulkan_LIBRARY Vulkan_INCLUDE_DIR) (found version "")
--
-- SDL3 was configured with the following options:
--
-- Platform: Darwin-25.5.0
-- 64-bit:   TRUE
-- Compiler: /Applications/Xcode.app/Contents/Developer/Toolchains/XcodeDefault.xctoolchain/usr/bin/cc
-- Revision: SDL-3.4.16-HEAD-HASH-NOTFOUND
-- Vendor:
--
-- Subsystems:
--   Audio:    ON
--   Video:    ON
--   GPU:      ON
--   Render:   ON
--   Camera:   ON
--   Joystick: ON
--   Haptic:   ON
--   Hidapi:   ON
--   Power:    ON
--   Sensor:   ON
--   Dialog:   ON
--   Tray:     ON
--
-- Options:
--   SDL_ALSA                    (Wanted: OFF): OFF
--   SDL_ALSA_SHARED             (Wanted: OFF): OFF
--   SDL_ALTIVEC                 (Wanted: OFF): OFF
--   SDL_ARMNEON                 (Wanted: ON): ON
--   SDL_ASAN                    (Wanted: OFF): OFF
--   SDL_ASSEMBLY                (Wanted: ON): ON
--   SDL_ASSERTIONS              (Wanted: auto): auto
--   SDL_AVX                     (Wanted: OFF): OFF
--   SDL_AVX2                    (Wanted: OFF): OFF
--   SDL_AVX512F                 (Wanted: OFF): OFF
--   SDL_BACKGROUNDING_SIGNAL    (Wanted: OFF): OFF
--   SDL_CCACHE                  (Wanted: OFF): OFF
--   SDL_CLANG_TIDY              (Wanted: OFF): OFF
--   SDL_CLOCK_GETTIME           (Wanted: OFF): OFF
--   SDL_COCOA                   (Wanted: ON): ON
--   SDL_DBUS                    (Wanted: OFF): OFF
--   SDL_DEPS_SHARED             (Wanted: ON): OFF
--   SDL_DIRECTX                 (Wanted: OFF): OFF
--   SDL_DISKAUDIO               (Wanted: ON): ON
--   SDL_DLOPEN_NOTES            (Wanted: OFF): OFF
--   SDL_DUMMYAUDIO              (Wanted: ON): ON
--   SDL_DUMMYCAMERA             (Wanted: ON): ON
--   SDL_DUMMYVIDEO              (Wanted: ON): ON
--   SDL_EXAMPLES                (Wanted: OFF): OFF
--   SDL_EXAMPLES_LINK_SHARED    (Wanted: OFF): OFF
--   SDL_FOREGROUNDING_SIGNAL    (Wanted: OFF): OFF
--   SDL_FRIBIDI                 (Wanted: OFF): OFF
--   SDL_FRIBIDI_SHARED          (Wanted: OFF): OFF
--   SDL_GCC_ATOMICS             (Wanted: ON): ON
--   SDL_HIDAPI                  (Wanted: ON): ON
--   SDL_HIDAPI_JOYSTICK         (Wanted: ON): ON
--   SDL_HIDAPI_LIBUSB           (Wanted: ON): ON
--   SDL_HIDAPI_LIBUSB_SHARED    (Wanted: ON): ON
--   SDL_IBUS                    (Wanted: OFF): OFF
--   SDL_INSTALL                 (Wanted: OFF): OFF
--   SDL_INSTALL_TESTS           (Wanted: OFF): OFF
--   SDL_JACK                    (Wanted: OFF): OFF
--   SDL_JACK_SHARED             (Wanted: OFF): OFF
--   SDL_KMSDRM                  (Wanted: OFF): OFF
--   SDL_KMSDRM_SHARED           (Wanted: OFF): OFF
--   SDL_LASX                    (Wanted: OFF): OFF
--   SDL_LIBC                    (Wanted: ON): ON
--   SDL_LIBICONV                (Wanted: OFF): OFF
--   SDL_LIBTHAI                 (Wanted: OFF): OFF
--   SDL_LIBTHAI_SHARED          (Wanted: OFF): OFF
--   SDL_LIBUDEV                 (Wanted: ON): OFF
--   SDL_LIBURING                (Wanted: OFF): OFF
--   SDL_LSX                     (Wanted: OFF): OFF
--   SDL_METAL                   (Wanted: ON): ON
--   SDL_MMX                     (Wanted: OFF): OFF
--   SDL_OFFSCREEN               (Wanted: ON): ON
--   SDL_OPENGL                  (Wanted: ON): ON
--   SDL_OPENGLES                (Wanted: ON): ON
--   SDL_OPENVR                  (Wanted: OFF): OFF
--   SDL_OSS                     (Wanted: OFF): OFF
--   SDL_PIPEWIRE                (Wanted: OFF): OFF
--   SDL_PIPEWIRE_SHARED         (Wanted: OFF): OFF
--   SDL_PTHREADS                (Wanted: ON): ON
--   SDL_PTHREADS_SEM            (Wanted: ON): ON
--   SDL_PULSEAUDIO              (Wanted: OFF): OFF
--   SDL_PULSEAUDIO_SHARED       (Wanted: OFF): OFF
--   SDL_RENDER_D3D              (Wanted: OFF): OFF
--   SDL_RENDER_D3D11            (Wanted: OFF): OFF
--   SDL_RENDER_D3D12            (Wanted: OFF): OFF
--   SDL_RENDER_GPU              (Wanted: ON): ON
--   SDL_RENDER_METAL            (Wanted: ON): ON
--   SDL_RENDER_VULKAN           (Wanted: ON): ON
--   SDL_ROCKCHIP                (Wanted: OFF): OFF
--   SDL_RPATH                   (Wanted: ON): OFF
--   SDL_RPI                     (Wanted: OFF): OFF
--   SDL_SNDIO                   (Wanted: OFF): OFF
--   SDL_SNDIO_SHARED            (Wanted: OFF): OFF
--   SDL_SSE                     (Wanted: OFF): OFF
--   SDL_SSE2                    (Wanted: OFF): OFF
--   SDL_SSE3                    (Wanted: OFF): OFF
--   SDL_SSE4_1                  (Wanted: OFF): OFF
--   SDL_SSE4_2                  (Wanted: OFF): OFF
--   SDL_SYSTEM_ICONV            (Wanted: OFF): OFF
--   SDL_TESTS                   (Wanted: OFF): OFF
--   SDL_TESTS_LINK_SHARED       (Wanted: OFF): OFF
--   SDL_UNINSTALL               (Wanted: OFF): OFF
--   SDL_VIRTUAL_JOYSTICK        (Wanted: ON): ON
--   SDL_VIVANTE                 (Wanted: OFF): OFF
--   SDL_VULKAN                  (Wanted: ON): ON
--   SDL_WASAPI                  (Wanted: OFF): OFF
--   SDL_WAYLAND                 (Wanted: OFF): OFF
--   SDL_WAYLAND_LIBDECOR        (Wanted: OFF): OFF
--   SDL_WAYLAND_LIBDECOR_SHARED (Wanted: OFF): OFF
--   SDL_WAYLAND_SHARED          (Wanted: OFF): OFF
--   SDL_X11                     (Wanted: OFF): OFF
--   SDL_X11_SHARED              (Wanted: OFF): OFF
--   SDL_X11_XCURSOR             (Wanted: OFF): OFF
--   SDL_X11_XDBE                (Wanted: OFF): OFF
--   SDL_X11_XFIXES              (Wanted: OFF): OFF
--   SDL_X11_XINPUT              (Wanted: OFF): OFF
--   SDL_X11_XRANDR              (Wanted: OFF): OFF
--   SDL_X11_XSCRNSAVER          (Wanted: OFF): OFF
--   SDL_X11_XSHAPE              (Wanted: OFF): OFF
--   SDL_X11_XSYNC               (Wanted: OFF): OFF
--   SDL_X11_XTEST               (Wanted: OFF): OFF
--   SDL_XINPUT                  (Wanted: OFF): OFF
--
--  Build Shared Library: OFF
--  Build Static Library: ON
--  Build libraries as Apple Framework: OFF
--
-- Enabled backends:
--   Video drivers: cocoa dummy offscreen
--   Render drivers: gpu metal ogl ogl_es2 vulkan
--   GPU drivers: metal vulkan
--   Audio drivers: coreaudio disk dummy
--   Joystick drivers: hidapi iokit mfi virtual
--   Camera drivers: coremedia dummy
--
-- If something was not detected, although the libraries
-- were installed, then make sure you have set the
-- CMAKE_C_FLAGS and CMAKE_PREFIX_PATH CMake variables correctly.
--
-- Configuring done (7.9s)
-- Generating done (1.8s)
-- Build files have been written to: /Users/worldbuilder/Desktop/Booter & BigARM/Engine/build/foundation
[  4%] Built target ozz_base
[  4%] Built target bx
[  4%] Built target engine_core
[  4%] Built target engine_miniaudio
[ 23%] Built target SDL3-static
[ 24%] Built target spirv-cross
[ 35%] Built target Jolt
[ 37%] Built target bimg
[ 38%] Built target engine_texture_data
[ 41%] Built target glslang
[ 41%] Building CXX object CMakeFiles/engine_state.dir/Source/Core/FixtureState.cpp.o
[ 41%] Built target engine_simulation
[ 42%] Building CXX object CMakeFiles/engine_state.dir/Source/Runtime/InspectionDocument.cpp.o
[ 60%] Built target spirv-opt
[ 61%] Built target ozz_animation
[ 61%] Built target engine_physics
[ 61%] Built target engine_audio
[ 62%] Built target engine_imgui
[ 63%] Built target engine_platform
[ 65%] Built target bgfx
[ 67%] Built target ozz_animation_offline
[ 67%] Built target engine_animation
[ 67%] Built target engine_game
[ 68%] Built target engine_world
[ 97%] Built target tint
[ 97%] Built target engine_world_save
[ 98%] Built target shaderc
[ 98%] Generating Shaders/vs_skin.bin
[ 98%] Generating Shaders/vs_skin_shadow.bin
[ 98%] Generating Shaders/vs_scene.bin
[ 98%] Generating Shaders/fs_shadow.bin
[100%] Generating Shaders/fs_scene.bin
[100%] Generating Shaders/vs_shadow.bin
[100%] Generating Shaders/fs_inspector.bin
[100%] Generating Shaders/vs_inspector.bin
[100%] Generating Shaders/vs_fullscreen.bin
[100%] Generating Shaders/fs_display.bin
[100%] Generating Shaders/fs_calibration.bin
[100%] Generating Shaders/fs_sky.bin
[100%] Generating Shaders/fs_texture_preview.bin
[100%] Built target engine_shaders
[100%] Linking CXX static library libengine_state.a
[100%] Built target engine_state
[100%] Building CXX object CMakeFiles/engine_rendering.dir/Source/Rendering/Renderer.cpp.o
[100%] Linking CXX static library libengine_rendering.a
[100%] Built target engine_rendering
[100%] Building CXX object CMakeFiles/engine_stream_scene.dir/Source/Rendering/StreamingScene.cpp.o
[100%] Linking CXX static library libengine_stream_scene.a
[100%] Built target engine_stream_scene
[100%] Building CXX object CMakeFiles/engine_workbench.dir/Apps/Workbench/main.cpp.o
[100%] Building CXX object CMakeFiles/engine_workbench.dir/Source/Rendering/InspectorRenderer.cpp.o
[100%] Building CXX object CMakeFiles/engine_workbench.dir/Source/Tools/InspectionWorkbench.cpp.o
In file included from /Users/worldbuilder/Desktop/Booter & BigARM/Engine/Apps/Workbench/main.cpp:1:
In file included from /Users/worldbuilder/Desktop/Booter & BigARM/Engine/Source/Rendering/StreamingScene.h:4:
In file included from /Users/worldbuilder/Desktop/Booter & BigARM/Engine/Source/World/Streaming/RegionStream.h:4:
/Users/worldbuilder/Desktop/Booter & BigARM/Engine/Source/Core/BoundedJobs.h:93:10: warning: misleading indentation; statement is not part of the previous 'for' [-Wmisleading-indentation]
   93 |         }return {};
      |          ^
/Users/worldbuilder/Desktop/Booter & BigARM/Engine/Source/Core/BoundedJobs.h:91:9: note: previous statement is here
   91 |         for(const auto& e:entries_)if(e->done&&!e->cancelled->load()&&budget.admit(e->bytes)){
      |         ^
1 warning generated.
[100%] Linking CXX executable engine_workbench
[100%] Built target engine_workbench
[  1%] Built target engine_core
[  3%] Built target bx
[  4%] Built target ozz_base
[  4%] Built target engine_miniaudio
[  5%] Built target spirv-cross
[  8%] Built target glslang
[ 20%] Built target Jolt
[ 22%] Built target bimg
[ 23%] Built target engine_texture_data
[ 25%] Built target engine_state
[ 43%] Built target SDL3-static
[ 43%] Built target engine_simulation
[ 44%] Built target ozz_animation
[ 44%] Built target engine_physics
[ 44%] Built target engine_audio
[ 62%] Built target spirv-opt
[ 63%] Built target engine_platform
[ 65%] Built target bgfx
[ 66%] Built target ozz_animation_offline
[ 66%] Built target engine_animation
[ 66%] Built target engine_game
[ 67%] Built target engine_world
[ 67%] Built target engine_rendering
[ 67%] Built target engine_world_save
[ 67%] Built target engine_stream_scene
[ 97%] Built target tint
[ 98%] Built target shaderc
[100%] Built target engine_shaders
[100%] Building CXX object CMakeFiles/engine_player.dir/Apps/Game/main.cpp.o
[100%] Linking CXX executable engine_player
[100%] Built target engine_player
[ 50%] Built target engine_core
[100%] Built target engine_state
[100%] Building CXX object CMakeFiles/engine_core_tests.dir/Tests/CoreTests.cpp.o
[100%] Linking CXX executable engine_core_tests
[100%] Built target engine_core_tests
[ 50%] Built target engine_core
[100%] Built target engine_state
[100%] Building CXX object CMakeFiles/engine_state_tests.dir/Tests/FixtureStateTests.cpp.o
[100%] Linking CXX executable engine_state_tests
[100%] Built target engine_state_tests
