[  0%] Built target engine_core
[  7%] Built target ozz_base
[  7%] Built target engine_texture_data
[  7%] Building CXX object CMakeFiles/engine_state.dir/Source/Core/FixtureState.cpp.o
[  7%] Building CXX object CMakeFiles/engine_state.dir/Source/Runtime/InspectionDocument.cpp.o
[ 15%] Built target ozz_animation
[ 23%] Built target ozz_animation_offline
[ 23%] Built target engine_animation
[ 23%] Building CXX object CMakeFiles/engine_world.dir/Source/World/Rocks/RockAsset.cpp.o
[ 23%] Linking CXX static library libengine_world.a
[100%] Built target Jolt
[100%] Built target engine_world
[100%] Building CXX object CMakeFiles/engine_physics.dir/Source/Physics/PhysicsWorld.cpp.o
[100%] Linking CXX static library libengine_state.a
[100%] Built target engine_state
[100%] Linking CXX static library libengine_physics.a
[100%] Built target engine_physics
[100%] Building CXX object CMakeFiles/engine_rock_workbench_tests.dir/Tests/RockWorkbenchTests.cpp.o
[100%] Linking CXX executable engine_rock_workbench_tests
[100%] Built target engine_rock_workbench_tests
[  0%] Built target engine_core
[  1%] Built target ozz_base
[  3%] Built target bx
[  4%] Built target engine_miniaudio
[ 15%] Built target Jolt
[ 16%] Built target spirv-cross
[ 37%] Built target SDL3-static
[ 41%] Built target glslang
[ 41%] Built target engine_texture_data
[ 43%] Built target bimg
[ 43%] Built target engine_simulation
[ 43%] Built target engine_state
[ 43%] Built target engine_physics
[ 44%] Built target ozz_animation
[ 44%] Built target engine_imgui
[ 44%] Built target engine_audio
[ 44%] Built target engine_platform
[ 46%] Built target ozz_animation_offline
[ 47%] Built target bgfx
[ 47%] Built target engine_animation
[ 47%] Built target engine_world
[ 47%] Building CXX object CMakeFiles/engine_game.dir/Source/Game/ThirdPersonCamera.cpp.o
[ 47%] Building CXX object CMakeFiles/engine_rendering.dir/Source/Rendering/Renderer.cpp.o
[ 65%] Built target spirv-opt
[ 65%] Building CXX object CMakeFiles/engine_game.dir/Source/Game/CalibrationRuntime.cpp.o
[ 65%] Building CXX object CMakeFiles/engine_game.dir/Source/Persistence/PlayerSnapshot.cpp.o
[ 65%] Linking CXX static library libengine_rendering.a
[ 65%] Built target engine_rendering
[ 96%] Built target tint
[ 97%] Built target shaderc
[ 98%] Built target engine_shaders
[ 98%] Linking CXX static library libengine_game.a
[ 98%] Built target engine_game
[ 98%] Building CXX object CMakeFiles/engine_workbench.dir/Source/Tools/InspectionWorkbench.cpp.o
[ 98%] Building CXX object CMakeFiles/engine_workbench.dir/Source/Tools/RockWorkbench.cpp.o
[ 98%] Building CXX object CMakeFiles/engine_workbench.dir/Source/Rendering/InspectorRenderer.cpp.o
[100%] Building CXX object CMakeFiles/engine_workbench.dir/Apps/Workbench/main.cpp.o
[100%] Linking CXX executable engine_workbench
[100%] Built target engine_workbench
