[  2%] Building CXX object dependencies/cmake/bx/CMakeFiles/bx.dir/Users/worldbuilder/Desktop/Booter_&_BigARM/Engine/.cache/probe-sources/bx/src/bounds.cpp.o
[  2%] Building CXX object dependencies/cmake/bx/CMakeFiles/bx.dir/Users/worldbuilder/Desktop/Booter_&_BigARM/Engine/.cache/probe-sources/bx/src/commandline.cpp.o
[  2%] Building CXX object dependencies/cmake/bx/CMakeFiles/bx.dir/Users/worldbuilder/Desktop/Booter_&_BigARM/Engine/.cache/probe-sources/bx/src/allocator.cpp.o
[  2%] Building CXX object dependencies/cmake/bx/CMakeFiles/bx.dir/Users/worldbuilder/Desktop/Booter_&_BigARM/Engine/.cache/probe-sources/bx/src/bx.cpp.o
[  4%] Building CXX object dependencies/cmake/bx/CMakeFiles/bx.dir/Users/worldbuilder/Desktop/Booter_&_BigARM/Engine/.cache/probe-sources/bx/src/crtnone.cpp.o
[  4%] Building CXX object dependencies/cmake/bx/CMakeFiles/bx.dir/Users/worldbuilder/Desktop/Booter_&_BigARM/Engine/.cache/probe-sources/bx/src/debug.cpp.o
[  6%] Building CXX object dependencies/cmake/bx/CMakeFiles/bx.dir/Users/worldbuilder/Desktop/Booter_&_BigARM/Engine/.cache/probe-sources/bx/src/dtoa.cpp.o
[  6%] Building CXX object dependencies/cmake/bx/CMakeFiles/bx.dir/Users/worldbuilder/Desktop/Booter_&_BigARM/Engine/.cache/probe-sources/bx/src/easing.cpp.o
[  6%] Building CXX object dependencies/cmake/bx/CMakeFiles/bx.dir/Users/worldbuilder/Desktop/Booter_&_BigARM/Engine/.cache/probe-sources/bx/src/file.cpp.o
[  8%] Building CXX object dependencies/cmake/bx/CMakeFiles/bx.dir/Users/worldbuilder/Desktop/Booter_&_BigARM/Engine/.cache/probe-sources/bx/src/filepath.cpp.o
[  8%] Building CXX object dependencies/cmake/bx/CMakeFiles/bx.dir/Users/worldbuilder/Desktop/Booter_&_BigARM/Engine/.cache/probe-sources/bx/src/hash.cpp.o
[ 11%] Building CXX object dependencies/cmake/bx/CMakeFiles/bx.dir/Users/worldbuilder/Desktop/Booter_&_BigARM/Engine/.cache/probe-sources/bx/src/math.cpp.o
[ 11%] Building CXX object dependencies/cmake/bx/CMakeFiles/bx.dir/Users/worldbuilder/Desktop/Booter_&_BigARM/Engine/.cache/probe-sources/bx/src/mutex.cpp.o
[ 13%] Building CXX object dependencies/cmake/bx/CMakeFiles/bx.dir/Users/worldbuilder/Desktop/Booter_&_BigARM/Engine/.cache/probe-sources/bx/src/os.cpp.o
[ 13%] Building CXX object dependencies/cmake/bx/CMakeFiles/bx.dir/Users/worldbuilder/Desktop/Booter_&_BigARM/Engine/.cache/probe-sources/bx/src/process.cpp.o
[ 13%] Building CXX object dependencies/cmake/bx/CMakeFiles/bx.dir/Users/worldbuilder/Desktop/Booter_&_BigARM/Engine/.cache/probe-sources/bx/src/scanner.cpp.o
[ 15%] Building CXX object dependencies/cmake/bx/CMakeFiles/bx.dir/Users/worldbuilder/Desktop/Booter_&_BigARM/Engine/.cache/probe-sources/bx/src/semaphore.cpp.o
[ 15%] Building CXX object dependencies/cmake/bx/CMakeFiles/bx.dir/Users/worldbuilder/Desktop/Booter_&_BigARM/Engine/.cache/probe-sources/bx/src/settings.cpp.o
[ 17%] Building CXX object dependencies/cmake/bx/CMakeFiles/bx.dir/Users/worldbuilder/Desktop/Booter_&_BigARM/Engine/.cache/probe-sources/bx/src/sort.cpp.o
[ 17%] Building CXX object dependencies/cmake/bx/CMakeFiles/bx.dir/Users/worldbuilder/Desktop/Booter_&_BigARM/Engine/.cache/probe-sources/bx/src/string.cpp.o
[ 17%] Building CXX object dependencies/cmake/bx/CMakeFiles/bx.dir/Users/worldbuilder/Desktop/Booter_&_BigARM/Engine/.cache/probe-sources/bx/src/thread.cpp.o
[ 17%] Building CXX object dependencies/cmake/bx/CMakeFiles/bx.dir/Users/worldbuilder/Desktop/Booter_&_BigARM/Engine/.cache/probe-sources/bx/src/url.cpp.o
[ 20%] Building CXX object dependencies/cmake/bx/CMakeFiles/bx.dir/Users/worldbuilder/Desktop/Booter_&_BigARM/Engine/.cache/probe-sources/bx/src/timer.cpp.o
[ 22%] Linking CXX static library libbx.a
[ 22%] Built target bx
[ 26%] Building C object dependencies/cmake/bimg/CMakeFiles/bimg_decode.dir/Users/worldbuilder/Desktop/Booter_&_BigARM/Engine/.cache/probe-sources/bimg/3rdparty/tinyexr/deps/miniz/miniz.c.o
[ 28%] Building CXX object dependencies/cmake/bimg/CMakeFiles/bimg_decode.dir/Users/worldbuilder/Desktop/Booter_&_BigARM/Engine/.cache/probe-sources/bimg/src/image_decode.cpp.o
[ 28%] Building CXX object dependencies/cmake/bimg/CMakeFiles/bimg.dir/Users/worldbuilder/Desktop/Booter_&_BigARM/Engine/.cache/probe-sources/bimg/3rdparty/astc-encoder/source/astcenc_averages_and_directions.cpp.o
[ 28%] Building CXX object dependencies/cmake/bimg/CMakeFiles/bimg_encode.dir/Users/worldbuilder/Desktop/Booter_&_BigARM/Engine/.cache/probe-sources/bimg/3rdparty/edtaa3/edtaa3func.cpp.o
[ 28%] Building CXX object dependencies/cmake/bimg/CMakeFiles/bimg_encode.dir/Users/worldbuilder/Desktop/Booter_&_BigARM/Engine/.cache/probe-sources/bimg/3rdparty/etc1/etc1.cpp.o
[ 31%] Building CXX object dependencies/cmake/bimg/CMakeFiles/bimg_encode.dir/Users/worldbuilder/Desktop/Booter_&_BigARM/Engine/.cache/probe-sources/bimg/3rdparty/etcpak/Dither.cpp.o
[ 31%] Building CXX object dependencies/cmake/bimg/CMakeFiles/bimg.dir/Users/worldbuilder/Desktop/Booter_&_BigARM/Engine/.cache/probe-sources/bimg/3rdparty/astc-encoder/source/astcenc_block_sizes.cpp.o
[ 31%] Building CXX object dependencies/cmake/bimg/CMakeFiles/bimg_decode.dir/Users/worldbuilder/Desktop/Booter_&_BigARM/Engine/.cache/probe-sources/bimg/src/image_decode_wic.cpp.o
[ 31%] Building CXX object dependencies/cmake/bimg/CMakeFiles/bimg_encode.dir/Users/worldbuilder/Desktop/Booter_&_BigARM/Engine/.cache/probe-sources/bimg/3rdparty/etcpak/ProcessRGB.cpp.o
[ 33%] Building C object dependencies/cmake/bimg/CMakeFiles/bimg_decode.dir/Users/worldbuilder/Desktop/Booter_&_BigARM/Engine/.cache/probe-sources/bimg/3rdparty/dav1d/dav1d-amalgamated.c.o
/Users/worldbuilder/Desktop/Booter & BigARM/Engine/.cache/probe-sources/bimg/3rdparty/etcpak/ProcessRGB.cpp:2728:25: warning: logical not is only applied to the left hand side of this bitwise operator [-Wlogical-not-parentheses]
 2728 |     bit = ( a & c ) | ( !a & b & c & d ) | ( a & b & !c & d );
      |                         ^  ~
/Users/worldbuilder/Desktop/Booter & BigARM/Engine/.cache/probe-sources/bimg/3rdparty/etcpak/ProcessRGB.cpp:2728:25: note: add parentheses after the '!' to evaluate the bitwise operator first
 2728 |     bit = ( a & c ) | ( !a & b & c & d ) | ( a & b & !c & d );
      |                         ^
      |                          (    )
/Users/worldbuilder/Desktop/Booter & BigARM/Engine/.cache/probe-sources/bimg/3rdparty/etcpak/ProcessRGB.cpp:2728:25: note: add parentheses around left hand side expression to silence this warning
 2728 |     bit = ( a & c ) | ( !a & b & c & d ) | ( a & b & !c & d );
      |                         ^
      |                         ( )
/Users/worldbuilder/Desktop/Booter & BigARM/Engine/.cache/probe-sources/bimg/3rdparty/etcpak/ProcessRGB.cpp:2731:50: warning: logical not is only applied to the left hand side of this bitwise operator [-Wlogical-not-parentheses]
 2731 |     thumbTW1 = ( thumbTW1 & ~( 0x1 << 26 ) ) | ( !bit & 0x1 ) << 26;
      |                                                  ^    ~
/Users/worldbuilder/Desktop/Booter & BigARM/Engine/.cache/probe-sources/bimg/3rdparty/etcpak/ProcessRGB.cpp:2731:50: note: add parentheses after the '!' to evaluate the bitwise operator first
 2731 |     thumbTW1 = ( thumbTW1 & ~( 0x1 << 26 ) ) | ( !bit & 0x1 ) << 26;
      |                                                  ^
      |                                                   (        )
/Users/worldbuilder/Desktop/Booter & BigARM/Engine/.cache/probe-sources/bimg/3rdparty/etcpak/ProcessRGB.cpp:2731:50: note: add parentheses around left hand side expression to silence this warning
 2731 |     thumbTW1 = ( thumbTW1 & ~( 0x1 << 26 ) ) | ( !bit & 0x1 ) << 26;
      |                                                  ^
      |                                                  (   )
/Users/worldbuilder/Desktop/Booter & BigARM/Engine/.cache/probe-sources/bimg/3rdparty/etcpak/ProcessRGB.cpp:2800:52: warning: logical not is only applied to the left hand side of this bitwise operator [-Wlogical-not-parentheses]
 2800 |     thumbHW1 = ( thumbHW1 & ~( 0x1 << 31 ) ) | ( ( !bit & 0x1 ) << 31 );
      |                                                    ^    ~
/Users/worldbuilder/Desktop/Booter & BigARM/Engine/.cache/probe-sources/bimg/3rdparty/etcpak/ProcessRGB.cpp:2800:52: note: add parentheses after the '!' to evaluate the bitwise operator first
 2800 |     thumbHW1 = ( thumbHW1 & ~( 0x1 << 31 ) ) | ( ( !bit & 0x1 ) << 31 );
      |                                                    ^
      |                                                     (        )
/Users/worldbuilder/Desktop/Booter & BigARM/Engine/.cache/probe-sources/bimg/3rdparty/etcpak/ProcessRGB.cpp:2800:52: note: add parentheses around left hand side expression to silence this warning
 2800 |     thumbHW1 = ( thumbHW1 & ~( 0x1 << 31 ) ) | ( ( !bit & 0x1 ) << 31 );
      |                                                    ^
      |                                                    (   )
/Users/worldbuilder/Desktop/Booter & BigARM/Engine/.cache/probe-sources/bimg/3rdparty/etcpak/ProcessRGB.cpp:2809:25: warning: logical not is only applied to the left hand side of this bitwise operator [-Wlogical-not-parentheses]
 2809 |     bit = ( a & c ) | ( !a & b & c & d ) | ( a & b & !c & d );
      |                         ^  ~
/Users/worldbuilder/Desktop/Booter & BigARM/Engine/.cache/probe-sources/bimg/3rdparty/etcpak/ProcessRGB.cpp:2809:25: note: add parentheses after the '!' to evaluate the bitwise operator first
 2809 |     bit = ( a & c ) | ( !a & b & c & d ) | ( a & b & !c & d );
      |                         ^
      |                          (    )
/Users/worldbuilder/Desktop/Booter & BigARM/Engine/.cache/probe-sources/bimg/3rdparty/etcpak/ProcessRGB.cpp:2809:25: note: add parentheses around left hand side expression to silence this warning
 2809 |     bit = ( a & c ) | ( !a & b & c & d ) | ( a & b & !c & d );
      |                         ^
      |                         ( )
/Users/worldbuilder/Desktop/Booter & BigARM/Engine/.cache/probe-sources/bimg/3rdparty/etcpak/ProcessRGB.cpp:2812:52: warning: logical not is only applied to the left hand side of this bitwise operator [-Wlogical-not-parentheses]
 2812 |     thumbHW1 = ( thumbHW1 & ~( 0x1 << 18 ) ) | ( ( !bit & 0x1 ) << 18 );
      |                                                    ^    ~
/Users/worldbuilder/Desktop/Booter & BigARM/Engine/.cache/probe-sources/bimg/3rdparty/etcpak/ProcessRGB.cpp:2812:52: note: add parentheses after the '!' to evaluate the bitwise operator first
 2812 |     thumbHW1 = ( thumbHW1 & ~( 0x1 << 18 ) ) | ( ( !bit & 0x1 ) << 18 );
      |                                                    ^
      |                                                     (        )
/Users/worldbuilder/Desktop/Booter & BigARM/Engine/.cache/probe-sources/bimg/3rdparty/etcpak/ProcessRGB.cpp:2812:52: note: add parentheses around left hand side expression to silence this warning
 2812 |     thumbHW1 = ( thumbHW1 & ~( 0x1 << 18 ) ) | ( ( !bit & 0x1 ) << 18 );
      |                                                    ^
      |                                                    (   )
[ 33%] Building CXX object dependencies/cmake/bimg/CMakeFiles/bimg.dir/Users/worldbuilder/Desktop/Booter_&_BigARM/Engine/.cache/probe-sources/bimg/3rdparty/astc-encoder/source/astcenc_color_quantize.cpp.o
5 warnings generated.
[ 33%] Building CXX object dependencies/cmake/bimg/CMakeFiles/bimg_encode.dir/Users/worldbuilder/Desktop/Booter_&_BigARM/Engine/.cache/probe-sources/bimg/3rdparty/etcpak/Tables.cpp.o
[ 35%] Building C object dependencies/cmake/bimg/CMakeFiles/bimg_encode.dir/Users/worldbuilder/Desktop/Booter_&_BigARM/Engine/.cache/probe-sources/bimg/3rdparty/iqa/source/convolve.c.o
[ 35%] Building C object dependencies/cmake/bimg/CMakeFiles/bimg_encode.dir/Users/worldbuilder/Desktop/Booter_&_BigARM/Engine/.cache/probe-sources/bimg/3rdparty/iqa/source/decimate.c.o
[ 37%] Building C object dependencies/cmake/bimg/CMakeFiles/bimg_encode.dir/Users/worldbuilder/Desktop/Booter_&_BigARM/Engine/.cache/probe-sources/bimg/3rdparty/iqa/source/math_utils.c.o
[ 37%] Building C object dependencies/cmake/bimg/CMakeFiles/bimg_encode.dir/Users/worldbuilder/Desktop/Booter_&_BigARM/Engine/.cache/probe-sources/bimg/3rdparty/iqa/source/ms_ssim.c.o
[ 40%] Building C object dependencies/cmake/bimg/CMakeFiles/bimg_encode.dir/Users/worldbuilder/Desktop/Booter_&_BigARM/Engine/.cache/probe-sources/bimg/3rdparty/iqa/source/mse.c.o
[ 42%] Building CXX object dependencies/cmake/bimg/CMakeFiles/bimg.dir/Users/worldbuilder/Desktop/Booter_&_BigARM/Engine/.cache/probe-sources/bimg/3rdparty/astc-encoder/source/astcenc_color_unquantize.cpp.o
[ 42%] Building C object dependencies/cmake/bimg/CMakeFiles/bimg_encode.dir/Users/worldbuilder/Desktop/Booter_&_BigARM/Engine/.cache/probe-sources/bimg/3rdparty/iqa/source/psnr.c.o
[ 42%] Building C object dependencies/cmake/bimg/CMakeFiles/bimg_encode.dir/Users/worldbuilder/Desktop/Booter_&_BigARM/Engine/.cache/probe-sources/bimg/3rdparty/iqa/source/ssim.c.o
[ 44%] Building CXX object dependencies/cmake/bimg/CMakeFiles/bimg_encode.dir/Users/worldbuilder/Desktop/Booter_&_BigARM/Engine/.cache/probe-sources/bimg/3rdparty/libsquish/alpha.cpp.o
[ 44%] Building CXX object dependencies/cmake/bimg/CMakeFiles/bimg_encode.dir/Users/worldbuilder/Desktop/Booter_&_BigARM/Engine/.cache/probe-sources/bimg/3rdparty/libsquish/clusterfit.cpp.o
[ 44%] Building CXX object dependencies/cmake/bimg/CMakeFiles/bimg.dir/Users/worldbuilder/Desktop/Booter_&_BigARM/Engine/.cache/probe-sources/bimg/3rdparty/astc-encoder/source/astcenc_compress_symbolic.cpp.o
[ 46%] Building CXX object dependencies/cmake/bimg/CMakeFiles/bimg_encode.dir/Users/worldbuilder/Desktop/Booter_&_BigARM/Engine/.cache/probe-sources/bimg/3rdparty/libsquish/colourblock.cpp.o
[ 48%] Building CXX object dependencies/cmake/bimg/CMakeFiles/bimg.dir/Users/worldbuilder/Desktop/Booter_&_BigARM/Engine/.cache/probe-sources/bimg/3rdparty/astc-encoder/source/astcenc_compute_variance.cpp.o
[ 48%] Building C object dependencies/cmake/bimg/CMakeFiles/bimg_decode.dir/Users/worldbuilder/Desktop/Booter_&_BigARM/Engine/.cache/probe-sources/bimg/3rdparty/dav1d/dav1d-bitdepth-8.c.o
[ 48%] Building CXX object dependencies/cmake/bimg/CMakeFiles/bimg_encode.dir/Users/worldbuilder/Desktop/Booter_&_BigARM/Engine/.cache/probe-sources/bimg/3rdparty/libsquish/colourfit.cpp.o
[ 48%] Building CXX object dependencies/cmake/bimg/CMakeFiles/bimg.dir/Users/worldbuilder/Desktop/Booter_&_BigARM/Engine/.cache/probe-sources/bimg/3rdparty/astc-encoder/source/astcenc_decompress_symbolic.cpp.o
[ 51%] Building CXX object dependencies/cmake/bimg/CMakeFiles/bimg_encode.dir/Users/worldbuilder/Desktop/Booter_&_BigARM/Engine/.cache/probe-sources/bimg/3rdparty/libsquish/colourset.cpp.o
[ 53%] Building CXX object dependencies/cmake/bimg/CMakeFiles/bimg.dir/Users/worldbuilder/Desktop/Booter_&_BigARM/Engine/.cache/probe-sources/bimg/3rdparty/astc-encoder/source/astcenc_diagnostic_trace.cpp.o
[ 53%] Building CXX object dependencies/cmake/bimg/CMakeFiles/bimg.dir/Users/worldbuilder/Desktop/Booter_&_BigARM/Engine/.cache/probe-sources/bimg/3rdparty/astc-encoder/source/astcenc_entry.cpp.o
[ 53%] Building CXX object dependencies/cmake/bimg/CMakeFiles/bimg_encode.dir/Users/worldbuilder/Desktop/Booter_&_BigARM/Engine/.cache/probe-sources/bimg/3rdparty/libsquish/maths.cpp.o
[ 53%] Building C object dependencies/cmake/bimg/CMakeFiles/bimg_decode.dir/Users/worldbuilder/Desktop/Booter_&_BigARM/Engine/.cache/probe-sources/bimg/3rdparty/dav1d/dav1d-bitdepth-16.c.o
[ 53%] Building CXX object dependencies/cmake/bimg/CMakeFiles/bimg_encode.dir/Users/worldbuilder/Desktop/Booter_&_BigARM/Engine/.cache/probe-sources/bimg/3rdparty/libsquish/rangefit.cpp.o
[ 53%] Building CXX object dependencies/cmake/bimg/CMakeFiles/bimg.dir/Users/worldbuilder/Desktop/Booter_&_BigARM/Engine/.cache/probe-sources/bimg/3rdparty/astc-encoder/source/astcenc_find_best_partitioning.cpp.o
[ 55%] Building CXX object dependencies/cmake/bimg/CMakeFiles/bimg_encode.dir/Users/worldbuilder/Desktop/Booter_&_BigARM/Engine/.cache/probe-sources/bimg/3rdparty/libsquish/singlecolourfit.cpp.o
[ 57%] Building CXX object dependencies/cmake/bimg/CMakeFiles/bimg.dir/Users/worldbuilder/Desktop/Booter_&_BigARM/Engine/.cache/probe-sources/bimg/3rdparty/astc-encoder/source/astcenc_ideal_endpoints_and_weights.cpp.o
[ 57%] Building CXX object dependencies/cmake/bimg/CMakeFiles/bimg_encode.dir/Users/worldbuilder/Desktop/Booter_&_BigARM/Engine/.cache/probe-sources/bimg/3rdparty/libsquish/squish.cpp.o
[ 57%] Building CXX object dependencies/cmake/bimg/CMakeFiles/bimg.dir/Users/worldbuilder/Desktop/Booter_&_BigARM/Engine/.cache/probe-sources/bimg/3rdparty/astc-encoder/source/astcenc_image.cpp.o
[ 60%] Building C object dependencies/cmake/bimg/CMakeFiles/bimg_decode.dir/Users/worldbuilder/Desktop/Booter_&_BigARM/Engine/.cache/probe-sources/bimg/3rdparty/libavif/libavif-amalgamated.c.o
[ 62%] Building CXX object dependencies/cmake/bimg/CMakeFiles/bimg_encode.dir/Users/worldbuilder/Desktop/Booter_&_BigARM/Engine/.cache/probe-sources/bimg/3rdparty/nvtt/bc6h/zoh.cpp.o
[ 64%] Building CXX object dependencies/cmake/bimg/CMakeFiles/bimg.dir/Users/worldbuilder/Desktop/Booter_&_BigARM/Engine/.cache/probe-sources/bimg/3rdparty/astc-encoder/source/astcenc_integer_sequence.cpp.o
[ 64%] Building CXX object dependencies/cmake/bimg/CMakeFiles/bimg_encode.dir/Users/worldbuilder/Desktop/Booter_&_BigARM/Engine/.cache/probe-sources/bimg/3rdparty/nvtt/bc6h/zoh_utils.cpp.o
[ 66%] Building CXX object dependencies/cmake/bimg/CMakeFiles/bimg_encode.dir/Users/worldbuilder/Desktop/Booter_&_BigARM/Engine/.cache/probe-sources/bimg/3rdparty/nvtt/bc6h/zohone.cpp.o
[ 66%] Building CXX object dependencies/cmake/bimg/CMakeFiles/bimg_encode.dir/Users/worldbuilder/Desktop/Booter_&_BigARM/Engine/.cache/probe-sources/bimg/3rdparty/nvtt/bc6h/zohtwo.cpp.o
[ 66%] Building CXX object dependencies/cmake/bimg/CMakeFiles/bimg_encode.dir/Users/worldbuilder/Desktop/Booter_&_BigARM/Engine/.cache/probe-sources/bimg/3rdparty/nvtt/bc7/avpcl.cpp.o
[ 66%] Building CXX object dependencies/cmake/bimg/CMakeFiles/bimg.dir/Users/worldbuilder/Desktop/Booter_&_BigARM/Engine/.cache/probe-sources/bimg/3rdparty/astc-encoder/source/astcenc_mathlib.cpp.o
[ 68%] Building CXX object dependencies/cmake/bimg/CMakeFiles/bimg_encode.dir/Users/worldbuilder/Desktop/Booter_&_BigARM/Engine/.cache/probe-sources/bimg/3rdparty/nvtt/bc7/avpcl_mode0.cpp.o
[ 68%] Building CXX object dependencies/cmake/bimg/CMakeFiles/bimg_encode.dir/Users/worldbuilder/Desktop/Booter_&_BigARM/Engine/.cache/probe-sources/bimg/3rdparty/nvtt/bc7/avpcl_mode1.cpp.o
[ 71%] Building CXX object dependencies/cmake/bimg/CMakeFiles/bimg.dir/Users/worldbuilder/Desktop/Booter_&_BigARM/Engine/.cache/probe-sources/bimg/3rdparty/astc-encoder/source/astcenc_mathlib_softfloat.cpp.o
[ 71%] Building CXX object dependencies/cmake/bimg/CMakeFiles/bimg.dir/Users/worldbuilder/Desktop/Booter_&_BigARM/Engine/.cache/probe-sources/bimg/3rdparty/astc-encoder/source/astcenc_partition_tables.cpp.o
[ 73%] Building CXX object dependencies/cmake/bimg/CMakeFiles/bimg_encode.dir/Users/worldbuilder/Desktop/Booter_&_BigARM/Engine/.cache/probe-sources/bimg/3rdparty/nvtt/bc7/avpcl_mode2.cpp.o
[ 73%] Building CXX object dependencies/cmake/bimg/CMakeFiles/bimg_encode.dir/Users/worldbuilder/Desktop/Booter_&_BigARM/Engine/.cache/probe-sources/bimg/3rdparty/nvtt/bc7/avpcl_mode3.cpp.o
[ 75%] Building CXX object dependencies/cmake/bimg/CMakeFiles/bimg_encode.dir/Users/worldbuilder/Desktop/Booter_&_BigARM/Engine/.cache/probe-sources/bimg/3rdparty/nvtt/bc7/avpcl_mode4.cpp.o
[ 75%] Building CXX object dependencies/cmake/bimg/CMakeFiles/bimg_encode.dir/Users/worldbuilder/Desktop/Booter_&_BigARM/Engine/.cache/probe-sources/bimg/3rdparty/nvtt/bc7/avpcl_mode5.cpp.o
[ 75%] Building CXX object dependencies/cmake/bimg/CMakeFiles/bimg.dir/Users/worldbuilder/Desktop/Booter_&_BigARM/Engine/.cache/probe-sources/bimg/3rdparty/astc-encoder/source/astcenc_percentile_tables.cpp.o
[ 75%] Building CXX object dependencies/cmake/bimg/CMakeFiles/bimg_encode.dir/Users/worldbuilder/Desktop/Booter_&_BigARM/Engine/.cache/probe-sources/bimg/3rdparty/nvtt/bc7/avpcl_mode6.cpp.o
[ 77%] Building CXX object dependencies/cmake/bimg/CMakeFiles/bimg_encode.dir/Users/worldbuilder/Desktop/Booter_&_BigARM/Engine/.cache/probe-sources/bimg/3rdparty/nvtt/bc7/avpcl_mode7.cpp.o
[ 77%] Linking CXX static library libbimg_decode.a
[ 80%] Building CXX object dependencies/cmake/bimg/CMakeFiles/bimg.dir/Users/worldbuilder/Desktop/Booter_&_BigARM/Engine/.cache/probe-sources/bimg/3rdparty/astc-encoder/source/astcenc_pick_best_endpoint_format.cpp.o
[ 80%] Built target bimg_decode
[ 80%] Building CXX object dependencies/cmake/bimg/CMakeFiles/bimg_encode.dir/Users/worldbuilder/Desktop/Booter_&_BigARM/Engine/.cache/probe-sources/bimg/3rdparty/nvtt/bc7/avpcl_utils.cpp.o
[ 82%] Building CXX object dependencies/cmake/bimg/CMakeFiles/bimg_encode.dir/Users/worldbuilder/Desktop/Booter_&_BigARM/Engine/.cache/probe-sources/bimg/3rdparty/nvtt/nvmath/fitting.cpp.o
[ 82%] Building CXX object dependencies/cmake/bimg/CMakeFiles/bimg_encode.dir/Users/worldbuilder/Desktop/Booter_&_BigARM/Engine/.cache/probe-sources/bimg/3rdparty/nvtt/nvtt.cpp.o
/Users/worldbuilder/Desktop/Booter & BigARM/Engine/.cache/probe-sources/bimg/3rdparty/nvtt/nvmath/fitting.cpp:698:9: warning: first argument in call to 'memcpy' is a pointer to non-trivially copyable type 'Matrix' [-Wnontrivial-memcall]
  698 |         memcpy(&A, mat, sizeof(float)*n*n);
      |                ^
/Users/worldbuilder/Desktop/Booter & BigARM/Engine/.cache/probe-sources/bimg/3rdparty/nvtt/nvmath/fitting.cpp:698:9: note: explicitly cast the pointer to silence this warning
  698 |         memcpy(&A, mat, sizeof(float)*n*n);
      |                ^
      |                (void*)
[ 82%] Building CXX object dependencies/cmake/bimg/CMakeFiles/bimg.dir/Users/worldbuilder/Desktop/Booter_&_BigARM/Engine/.cache/probe-sources/bimg/3rdparty/astc-encoder/source/astcenc_quantization.cpp.o
[ 84%] Building CXX object dependencies/cmake/bimg/CMakeFiles/bimg_encode.dir/Users/worldbuilder/Desktop/Booter_&_BigARM/Engine/.cache/probe-sources/bimg/3rdparty/pvrtc/BitScale.cpp.o
[ 86%] Building CXX object dependencies/cmake/bimg/CMakeFiles/bimg.dir/Users/worldbuilder/Desktop/Booter_&_BigARM/Engine/.cache/probe-sources/bimg/3rdparty/astc-encoder/source/astcenc_symbolic_physical.cpp.o
1 warning generated.
[ 86%] Building CXX object dependencies/cmake/bimg/CMakeFiles/bimg_encode.dir/Users/worldbuilder/Desktop/Booter_&_BigARM/Engine/.cache/probe-sources/bimg/3rdparty/pvrtc/MortonTable.cpp.o
[ 86%] Building CXX object dependencies/cmake/bimg/CMakeFiles/bimg_encode.dir/Users/worldbuilder/Desktop/Booter_&_BigARM/Engine/.cache/probe-sources/bimg/3rdparty/pvrtc/PvrTcDecoder.cpp.o
[ 86%] Building CXX object dependencies/cmake/bimg/CMakeFiles/bimg.dir/Users/worldbuilder/Desktop/Booter_&_BigARM/Engine/.cache/probe-sources/bimg/3rdparty/astc-encoder/source/astcenc_weight_align.cpp.o
[ 88%] Building CXX object dependencies/cmake/bimg/CMakeFiles/bimg_encode.dir/Users/worldbuilder/Desktop/Booter_&_BigARM/Engine/.cache/probe-sources/bimg/3rdparty/pvrtc/PvrTcEncoder.cpp.o
[ 91%] Building CXX object dependencies/cmake/bimg/CMakeFiles/bimg.dir/Users/worldbuilder/Desktop/Booter_&_BigARM/Engine/.cache/probe-sources/bimg/3rdparty/astc-encoder/source/astcenc_weight_quant_xfer_tables.cpp.o
[ 91%] Building CXX object dependencies/cmake/bimg/CMakeFiles/bimg_encode.dir/Users/worldbuilder/Desktop/Booter_&_BigARM/Engine/.cache/probe-sources/bimg/3rdparty/pvrtc/PvrTcPacket.cpp.o
[ 93%] Building CXX object dependencies/cmake/bimg/CMakeFiles/bimg_encode.dir/Users/worldbuilder/Desktop/Booter_&_BigARM/Engine/.cache/probe-sources/bimg/src/image_cubemap_filter.cpp.o
[ 93%] Building C object dependencies/cmake/bimg/CMakeFiles/bimg.dir/Users/worldbuilder/Desktop/Booter_&_BigARM/Engine/.cache/probe-sources/bimg/3rdparty/tinyexr/deps/miniz/miniz.c.o
[ 93%] Building CXX object dependencies/cmake/bimg/CMakeFiles/bimg.dir/Users/worldbuilder/Desktop/Booter_&_BigARM/Engine/.cache/probe-sources/bimg/src/image.cpp.o
[ 93%] Building CXX object dependencies/cmake/bimg/CMakeFiles/bimg_encode.dir/Users/worldbuilder/Desktop/Booter_&_BigARM/Engine/.cache/probe-sources/bimg/src/image_encode.cpp.o
[ 95%] Linking CXX static library libbimg.a
[ 95%] Built target bimg
[ 97%] Linking CXX static library libbimg_encode.a
[ 97%] Built target bimg_encode
[100%] Building CXX object dependencies/cmake/bimg/CMakeFiles/texturec.dir/Users/worldbuilder/Desktop/Booter_&_BigARM/Engine/.cache/probe-sources/bimg/tools/texturec/texturec.cpp.o
[100%] Linking CXX executable texturec
[100%] Built target texturec
[ 47%] Built target bx
[100%] Built target bimg
[100%] Building CXX object CMakeFiles/texture_inspect.dir/inspect.cpp.o
[100%] Linking CXX executable texture_inspect
[100%] Built target texture_inspect
