-- Installing: /Users/worldbuilder/Desktop/Booter & BigARM/Engine/out/player-skeleton/bin/engine_player
-- Installing: /Users/worldbuilder/Desktop/Booter & BigARM/Engine/out/player-skeleton/bin/engine_workbench
-- Installing: /Users/worldbuilder/Desktop/Booter & BigARM/Engine/out/player-skeleton/bin/Shaders
-- Installing: /Users/worldbuilder/Desktop/Booter & BigARM/Engine/out/player-skeleton/bin/Shaders/vs_skin.bin
-- Installing: /Users/worldbuilder/Desktop/Booter & BigARM/Engine/out/player-skeleton/bin/Shaders/vs_scene.bin
-- Installing: /Users/worldbuilder/Desktop/Booter & BigARM/Engine/out/player-skeleton/bin/Shaders/vs_fullscreen.bin
-- Installing: /Users/worldbuilder/Desktop/Booter & BigARM/Engine/out/player-skeleton/bin/Shaders/vs_skin_shadow.bin
-- Installing: /Users/worldbuilder/Desktop/Booter & BigARM/Engine/out/player-skeleton/bin/Shaders/fs_texture_preview.bin
-- Installing: /Users/worldbuilder/Desktop/Booter & BigARM/Engine/out/player-skeleton/bin/Shaders/fs_inspector.bin
-- Installing: /Users/worldbuilder/Desktop/Booter & BigARM/Engine/out/player-skeleton/bin/Shaders/fs_calibration.bin
-- Installing: /Users/worldbuilder/Desktop/Booter & BigARM/Engine/out/player-skeleton/bin/Shaders/vs_shadow.bin
-- Installing: /Users/worldbuilder/Desktop/Booter & BigARM/Engine/out/player-skeleton/bin/Shaders/vs_inspector.bin
-- Installing: /Users/worldbuilder/Desktop/Booter & BigARM/Engine/out/player-skeleton/bin/Shaders/fs_scene.bin
-- Installing: /Users/worldbuilder/Desktop/Booter & BigARM/Engine/out/player-skeleton/bin/Shaders/fs_shadow.bin
-- Installing: /Users/worldbuilder/Desktop/Booter & BigARM/Engine/out/player-skeleton/bin/Shaders/fs_display.bin
-- Installing: /Users/worldbuilder/Desktop/Booter & BigARM/Engine/out/player-skeleton/share/engine/licenses
-- Installing: /Users/worldbuilder/Desktop/Booter & BigARM/Engine/out/player-skeleton/share/engine/licenses/jolt.txt
-- Installing: /Users/worldbuilder/Desktop/Booter & BigARM/Engine/out/player-skeleton/share/engine/licenses/imgui.txt
-- Installing: /Users/worldbuilder/Desktop/Booter & BigARM/Engine/out/player-skeleton/share/engine/licenses/fastgltf.txt
-- Installing: /Users/worldbuilder/Desktop/Booter & BigARM/Engine/out/player-skeleton/share/engine/licenses/sdl.txt
-- Installing: /Users/worldbuilder/Desktop/Booter & BigARM/Engine/out/player-skeleton/share/engine/licenses/ozz.txt
-- Installing: /Users/worldbuilder/Desktop/Booter & BigARM/Engine/out/player-skeleton/share/engine/licenses/bgfx.txt
-- Installing: /Users/worldbuilder/Desktop/Booter & BigARM/Engine/out/player-skeleton/share/engine/licenses/simdjson.txt
-- Installing: /Users/worldbuilder/Desktop/Booter & BigARM/Engine/out/player-skeleton/share/engine/licenses/bimg.txt
-- Installing: /Users/worldbuilder/Desktop/Booter & BigARM/Engine/out/player-skeleton/share/engine/licenses/EnTT-LICENSE.txt
-- Installing: /Users/worldbuilder/Desktop/Booter & BigARM/Engine/out/player-skeleton/share/engine/licenses/bx.txt
-- Installing: /Users/worldbuilder/Desktop/Booter & BigARM/Engine/out/player-skeleton/share/engine/licenses/nlohmann_json.txt
-- Installing: /Users/worldbuilder/Desktop/Booter & BigARM/Engine/out/player-skeleton/share/engine/licenses/miniaudio.txt
-- Installing: /Users/worldbuilder/Desktop/Booter & BigARM/Engine/out/player-skeleton/share/engine/licenses/bgfx_cmake.txt
{
  "package": "/Users/worldbuilder/Desktop/Booter & BigARM/Engine/out/player-skeleton",
  "payload_files": 29
}
